classification=CANDIDATE_ORDERED_MEMBERSHIP
mode=ceremony_groth16
prover=local_cuda_explicit
row=254
trapdoor_flag_expected=1
sp1_circuit_version=v6.1.0
cycle_limit=4400000000
raw_bytes=24472000 raw_sha256=64b4600941efbd9b8af2ceaafb221edb69005a28f09119a491029875c477c474
guest_elf_bytes=1171416 guest_elf_sha256=8bcadf5373742e92eb36535680e4b9f092c00fdcf9a8f7171678c49b170f11db
sp1_vkey=0x0019d16cfe911d943315c04235c792fcccc3e0759aa3095a941b8508178e0490
setup_elapsed_ms=24050
Setting environment variables took 84.892µs
Reading R1CS took 21.953311649s
Reading proving key took 4.295557204s
Reading witness file took 606.166µs
Deserializing JSON data took 26.478048ms
Generating witness took 974.370647ms
[90m04:30:35[0m DBG constraint system solver done [36mnbConstraints=[0m15972262 [36mtook=[0m4905.93454
[90m04:30:46[0m DBG prover done [36macceleration=[0mnone [36mbackend=[0mgroth16 [36mcurve=[0mbn254 [36mnbConstraints=[0m15972262 [36mtook=[0m11035.06168
Generating proof took 15.941275536s
[90m04:30:46[0m [33mWRN[0m [1mignoring uninitialized slice[0m [36mslice name=[0mVars [36mslice type=[0m[]frontend.Variable
[90m04:30:46[0m [33mWRN[0m [1mignoring uninitialized slice[0m [36mslice name=[0mVars [36mslice type=[0m[]frontend.Variable
[90m04:30:46[0m [33mWRN[0m [1mignoring uninitialized slice[0m [36mslice name=[0mVars [36mslice type=[0m[]frontend.Variable
[90m04:30:46[0m DBG verifier done [36mbackend=[0mgroth16 [36mcurve=[0mbn254 [36mtook=[0m0.871263
oracle=independent_row_254 checked=1101 circuit_derived=0
oracle_note=pose verdict 3, head saturation 0, logit sums [-9849, -19479, -8498, 11990, -5743, -1439, 353, -10028, 6315, 666, -45423] match the audited parity vectors
oracle_note=typed context, typed root and uncropped commitment match row_oracle.py; coupling score numerator 72551567 (denominator 4) is circuit-derived
public_values_bytes=1101
public_values_sha256=6dad15db8a01c439d4ceea94f6323d92efc6de5597726c8097016f4ecb86feb6
prove_elapsed_ms=784485
verify_and_tamper_elapsed_ms=365
host_peak_rss_kib=Some(113760)
proof_output=/home/c/Documents/BOSUN/scratch/joined_build_20260901/proofs_fleet_20260902/row_254_groth16.bin
proof_bytes=2794 proof_sha256=6d8fc0ad9f33d90720b086ecfe424e78150e01c2544e0f3fc9e79c01ad969d6b
verified_proof=true
proof_generated=true
