classification=CANDIDATE_ORDERED_MEMBERSHIP
mode=ceremony_groth16
prover=local_cuda_explicit
row=68
trapdoor_flag_expected=1
sp1_circuit_version=v6.1.0
cycle_limit=4400000000
raw_bytes=24472000 raw_sha256=6bf40475ab002bd0751fcc9c4d2e5db5f83703c0cb64d761c6220e8dd21cb159
guest_elf_bytes=1171416 guest_elf_sha256=8bcadf5373742e92eb36535680e4b9f092c00fdcf9a8f7171678c49b170f11db
sp1_vkey=0x0019d16cfe911d943315c04235c792fcccc3e0759aa3095a941b8508178e0490
setup_elapsed_ms=22888
Setting environment variables took 77.372µs
Reading R1CS took 23.071252422s
Reading proving key took 4.336336206s
Reading witness file took 606.957µs
Deserializing JSON data took 26.58985ms
Generating witness took 868.05232ms
[90m22:52:13[0m DBG constraint system solver done [36mnbConstraints=[0m15972262 [36mtook=[0m4997.045885
[90m22:52:24[0m DBG prover done [36macceleration=[0mnone [36mbackend=[0mgroth16 [36mcurve=[0mbn254 [36mnbConstraints=[0m15972262 [36mtook=[0m11323.238204
Generating proof took 16.320595777s
[90m22:52:24[0m [33mWRN[0m [1mignoring uninitialized slice[0m [36mslice name=[0mVars [36mslice type=[0m[]frontend.Variable
[90m22:52:24[0m [33mWRN[0m [1mignoring uninitialized slice[0m [36mslice name=[0mVars [36mslice type=[0m[]frontend.Variable
[90m22:52:24[0m [33mWRN[0m [1mignoring uninitialized slice[0m [36mslice name=[0mVars [36mslice type=[0m[]frontend.Variable
[90m22:52:24[0m DBG verifier done [36mbackend=[0mgroth16 [36mcurve=[0mbn254 [36mtook=[0m0.851253
oracle=independent_row_68 checked=1101 circuit_derived=0
oracle_note=pose verdict 0, head saturation 0, logit sums [6069, -11210, -1729, -55, -2186, -4771, -23118, -18248, -18955, -1185, -8401] match the audited parity vectors
oracle_note=typed context, typed root and uncropped commitment match row_oracle.py; coupling score numerator 47090360 (denominator 4) is circuit-derived
public_values_bytes=1101
public_values_sha256=8d31b9e59ec354bfbcca5c0649685f5cf09ccf01029dba65363445e7309d0eb6
prove_elapsed_ms=790404
verify_and_tamper_elapsed_ms=364
host_peak_rss_kib=Some(114020)
proof_output=/home/c/Documents/BOSUN/scratch/joined_build_20260901/proofs_fleet_20260902/row_068_groth16.bin
proof_bytes=2794 proof_sha256=a50a808d315892acdcc1befc0fb23ffae667c19c8514f2aafe9c97436f8090ef
verified_proof=true
proof_generated=true
