classification=CANDIDATE_ORDERED_MEMBERSHIP
mode=ceremony_groth16
prover=local_cuda_explicit
row=246
trapdoor_flag_expected=1
sp1_circuit_version=v6.1.0
cycle_limit=4400000000
raw_bytes=24472000 raw_sha256=029d25baed43f7c1af040779abb893405999a0ed2edcc5dbefaf3096c4bd1a19
guest_elf_bytes=1171416 guest_elf_sha256=8bcadf5373742e92eb36535680e4b9f092c00fdcf9a8f7171678c49b170f11db
sp1_vkey=0x0019d16cfe911d943315c04235c792fcccc3e0759aa3095a941b8508178e0490
setup_elapsed_ms=24471
Setting environment variables took 15.04µs
Reading R1CS took 24.70761102s
Reading proving key took 4.574217533s
Reading witness file took 629.377µs
Deserializing JSON data took 39.69539ms
Generating witness took 891.386381ms
[90m04:17:04[0m DBG constraint system solver done [36mnbConstraints=[0m15972262 [36mtook=[0m5370.964865
[90m04:17:16[0m DBG prover done [36macceleration=[0mnone [36mbackend=[0mgroth16 [36mcurve=[0mbn254 [36mnbConstraints=[0m15972262 [36mtook=[0m12430.251252
Generating proof took 17.801494413s
[90m04:17:16[0m [33mWRN[0m [1mignoring uninitialized slice[0m [36mslice name=[0mVars [36mslice type=[0m[]frontend.Variable
[90m04:17:16[0m [33mWRN[0m [1mignoring uninitialized slice[0m [36mslice name=[0mVars [36mslice type=[0m[]frontend.Variable
[90m04:17:16[0m [33mWRN[0m [1mignoring uninitialized slice[0m [36mslice name=[0mVars [36mslice type=[0m[]frontend.Variable
[90m04:17:16[0m DBG verifier done [36mbackend=[0mgroth16 [36mcurve=[0mbn254 [36mtook=[0m0.863653
oracle=independent_row_246 checked=1101 circuit_derived=0
oracle_note=pose verdict 3, head saturation 0, logit sums [-11349, -31664, -11569, 12075, -143, -2669, 2679, -21901, 2743, 229, -42237] match the audited parity vectors
oracle_note=typed context, typed root and uncropped commitment match row_oracle.py; coupling score numerator 55120937 (denominator 4) is circuit-derived
public_values_bytes=1101
public_values_sha256=d299b6876673d04c5d1fcc57918fe15211bae0cde6694204a765b24f651ab9d0
prove_elapsed_ms=779767
verify_and_tamper_elapsed_ms=368
host_peak_rss_kib=Some(114000)
proof_output=/home/c/Documents/BOSUN/scratch/joined_build_20260901/proofs_fleet_20260902/row_246_groth16.bin
proof_bytes=2794 proof_sha256=7e74979b8a266afca57d0819235a4972613abc3e9a1a4d105a3f1e494a4dbdf1
verified_proof=true
proof_generated=true
