classification=CANDIDATE_ORDERED_MEMBERSHIP
mode=ceremony_groth16
prover=local_cuda_explicit
row=52
trapdoor_flag_expected=1
sp1_circuit_version=v6.1.0
cycle_limit=4400000000
raw_bytes=24472000 raw_sha256=654a946ff87dc29e9ae1dfa7f9338bb54c9fb82ec370a427d74b9b3b045411d0
guest_elf_bytes=1171416 guest_elf_sha256=8bcadf5373742e92eb36535680e4b9f092c00fdcf9a8f7171678c49b170f11db
sp1_vkey=0x0019d16cfe911d943315c04235c792fcccc3e0759aa3095a941b8508178e0490
setup_elapsed_ms=22639
Setting environment variables took 14.1µs
Reading R1CS took 23.415256865s
Reading proving key took 4.542327427s
Reading witness file took 589.776µs
Deserializing JSON data took 26.473917ms
Generating witness took 998.443735ms
[90m22:25:01[0m DBG constraint system solver done [36mnbConstraints=[0m15972262 [36mtook=[0m5148.71417
[90m22:25:12[0m DBG prover done [36macceleration=[0mnone [36mbackend=[0mgroth16 [36mcurve=[0mbn254 [36mnbConstraints=[0m15972262 [36mtook=[0m11297.51983
Generating proof took 16.44652127s
[90m22:25:12[0m [33mWRN[0m [1mignoring uninitialized slice[0m [36mslice name=[0mVars [36mslice type=[0m[]frontend.Variable
[90m22:25:12[0m [33mWRN[0m [1mignoring uninitialized slice[0m [36mslice name=[0mVars [36mslice type=[0m[]frontend.Variable
[90m22:25:12[0m [33mWRN[0m [1mignoring uninitialized slice[0m [36mslice name=[0mVars [36mslice type=[0m[]frontend.Variable
[90m22:25:12[0m DBG verifier done [36mbackend=[0mgroth16 [36mcurve=[0mbn254 [36mtook=[0m0.862874
oracle=independent_row_52 checked=1101 circuit_derived=0
oracle_note=pose verdict 1, head saturation 0, logit sums [15920, 17697, 8569, -5875, -18570, -2396, -31817, -1193, -21262, -7977, 781] match the audited parity vectors
oracle_note=typed context, typed root and uncropped commitment match row_oracle.py; coupling score numerator 54565136 (denominator 4) is circuit-derived
public_values_bytes=1101
public_values_sha256=849d5c43c1bab3af724192f3c533839eb736b91a6eba6b5a2eb021c90d6025cb
prove_elapsed_ms=806646
verify_and_tamper_elapsed_ms=364
host_peak_rss_kib=Some(114240)
proof_output=/home/c/Documents/BOSUN/scratch/joined_build_20260901/proofs_fleet_20260902/row_052_groth16.bin
proof_bytes=2794 proof_sha256=1915b2a0967fd5f3af470209e2139d6b4561bbbbd220d15c75a9c42ed0574e1d
verified_proof=true
proof_generated=true
