classification=CANDIDATE_ORDERED_MEMBERSHIP
mode=ceremony_groth16
prover=local_cuda_explicit
row=77
trapdoor_flag_expected=1
sp1_circuit_version=v6.1.0
cycle_limit=4400000000
raw_bytes=24472000 raw_sha256=15bc157e03552075c9b8a8425d8fbea39105e7cdd2460dadb9666b47a212fe26
guest_elf_bytes=1171416 guest_elf_sha256=8bcadf5373742e92eb36535680e4b9f092c00fdcf9a8f7171678c49b170f11db
sp1_vkey=0x0019d16cfe911d943315c04235c792fcccc3e0759aa3095a941b8508178e0490
setup_elapsed_ms=24876
Setting environment variables took 64.971µs
Reading R1CS took 22.821478195s
Reading proving key took 4.343878329s
Reading witness file took 602.826µs
Deserializing JSON data took 26.764206ms
Generating witness took 812.631531ms
[90m23:06:01[0m DBG constraint system solver done [36mnbConstraints=[0m15972262 [36mtook=[0m5453.367719
[90m23:06:17[0m DBG prover done [36macceleration=[0mnone [36mbackend=[0mgroth16 [36mcurve=[0mbn254 [36mnbConstraints=[0m15972262 [36mtook=[0m16783.186314
Generating proof took 22.236905391s
[90m23:06:17[0m [33mWRN[0m [1mignoring uninitialized slice[0m [36mslice name=[0mVars [36mslice type=[0m[]frontend.Variable
[90m23:06:17[0m [33mWRN[0m [1mignoring uninitialized slice[0m [36mslice name=[0mVars [36mslice type=[0m[]frontend.Variable
[90m23:06:17[0m [33mWRN[0m [1mignoring uninitialized slice[0m [36mslice name=[0mVars [36mslice type=[0m[]frontend.Variable
[90m23:06:17[0m DBG verifier done [36mbackend=[0mgroth16 [36mcurve=[0mbn254 [36mtook=[0m1.323085
oracle=independent_row_77 checked=1101 circuit_derived=0
oracle_note=pose verdict 0, head saturation 0, logit sums [11729, -1527, 2404, -3877, -6630, -6586, -30567, -14693, -23010, 502, 2453] match the audited parity vectors
oracle_note=typed context, typed root and uncropped commitment match row_oracle.py; coupling score numerator 52558470 (denominator 4) is circuit-derived
public_values_bytes=1101
public_values_sha256=270470f3e942383658866d7b41e660913bfcaa1b64454d5b8bbb0b5f7c41bfb7
prove_elapsed_ms=806981
verify_and_tamper_elapsed_ms=364
host_peak_rss_kib=Some(113760)
proof_output=/home/c/Documents/BOSUN/scratch/joined_build_20260901/proofs_fleet_20260902/row_077_groth16.bin
proof_bytes=2794 proof_sha256=1beb73ac574c066528f6e42c8ce0670c2bad0cb6f12ff1d11dd8e4a04b52f569
verified_proof=true
proof_generated=true
