classification=CANDIDATE_ORDERED_MEMBERSHIP
mode=ceremony_groth16
prover=local_cuda_explicit
row=93
trapdoor_flag_expected=1
sp1_circuit_version=v6.1.0
cycle_limit=4400000000
raw_bytes=24472000 raw_sha256=3085856f95c66f0e83c8a9b4344394167f33f99e1e86ceb99abf455cbed17e74
guest_elf_bytes=1171416 guest_elf_sha256=8bcadf5373742e92eb36535680e4b9f092c00fdcf9a8f7171678c49b170f11db
sp1_vkey=0x0019d16cfe911d943315c04235c792fcccc3e0759aa3095a941b8508178e0490
setup_elapsed_ms=22924
Setting environment variables took 151.294µs
Reading R1CS took 27.746098049s
Reading proving key took 4.339066272s
Reading witness file took 626.787µs
Deserializing JSON data took 27.229049ms
Generating witness took 975.211907ms
[90m23:33:32[0m DBG constraint system solver done [36mnbConstraints=[0m15972262 [36mtook=[0m4946.121738
[90m23:33:43[0m DBG prover done [36macceleration=[0mnone [36mbackend=[0mgroth16 [36mcurve=[0mbn254 [36mnbConstraints=[0m15972262 [36mtook=[0m11043.327345
Generating proof took 15.98974162s
[90m23:33:43[0m [33mWRN[0m [1mignoring uninitialized slice[0m [36mslice name=[0mVars [36mslice type=[0m[]frontend.Variable
[90m23:33:43[0m [33mWRN[0m [1mignoring uninitialized slice[0m [36mslice name=[0mVars [36mslice type=[0m[]frontend.Variable
[90m23:33:43[0m [33mWRN[0m [1mignoring uninitialized slice[0m [36mslice name=[0mVars [36mslice type=[0m[]frontend.Variable
[90m23:33:43[0m DBG verifier done [36mbackend=[0mgroth16 [36mcurve=[0mbn254 [36mtook=[0m0.872553
oracle=independent_row_93 checked=1101 circuit_derived=0
oracle_note=pose verdict 1, head saturation 0, logit sums [8059, 18285, 2356, 1037, -16674, 4778, -23457, 3152, -10597, -8972, -18550] match the audited parity vectors
oracle_note=typed context, typed root and uncropped commitment match row_oracle.py; coupling score numerator 54310462 (denominator 4) is circuit-derived
public_values_bytes=1101
public_values_sha256=33fe1aa3395a96c5508362eeaa27dd36e170e8f930baf01b66b5e9d6c66c73f6
prove_elapsed_ms=801476
verify_and_tamper_elapsed_ms=365
host_peak_rss_kib=Some(114240)
proof_output=/home/c/Documents/BOSUN/scratch/joined_build_20260901/proofs_fleet_20260902/row_093_groth16.bin
proof_bytes=2794 proof_sha256=7ce2b001e3c12808e1e32e340cb9a67d67dae925b87c0853056f9be123928f9a
verified_proof=true
proof_generated=true
