classification=CANDIDATE_ORDERED_MEMBERSHIP
mode=ceremony_groth16
prover=local_cuda_explicit
row=60
trapdoor_flag_expected=1
sp1_circuit_version=v6.1.0
cycle_limit=4400000000
raw_bytes=24472000 raw_sha256=38677ac4e2b83139e1e1ba5e684b1f2110a72822e8107098028dbe9ca2ca14db
guest_elf_bytes=1171416 guest_elf_sha256=8bcadf5373742e92eb36535680e4b9f092c00fdcf9a8f7171678c49b170f11db
sp1_vkey=0x0019d16cfe911d943315c04235c792fcccc3e0759aa3095a941b8508178e0490
setup_elapsed_ms=22605
Setting environment variables took 17.902µs
Reading R1CS took 23.858953254s
Reading proving key took 4.404129048s
Reading witness file took 612.856µs
Deserializing JSON data took 26.714013ms
Generating witness took 988.957971ms
[90m22:38:38[0m DBG constraint system solver done [36mnbConstraints=[0m15972262 [36mtook=[0m5142.728929
[90m22:38:50[0m DBG prover done [36macceleration=[0mnone [36mbackend=[0mgroth16 [36mcurve=[0mbn254 [36mnbConstraints=[0m15972262 [36mtook=[0m11346.368173
Generating proof took 16.48941869s
[90m22:38:50[0m [33mWRN[0m [1mignoring uninitialized slice[0m [36mslice name=[0mVars [36mslice type=[0m[]frontend.Variable
[90m22:38:50[0m [33mWRN[0m [1mignoring uninitialized slice[0m [36mslice name=[0mVars [36mslice type=[0m[]frontend.Variable
[90m22:38:50[0m [33mWRN[0m [1mignoring uninitialized slice[0m [36mslice name=[0mVars [36mslice type=[0m[]frontend.Variable
[90m22:38:50[0m DBG verifier done [36mbackend=[0mgroth16 [36mcurve=[0mbn254 [36mtook=[0m0.804191
oracle=independent_row_60 checked=1101 circuit_derived=0
oracle_note=pose verdict 0, head saturation 0, logit sums [11108, 1107, 4535, -2449, -10356, -5168, -23748, -11295, -17061, -963, -6875] match the audited parity vectors
oracle_note=typed context, typed root and uncropped commitment match row_oracle.py; coupling score numerator 58638989 (denominator 4) is circuit-derived
public_values_bytes=1101
public_values_sha256=412429ee0fed8df46c457b8a9f2261add1d95b138e80f850290f9241377fd9a6
prove_elapsed_ms=793202
verify_and_tamper_elapsed_ms=364
host_peak_rss_kib=Some(113760)
proof_output=/home/c/Documents/BOSUN/scratch/joined_build_20260901/proofs_fleet_20260902/row_060_groth16.bin
proof_bytes=2793 proof_sha256=09e3567547eb96832d8463c598875ec91140b33405cb63f84880a7e29c9303b6
verified_proof=true
proof_generated=true
