classification=CANDIDATE_ORDERED_MEMBERSHIP
mode=ceremony_groth16
prover=local_cuda_explicit
row=134
trapdoor_flag_expected=1
sp1_circuit_version=v6.1.0
cycle_limit=4400000000
raw_bytes=24472000 raw_sha256=6b49191486561556c8309eb8405c06c1f98e11c54adb08f112834e6bd5d76af2
guest_elf_bytes=1171416 guest_elf_sha256=8bcadf5373742e92eb36535680e4b9f092c00fdcf9a8f7171678c49b170f11db
sp1_vkey=0x0019d16cfe911d943315c04235c792fcccc3e0759aa3095a941b8508178e0490
setup_elapsed_ms=24157
Setting environment variables took 14.271µs
Reading R1CS took 22.560774753s
Reading proving key took 4.606646346s
Reading witness file took 663.258µs
Deserializing JSON data took 26.958489ms
Generating witness took 991.843367ms
[90m01:06:23[0m DBG constraint system solver done [36mnbConstraints=[0m15972262 [36mtook=[0m5424.69464
[90m01:06:36[0m DBG prover done [36macceleration=[0mnone [36mbackend=[0mgroth16 [36mcurve=[0mbn254 [36mnbConstraints=[0m15972262 [36mtook=[0m12467.694984
Generating proof took 17.892681313s
[90m01:06:36[0m [33mWRN[0m [1mignoring uninitialized slice[0m [36mslice name=[0mVars [36mslice type=[0m[]frontend.Variable
[90m01:06:36[0m [33mWRN[0m [1mignoring uninitialized slice[0m [36mslice name=[0mVars [36mslice type=[0m[]frontend.Variable
[90m01:06:36[0m [33mWRN[0m [1mignoring uninitialized slice[0m [36mslice name=[0mVars [36mslice type=[0m[]frontend.Variable
[90m01:06:36[0m DBG verifier done [36mbackend=[0mgroth16 [36mcurve=[0mbn254 [36mtook=[0m1.202241
oracle=independent_row_134 checked=1101 circuit_derived=0
oracle_note=pose verdict 1, head saturation 0, logit sums [4650, 17608, -5932, -4121, -6061, 7646, -52722, -6051, -25620, -3624, 12065] match the audited parity vectors
oracle_note=typed context, typed root and uncropped commitment match row_oracle.py; coupling score numerator 45534547 (denominator 4) is circuit-derived
public_values_bytes=1101
public_values_sha256=eb69d67cc7d476a8c14905289ab8656a4fb00f5aad520cf12de5ecf5d908fcfc
prove_elapsed_ms=781286
verify_and_tamper_elapsed_ms=413
host_peak_rss_kib=Some(114260)
proof_output=/home/c/Documents/BOSUN/scratch/joined_build_20260901/proofs_fleet_20260902/row_134_groth16.bin
proof_bytes=2794 proof_sha256=219b4f55125cb5e94b95fa09e16a0f4b6552662f763ee970ee801bd4e86edff1
verified_proof=true
proof_generated=true
