classification=CANDIDATE_ORDERED_MEMBERSHIP
mode=ceremony_groth16
prover=local_cuda_explicit
row=206
trapdoor_flag_expected=1
sp1_circuit_version=v6.1.0
cycle_limit=4400000000
raw_bytes=24472000 raw_sha256=15ecce056b2e0217419782b9f5f5b3f64dc01932bd3e6bb08b88837fa9e3a877
guest_elf_bytes=1171416 guest_elf_sha256=8bcadf5373742e92eb36535680e4b9f092c00fdcf9a8f7171678c49b170f11db
sp1_vkey=0x0019d16cfe911d943315c04235c792fcccc3e0759aa3095a941b8508178e0490
setup_elapsed_ms=24117
Setting environment variables took 15.02µs
Reading R1CS took 25.286606063s
Reading proving key took 4.717633602s
Reading witness file took 705.699µs
Deserializing JSON data took 26.760242ms
Generating witness took 1.01503075s
[90m03:09:10[0m DBG constraint system solver done [36mnbConstraints=[0m15972262 [36mtook=[0m5411.340582
[90m03:09:23[0m DBG prover done [36macceleration=[0mnone [36mbackend=[0mgroth16 [36mcurve=[0mbn254 [36mnbConstraints=[0m15972262 [36mtook=[0m12584.29305
Generating proof took 17.995933959s
[90m03:09:23[0m [33mWRN[0m [1mignoring uninitialized slice[0m [36mslice name=[0mVars [36mslice type=[0m[]frontend.Variable
[90m03:09:23[0m [33mWRN[0m [1mignoring uninitialized slice[0m [36mslice name=[0mVars [36mslice type=[0m[]frontend.Variable
[90m03:09:23[0m [33mWRN[0m [1mignoring uninitialized slice[0m [36mslice name=[0mVars [36mslice type=[0m[]frontend.Variable
[90m03:09:23[0m DBG verifier done [36mbackend=[0mgroth16 [36mcurve=[0mbn254 [36mtook=[0m0.891955
oracle=independent_row_206 checked=1101 circuit_derived=0
oracle_note=pose verdict 2, head saturation 0, logit sums [-1471, -6531, 8268, -2775, -17951, -2937, 821, 3179, -2155, -5917, -34596] match the audited parity vectors
oracle_note=typed context, typed root and uncropped commitment match row_oracle.py; coupling score numerator 49814777 (denominator 4) is circuit-derived
public_values_bytes=1101
public_values_sha256=ceb2185fe1d7d3ab3a592c0d05a27edc77c6fcd2d90dc8abbb139f13e2bf7c7e
prove_elapsed_ms=802230
verify_and_tamper_elapsed_ms=387
host_peak_rss_kib=Some(114240)
proof_output=/home/c/Documents/BOSUN/scratch/joined_build_20260901/proofs_fleet_20260902/row_206_groth16.bin
proof_bytes=2794 proof_sha256=fc47a084e0625d452565e483a73df33d7829001239ca07310e5fd6e96ac06293
verified_proof=true
proof_generated=true
