classification=CANDIDATE_ORDERED_MEMBERSHIP
mode=ceremony_groth16
prover=local_cuda_explicit
row=166
trapdoor_flag_expected=1
sp1_circuit_version=v6.1.0
cycle_limit=4400000000
raw_bytes=24472000 raw_sha256=e0765e1d85567fdd8090ed03a71a1d12accbea80fccb3f66c4abfaba3c2e403b
guest_elf_bytes=1171416 guest_elf_sha256=8bcadf5373742e92eb36535680e4b9f092c00fdcf9a8f7171678c49b170f11db
sp1_vkey=0x0019d16cfe911d943315c04235c792fcccc3e0759aa3095a941b8508178e0490
setup_elapsed_ms=24408
Setting environment variables took 78.533µs
Reading R1CS took 24.442485856s
Reading proving key took 3.683446623s
Reading witness file took 756.49µs
Deserializing JSON data took 31.386456ms
Generating witness took 1.023203588s
[90m02:00:53[0m DBG constraint system solver done [36mnbConstraints=[0m15972262 [36mtook=[0m6052.188838
[90m02:01:05[0m DBG prover done [36macceleration=[0mnone [36mbackend=[0mgroth16 [36mcurve=[0mbn254 [36mnbConstraints=[0m15972262 [36mtook=[0m12690.247582
Generating proof took 18.7427464s
[90m02:01:05[0m [33mWRN[0m [1mignoring uninitialized slice[0m [36mslice name=[0mVars [36mslice type=[0m[]frontend.Variable
[90m02:01:05[0m [33mWRN[0m [1mignoring uninitialized slice[0m [36mslice name=[0mVars [36mslice type=[0m[]frontend.Variable
[90m02:01:05[0m [33mWRN[0m [1mignoring uninitialized slice[0m [36mslice name=[0mVars [36mslice type=[0m[]frontend.Variable
[90m02:01:05[0m DBG verifier done [36mbackend=[0mgroth16 [36mcurve=[0mbn254 [36mtook=[0m1.022277
oracle=independent_row_166 checked=1101 circuit_derived=0
oracle_note=pose verdict 2, head saturation 0, logit sums [-4359, -11310, 8527, -9751, -14429, -1524, -11228, 90, -7243, 783, -24275] match the audited parity vectors
oracle_note=typed context, typed root and uncropped commitment match row_oracle.py; coupling score numerator 35770801 (denominator 4) is circuit-derived
public_values_bytes=1101
public_values_sha256=b8ef05136971ffe088d6ee59d2b25594aaf1087755505ae2ddb79484de7a32a8
prove_elapsed_ms=804756
verify_and_tamper_elapsed_ms=490
host_peak_rss_kib=Some(114044)
proof_output=/home/c/Documents/BOSUN/scratch/joined_build_20260901/proofs_fleet_20260902/row_166_groth16.bin
proof_bytes=2795 proof_sha256=13de9f0840ac9fab62738761705401efa41df42967ab7dcf2ac95c91268a0d93
verified_proof=true
proof_generated=true
