classification=CANDIDATE_ORDERED_MEMBERSHIP
mode=ceremony_groth16
prover=local_cuda_explicit
row=190
trapdoor_flag_expected=1
sp1_circuit_version=v6.1.0
cycle_limit=4400000000
raw_bytes=24472000 raw_sha256=23d84cea2f8db973a21f6c12c3c3bbf4fca350f34af96441fa419414dd7b467d
guest_elf_bytes=1171416 guest_elf_sha256=8bcadf5373742e92eb36535680e4b9f092c00fdcf9a8f7171678c49b170f11db
sp1_vkey=0x0019d16cfe911d943315c04235c792fcccc3e0759aa3095a941b8508178e0490
setup_elapsed_ms=24551
Setting environment variables took 14.78µs
Reading R1CS took 24.742698184s
Reading proving key took 4.657208042s
Reading witness file took 628.306µs
Deserializing JSON data took 27.01479ms
Generating witness took 971.819218ms
[90m02:41:47[0m DBG constraint system solver done [36mnbConstraints=[0m15972262 [36mtook=[0m5287.540556
[90m02:42:00[0m DBG prover done [36macceleration=[0mnone [36mbackend=[0mgroth16 [36mcurve=[0mbn254 [36mnbConstraints=[0m15972262 [36mtook=[0m12787.418214
Generating proof took 18.07527166s
[90m02:42:00[0m [33mWRN[0m [1mignoring uninitialized slice[0m [36mslice name=[0mVars [36mslice type=[0m[]frontend.Variable
[90m02:42:00[0m [33mWRN[0m [1mignoring uninitialized slice[0m [36mslice name=[0mVars [36mslice type=[0m[]frontend.Variable
[90m02:42:00[0m [33mWRN[0m [1mignoring uninitialized slice[0m [36mslice name=[0mVars [36mslice type=[0m[]frontend.Variable
[90m02:42:00[0m DBG verifier done [36mbackend=[0mgroth16 [36mcurve=[0mbn254 [36mtook=[0m0.848383
oracle=independent_row_190 checked=1101 circuit_derived=0
oracle_note=pose verdict 2, head saturation 0, logit sums [1522, -4538, 10782, -2454, -15472, -5410, -4931, 4335, -5188, -2105, -32865] match the audited parity vectors
oracle_note=typed context, typed root and uncropped commitment match row_oracle.py; coupling score numerator 50524196 (denominator 4) is circuit-derived
public_values_bytes=1101
public_values_sha256=724264a8cba9a0d4f3fcf720b9037f2d2db0dd7c09d54a68eceef6fca2048f0a
prove_elapsed_ms=805498
verify_and_tamper_elapsed_ms=392
host_peak_rss_kib=Some(114240)
proof_output=/home/c/Documents/BOSUN/scratch/joined_build_20260901/proofs_fleet_20260902/row_190_groth16.bin
proof_bytes=2794 proof_sha256=61476405e4f482a8199e63b074e5f06f0466dfc5c90f0709b5949271e30bbde2
verified_proof=true
proof_generated=true
