classification=CANDIDATE_ORDERED_MEMBERSHIP
mode=ceremony_groth16
prover=local_cuda_explicit
row=174
trapdoor_flag_expected=1
sp1_circuit_version=v6.1.0
cycle_limit=4400000000
raw_bytes=24472000 raw_sha256=106aad396891aeefd0883f15a7ca5abff355561a5bb2d5c246810bf7c76776c9
guest_elf_bytes=1171416 guest_elf_sha256=8bcadf5373742e92eb36535680e4b9f092c00fdcf9a8f7171678c49b170f11db
sp1_vkey=0x0019d16cfe911d943315c04235c792fcccc3e0759aa3095a941b8508178e0490
setup_elapsed_ms=24163
Setting environment variables took 128.003µs
Reading R1CS took 24.229700645s
Reading proving key took 4.696279121s
Reading witness file took 790.111µs
Deserializing JSON data took 30.642624ms
Generating witness took 890.995136ms
[90m02:14:30[0m DBG constraint system solver done [36mnbConstraints=[0m15972262 [36mtook=[0m5373.604616
[90m02:14:42[0m DBG prover done [36macceleration=[0mnone [36mbackend=[0mgroth16 [36mcurve=[0mbn254 [36mnbConstraints=[0m15972262 [36mtook=[0m12453.15621
Generating proof took 17.827083474s
[90m02:14:42[0m [33mWRN[0m [1mignoring uninitialized slice[0m [36mslice name=[0mVars [36mslice type=[0m[]frontend.Variable
[90m02:14:42[0m [33mWRN[0m [1mignoring uninitialized slice[0m [36mslice name=[0mVars [36mslice type=[0m[]frontend.Variable
[90m02:14:42[0m [33mWRN[0m [1mignoring uninitialized slice[0m [36mslice name=[0mVars [36mslice type=[0m[]frontend.Variable
[90m02:14:42[0m DBG verifier done [36mbackend=[0mgroth16 [36mcurve=[0mbn254 [36mtook=[0m1.106459
oracle=independent_row_174 checked=1101 circuit_derived=0
oracle_note=pose verdict 2, head saturation 0, logit sums [1206, -4672, 10663, -3011, -16932, -6279, 1703, 1771, -4580, -6638, -31460] match the audited parity vectors
oracle_note=typed context, typed root and uncropped commitment match row_oracle.py; coupling score numerator 40861638 (denominator 4) is circuit-derived
public_values_bytes=1101
public_values_sha256=8ca6826d40dc41c8cbb6d0cb1e0262ad314d1a827ccdfc785a87bd105b3e3e4d
prove_elapsed_ms=790886
verify_and_tamper_elapsed_ms=388
host_peak_rss_kib=Some(114260)
proof_output=/home/c/Documents/BOSUN/scratch/joined_build_20260901/proofs_fleet_20260902/row_174_groth16.bin
proof_bytes=2794 proof_sha256=8e0e42c6f2571be9dadf508875abee63d9587a6bc0bd515039deecb7ce5e472d
verified_proof=true
proof_generated=true
