classification=CANDIDATE_ORDERED_MEMBERSHIP
mode=ceremony_groth16
prover=local_cuda_explicit
row=182
trapdoor_flag_expected=1
sp1_circuit_version=v6.1.0
cycle_limit=4400000000
raw_bytes=24472000 raw_sha256=d78792ff63522d7a5c06e3582863ce4ee6487863dddd75a5024b50268de3afff
guest_elf_bytes=1171416 guest_elf_sha256=8bcadf5373742e92eb36535680e4b9f092c00fdcf9a8f7171678c49b170f11db
sp1_vkey=0x0019d16cfe911d943315c04235c792fcccc3e0759aa3095a941b8508178e0490
setup_elapsed_ms=24426
Setting environment variables took 126.233µs
Reading R1CS took 24.456022714s
Reading proving key took 4.595097329s
Reading witness file took 615.447µs
Deserializing JSON data took 34.071397ms
Generating witness took 1.001234438s
[90m02:27:56[0m DBG constraint system solver done [36mnbConstraints=[0m15972262 [36mtook=[0m5374.965507
[90m02:28:08[0m DBG prover done [36macceleration=[0mnone [36mbackend=[0mgroth16 [36mcurve=[0mbn254 [36mnbConstraints=[0m15972262 [36mtook=[0m12371.340327
Generating proof took 17.746605362s
[90m02:28:08[0m [33mWRN[0m [1mignoring uninitialized slice[0m [36mslice name=[0mVars [36mslice type=[0m[]frontend.Variable
[90m02:28:08[0m [33mWRN[0m [1mignoring uninitialized slice[0m [36mslice name=[0mVars [36mslice type=[0m[]frontend.Variable
[90m02:28:08[0m [33mWRN[0m [1mignoring uninitialized slice[0m [36mslice name=[0mVars [36mslice type=[0m[]frontend.Variable
[90m02:28:08[0m DBG verifier done [36mbackend=[0mgroth16 [36mcurve=[0mbn254 [36mtook=[0m0.863393
oracle=independent_row_182 checked=1101 circuit_derived=0
oracle_note=pose verdict 2, head saturation 0, logit sums [1280, -6978, 13122, -5479, -18693, -6073, -4754, 3199, -2366, 13, -31001] match the audited parity vectors
oracle_note=typed context, typed root and uncropped commitment match row_oracle.py; coupling score numerator 52372232 (denominator 4) is circuit-derived
public_values_bytes=1101
public_values_sha256=e5f93ecce4e3b2335f8af2a176bde6f10028b63abd08360006094263d2450732
prove_elapsed_ms=780613
verify_and_tamper_elapsed_ms=379
host_peak_rss_kib=Some(114000)
proof_output=/home/c/Documents/BOSUN/scratch/joined_build_20260901/proofs_fleet_20260902/row_182_groth16.bin
proof_bytes=2794 proof_sha256=197c60a26441da0d9d406838ab784dbc8c4f0a9091b309a6edad39cfe6249a29
verified_proof=true
proof_generated=true
