classification=CANDIDATE_ORDERED_MEMBERSHIP
mode=ceremony_groth16
prover=local_cuda_explicit
row=238
trapdoor_flag_expected=1
sp1_circuit_version=v6.1.0
cycle_limit=4400000000
raw_bytes=24472000 raw_sha256=df5f59c40ff355252d6aba13e2a3b02c68e4c6980fe4a7a8f7054d3616d52eb5
guest_elf_bytes=1171416 guest_elf_sha256=8bcadf5373742e92eb36535680e4b9f092c00fdcf9a8f7171678c49b170f11db
sp1_vkey=0x0019d16cfe911d943315c04235c792fcccc3e0759aa3095a941b8508178e0490
setup_elapsed_ms=24295
Setting environment variables took 21.179µs
Reading R1CS took 25.287117781s
Reading proving key took 4.606675544s
Reading witness file took 629.908µs
Deserializing JSON data took 26.729423ms
Generating witness took 1.015181987s
[90m04:03:38[0m DBG constraint system solver done [36mnbConstraints=[0m15972262 [36mtook=[0m5414.337955
[90m04:03:51[0m DBG prover done [36macceleration=[0mnone [36mbackend=[0mgroth16 [36mcurve=[0mbn254 [36mnbConstraints=[0m15972262 [36mtook=[0m12543.917918
Generating proof took 17.958566243s
[90m04:03:51[0m [33mWRN[0m [1mignoring uninitialized slice[0m [36mslice name=[0mVars [36mslice type=[0m[]frontend.Variable
[90m04:03:51[0m [33mWRN[0m [1mignoring uninitialized slice[0m [36mslice name=[0mVars [36mslice type=[0m[]frontend.Variable
[90m04:03:51[0m [33mWRN[0m [1mignoring uninitialized slice[0m [36mslice name=[0mVars [36mslice type=[0m[]frontend.Variable
[90m04:03:51[0m DBG verifier done [36mbackend=[0mgroth16 [36mcurve=[0mbn254 [36mtook=[0m0.999976
oracle=independent_row_238 checked=1101 circuit_derived=0
oracle_note=pose verdict 3, head saturation 0, logit sums [-10688, -29558, -11087, 10641, -909, -1149, 5278, -22261, 309, -5906, -41391] match the audited parity vectors
oracle_note=typed context, typed root and uncropped commitment match row_oracle.py; coupling score numerator 68254096 (denominator 4) is circuit-derived
public_values_bytes=1101
public_values_sha256=24a5fe90949580fbaeb2cee86f81a50929a886e61a70677c34889d987423a38f
prove_elapsed_ms=789168
verify_and_tamper_elapsed_ms=444
host_peak_rss_kib=Some(114240)
proof_output=/home/c/Documents/BOSUN/scratch/joined_build_20260901/proofs_fleet_20260902/row_238_groth16.bin
proof_bytes=2794 proof_sha256=d49e77fd9b5447b131fea29d2bdb30621d026e31508af0c592ee7ab623a1c3e9
verified_proof=true
proof_generated=true
