classification=CANDIDATE_ORDERED_MEMBERSHIP
mode=ceremony_groth16
prover=local_cuda_explicit
row=198
trapdoor_flag_expected=1
sp1_circuit_version=v6.1.0
cycle_limit=4400000000
raw_bytes=24472000 raw_sha256=783e51b18dad13d7c802f8fca91d925526a076bccd5bb577b8f855668a2d66fe
guest_elf_bytes=1171416 guest_elf_sha256=8bcadf5373742e92eb36535680e4b9f092c00fdcf9a8f7171678c49b170f11db
sp1_vkey=0x0019d16cfe911d943315c04235c792fcccc3e0759aa3095a941b8508178e0490
setup_elapsed_ms=23927
Setting environment variables took 124.444µs
Reading R1CS took 24.436943114s
Reading proving key took 4.616941888s
Reading witness file took 672.068µs
Deserializing JSON data took 26.675361ms
Generating witness took 994.987447ms
[90m02:55:22[0m DBG constraint system solver done [36mnbConstraints=[0m15972262 [36mtook=[0m5418.490998
[90m02:55:35[0m DBG prover done [36macceleration=[0mnone [36mbackend=[0mgroth16 [36mcurve=[0mbn254 [36mnbConstraints=[0m15972262 [36mtook=[0m12658.111387
Generating proof took 18.076946835s
[90m02:55:35[0m [33mWRN[0m [1mignoring uninitialized slice[0m [36mslice name=[0mVars [36mslice type=[0m[]frontend.Variable
[90m02:55:35[0m [33mWRN[0m [1mignoring uninitialized slice[0m [36mslice name=[0mVars [36mslice type=[0m[]frontend.Variable
[90m02:55:35[0m [33mWRN[0m [1mignoring uninitialized slice[0m [36mslice name=[0mVars [36mslice type=[0m[]frontend.Variable
[90m02:55:35[0m DBG verifier done [36mbackend=[0mgroth16 [36mcurve=[0mbn254 [36mtook=[0m1.055869
oracle=independent_row_198 checked=1101 circuit_derived=0
oracle_note=pose verdict 9, head saturation 0, logit sums [-3604, -19321, 5910, -8645, -9314, -1370, -17975, -9159, -8513, 6707, -19639] match the audited parity vectors
oracle_note=typed context, typed root and uncropped commitment match row_oracle.py; coupling score numerator 29670978 (denominator 4) is circuit-derived
public_values_bytes=1101
public_values_sha256=eef26059d4d39053962fb6d4a368f125a96c3430f94074975e37ba23298f6ac7
prove_elapsed_ms=789361
verify_and_tamper_elapsed_ms=371
host_peak_rss_kib=Some(114000)
proof_output=/home/c/Documents/BOSUN/scratch/joined_build_20260901/proofs_fleet_20260902/row_198_groth16.bin
proof_bytes=2794 proof_sha256=8e2b56a936e56bb491e2e60f3064e7aeff5d1e403f599308bee94c46005607d6
verified_proof=true
proof_generated=true
