classification=CANDIDATE_ORDERED_MEMBERSHIP
mode=ceremony_groth16
prover=local_cuda_explicit
row=110
trapdoor_flag_expected=1
sp1_circuit_version=v6.1.0
cycle_limit=4400000000
raw_bytes=24472000 raw_sha256=0d556e246e60c4dcc4e9f926310437757b6630acf39630fe582a8fc33cc9674d
guest_elf_bytes=1171416 guest_elf_sha256=8bcadf5373742e92eb36535680e4b9f092c00fdcf9a8f7171678c49b170f11db
sp1_vkey=0x0019d16cfe911d943315c04235c792fcccc3e0759aa3095a941b8508178e0490
setup_elapsed_ms=22638
Setting environment variables took 23.102µs
Reading R1CS took 26.192254142s
Reading proving key took 4.348040755s
Reading witness file took 661.197µs
Deserializing JSON data took 29.334487ms
Generating witness took 974.779529ms
[90m00:25:41[0m DBG constraint system solver done [36mnbConstraints=[0m15972262 [36mtook=[0m5054.650852
[90m00:25:54[0m DBG prover done [36macceleration=[0mnone [36mbackend=[0mgroth16 [36mcurve=[0mbn254 [36mnbConstraints=[0m15972262 [36mtook=[0m12371.81383
Generating proof took 17.426748668s
[90m00:25:54[0m [33mWRN[0m [1mignoring uninitialized slice[0m [36mslice name=[0mVars [36mslice type=[0m[]frontend.Variable
[90m00:25:54[0m [33mWRN[0m [1mignoring uninitialized slice[0m [36mslice name=[0mVars [36mslice type=[0m[]frontend.Variable
[90m00:25:54[0m [33mWRN[0m [1mignoring uninitialized slice[0m [36mslice name=[0mVars [36mslice type=[0m[]frontend.Variable
[90m00:25:54[0m DBG verifier done [36mbackend=[0mgroth16 [36mcurve=[0mbn254 [36mtook=[0m0.979933
oracle=independent_row_110 checked=1101 circuit_derived=0
oracle_note=pose verdict 1, head saturation 0, logit sums [5877, 15767, 9935, -8218, -23084, 408, -26994, 10778, -10965, -1930, -13039] match the audited parity vectors
oracle_note=typed context, typed root and uncropped commitment match row_oracle.py; coupling score numerator 65830702 (denominator 4) is circuit-derived
public_values_bytes=1101
public_values_sha256=40acd5a8958a9de5b9b522ca38bf8d01d6a627803ac934aa4706084380fe9696
prove_elapsed_ms=820747
verify_and_tamper_elapsed_ms=408
host_peak_rss_kib=Some(114260)
proof_output=/home/c/Documents/BOSUN/scratch/joined_build_20260901/proofs_fleet_20260902/row_110_groth16.bin
proof_bytes=2793 proof_sha256=2f5a42a4dcc101d518c9d38608d597329336b3ee72cf53c9a41d4c1027f9dcc4
verified_proof=true
proof_generated=true
