classification=CANDIDATE_ORDERED_MEMBERSHIP
mode=ceremony_groth16
prover=local_cuda_explicit
row=230
trapdoor_flag_expected=1
sp1_circuit_version=v6.1.0
cycle_limit=4400000000
raw_bytes=24472000 raw_sha256=e5c690b6f8e696cbed4a63c8ab7632daf953ddbbf6feae08f93349a6d6fa4d3c
guest_elf_bytes=1171416 guest_elf_sha256=8bcadf5373742e92eb36535680e4b9f092c00fdcf9a8f7171678c49b170f11db
sp1_vkey=0x0019d16cfe911d943315c04235c792fcccc3e0759aa3095a941b8508178e0490
setup_elapsed_ms=24493
Setting environment variables took 108.003µs
Reading R1CS took 23.995344087s
Reading proving key took 4.563249406s
Reading witness file took 661.367µs
Deserializing JSON data took 27.297188ms
Generating witness took 1.035444976s
[90m03:50:03[0m DBG constraint system solver done [36mnbConstraints=[0m15972262 [36mtook=[0m5414.288374
[90m03:50:16[0m DBG prover done [36macceleration=[0mnone [36mbackend=[0mgroth16 [36mcurve=[0mbn254 [36mnbConstraints=[0m15972262 [36mtook=[0m12485.5372
Generating proof took 17.900120652s
[90m03:50:16[0m [33mWRN[0m [1mignoring uninitialized slice[0m [36mslice name=[0mVars [36mslice type=[0m[]frontend.Variable
[90m03:50:16[0m [33mWRN[0m [1mignoring uninitialized slice[0m [36mslice name=[0mVars [36mslice type=[0m[]frontend.Variable
[90m03:50:16[0m [33mWRN[0m [1mignoring uninitialized slice[0m [36mslice name=[0mVars [36mslice type=[0m[]frontend.Variable
[90m03:50:16[0m DBG verifier done [36mbackend=[0mgroth16 [36mcurve=[0mbn254 [36mtook=[0m0.860584
oracle=independent_row_230 checked=1101 circuit_derived=0
oracle_note=pose verdict 3, head saturation 0, logit sums [-12229, -28514, -4937, 6950, -6117, -2928, 6145, -9292, 5658, 1614, -46718] match the audited parity vectors
oracle_note=typed context, typed root and uncropped commitment match row_oracle.py; coupling score numerator 46005958 (denominator 4) is circuit-derived
public_values_bytes=1101
public_values_sha256=5687ba43c78dbf8662b83d3bad11cae064fd9a3c7d0f76624cd4917a9f64493c
prove_elapsed_ms=789631
verify_and_tamper_elapsed_ms=365
host_peak_rss_kib=Some(114260)
proof_output=/home/c/Documents/BOSUN/scratch/joined_build_20260901/proofs_fleet_20260902/row_230_groth16.bin
proof_bytes=2795 proof_sha256=775458885325277b733ee286375974d2911d1724400c53c8df3320415ad96c55
verified_proof=true
proof_generated=true
