classification=CANDIDATE_ORDERED_MEMBERSHIP
mode=ceremony_groth16
prover=local_cuda_explicit
row=85
trapdoor_flag_expected=1
sp1_circuit_version=v6.1.0
cycle_limit=4400000000
raw_bytes=24472000 raw_sha256=615cfe1303e307f392ef6ce7587f08610cfc3ecae3624504cd852f340d4de0df
guest_elf_bytes=1171416 guest_elf_sha256=8bcadf5373742e92eb36535680e4b9f092c00fdcf9a8f7171678c49b170f11db
sp1_vkey=0x0019d16cfe911d943315c04235c792fcccc3e0759aa3095a941b8508178e0490
setup_elapsed_ms=22644
Setting environment variables took 86.562µs
Reading R1CS took 22.851553478s
Reading proving key took 5.362644782s
Reading witness file took 684.628µs
Deserializing JSON data took 44.325755ms
Generating witness took 1.139417841s
[90m23:19:46[0m DBG constraint system solver done [36mnbConstraints=[0m15972262 [36mtook=[0m5951.797026
[90m23:19:57[0m DBG prover done [36macceleration=[0mnone [36mbackend=[0mgroth16 [36mcurve=[0mbn254 [36mnbConstraints=[0m15972262 [36mtook=[0m11322.707247
Generating proof took 17.274831673s
[90m23:19:57[0m [33mWRN[0m [1mignoring uninitialized slice[0m [36mslice name=[0mVars [36mslice type=[0m[]frontend.Variable
[90m23:19:57[0m [33mWRN[0m [1mignoring uninitialized slice[0m [36mslice name=[0mVars [36mslice type=[0m[]frontend.Variable
[90m23:19:57[0m [33mWRN[0m [1mignoring uninitialized slice[0m [36mslice name=[0mVars [36mslice type=[0m[]frontend.Variable
[90m23:19:57[0m DBG verifier done [36mbackend=[0mgroth16 [36mcurve=[0mbn254 [36mtook=[0m0.876454
oracle=independent_row_85 checked=1101 circuit_derived=0
oracle_note=pose verdict 0, head saturation 0, logit sums [10915, 612, 4253, -4465, -9470, -5866, -27298, -12945, -20542, -2250, 15] match the audited parity vectors
oracle_note=typed context, typed root and uncropped commitment match row_oracle.py; coupling score numerator 59229486 (denominator 4) is circuit-derived
public_values_bytes=1101
public_values_sha256=125f0ad3bc5d40a3eb3756d33673c33bd5078f4fbb2038da4b1c0192b608bb06
prove_elapsed_ms=795942
verify_and_tamper_elapsed_ms=364
host_peak_rss_kib=Some(113780)
proof_output=/home/c/Documents/BOSUN/scratch/joined_build_20260901/proofs_fleet_20260902/row_085_groth16.bin
proof_bytes=2794 proof_sha256=da9b898973930147151982e77cdcac4dcc32ad1cd0a14001aefb1ef1a085ed76
verified_proof=true
proof_generated=true
