classification=CANDIDATE_ORDERED_MEMBERSHIP
mode=ceremony_groth16
prover=local_cuda_explicit
row=248
trapdoor_flag_expected=1
sp1_circuit_version=v6.1.0
cycle_limit=4400000000
raw_bytes=24472000 raw_sha256=ec3ebc8a2ee7816640d2d58803808adfb1988ef6a8f0a4ee646b7f8c56e70da0
guest_elf_bytes=1171416 guest_elf_sha256=8bcadf5373742e92eb36535680e4b9f092c00fdcf9a8f7171678c49b170f11db
sp1_vkey=0x0019d16cfe911d943315c04235c792fcccc3e0759aa3095a941b8508178e0490
setup_elapsed_ms=22606
Setting environment variables took 14.19µs
Reading R1CS took 22.186981582s
Reading proving key took 4.444678943s
Reading witness file took 612.192µs
Deserializing JSON data took 25.296343ms
Generating witness took 1.108199391s
[90m04:04:58[0m DBG constraint system solver done [36mnbConstraints=[0m15972262 [36mtook=[0m5374.859895
[90m04:05:09[0m DBG prover done [36macceleration=[0mnone [36mbackend=[0mgroth16 [36mcurve=[0mbn254 [36mnbConstraints=[0m15972262 [36mtook=[0m11143.821508
Generating proof took 16.518980579s
[90m04:05:09[0m [33mWRN[0m [1mignoring uninitialized slice[0m [36mslice name=[0mVars [36mslice type=[0m[]frontend.Variable
[90m04:05:09[0m [33mWRN[0m [1mignoring uninitialized slice[0m [36mslice name=[0mVars [36mslice type=[0m[]frontend.Variable
[90m04:05:09[0m [33mWRN[0m [1mignoring uninitialized slice[0m [36mslice name=[0mVars [36mslice type=[0m[]frontend.Variable
[90m04:05:09[0m DBG verifier done [36mbackend=[0mgroth16 [36mcurve=[0mbn254 [36mtook=[0m0.842172
oracle=independent_row_248 checked=1101 circuit_derived=0
oracle_note=pose verdict 3, head saturation 0, logit sums [-9154, -16798, -4676, 11305, -5685, -7481, -3987, -13871, 4747, 3190, -32947] match the audited parity vectors
oracle_note=typed context, typed root and uncropped commitment match row_oracle.py; coupling score numerator 46753188 (denominator 4) is circuit-derived
public_values_bytes=1101
public_values_sha256=1a489931221867a80b39ea54638b936d72af484c7853ab46ea3ea3c355f72a47
prove_elapsed_ms=761763
verify_and_tamper_elapsed_ms=381
host_peak_rss_kib=Some(114020)
proof_output=/home/c/Documents/BOSUN/scratch/joined_build_20260901/proofs_fleet_20260902/row_248_groth16.bin
proof_bytes=2795 proof_sha256=e34b87b16335a992962ae8b38d31557185710f2aae3ed48a2094144829fc78fc
verified_proof=true
proof_generated=true
