classification=CANDIDATE_ORDERED_MEMBERSHIP
mode=ceremony_groth16
prover=local_cuda_explicit
row=128
trapdoor_flag_expected=1
sp1_circuit_version=v6.1.0
cycle_limit=4400000000
raw_bytes=24472000 raw_sha256=3f49881944fdbc1e93ebfddaaf1490da7b6e35e9106fb2cd0b6d1d6a5d3df7f4
guest_elf_bytes=1171416 guest_elf_sha256=8bcadf5373742e92eb36535680e4b9f092c00fdcf9a8f7171678c49b170f11db
sp1_vkey=0x0019d16cfe911d943315c04235c792fcccc3e0759aa3095a941b8508178e0490
setup_elapsed_ms=22737
Setting environment variables took 139.638µs
Reading R1CS took 22.266399218s
Reading proving key took 4.361772455s
Reading witness file took 622.773µs
Deserializing JSON data took 25.165135ms
Generating witness took 1.261567222s
[90m00:49:45[0m DBG constraint system solver done [36mnbConstraints=[0m15972262 [36mtook=[0m5407.904181
[90m00:49:56[0m DBG prover done [36macceleration=[0mnone [36mbackend=[0mgroth16 [36mcurve=[0mbn254 [36mnbConstraints=[0m15972262 [36mtook=[0m11283.508776
Generating proof took 16.691759372s
[90m00:49:56[0m [33mWRN[0m [1mignoring uninitialized slice[0m [36mslice name=[0mVars [36mslice type=[0m[]frontend.Variable
[90m00:49:56[0m [33mWRN[0m [1mignoring uninitialized slice[0m [36mslice name=[0mVars [36mslice type=[0m[]frontend.Variable
[90m00:49:56[0m [33mWRN[0m [1mignoring uninitialized slice[0m [36mslice name=[0mVars [36mslice type=[0m[]frontend.Variable
[90m00:49:56[0m DBG verifier done [36mbackend=[0mgroth16 [36mcurve=[0mbn254 [36mtook=[0m0.889407
oracle=independent_row_128 checked=1101 circuit_derived=0
oracle_note=pose verdict 1, head saturation 0, logit sums [3020, 8389, 266, -2578, -10284, 2156, -27159, -4413, -14968, -4387, -6210] match the audited parity vectors
oracle_note=typed context, typed root and uncropped commitment match row_oracle.py; coupling score numerator 26071797 (denominator 4) is circuit-derived
public_values_bytes=1101
public_values_sha256=1d3c7641448333447861f4a90f95502ec4166183331c97c82f15c9f3d716562e
prove_elapsed_ms=760587
verify_and_tamper_elapsed_ms=366
host_peak_rss_kib=Some(113780)
proof_output=/home/c/Documents/BOSUN/scratch/joined_build_20260901/proofs_fleet_20260902/row_128_groth16.bin
proof_bytes=2795 proof_sha256=7f6379d134d873ce0a2c05ea8dd084a1ffd54153fce66e2cd84e0c16cdca7200
verified_proof=true
proof_generated=true
