classification=CANDIDATE_ORDERED_MEMBERSHIP
mode=ceremony_groth16
prover=local_cuda_explicit
row=46
trapdoor_flag_expected=1
sp1_circuit_version=v6.1.0
cycle_limit=4400000000
raw_bytes=24472000 raw_sha256=0715fa85c85794b90f224080f6b6e81ff49a805930736f699303afcd24894d6d
guest_elf_bytes=1171416 guest_elf_sha256=8bcadf5373742e92eb36535680e4b9f092c00fdcf9a8f7171678c49b170f11db
sp1_vkey=0x0019d16cfe911d943315c04235c792fcccc3e0759aa3095a941b8508178e0490
setup_elapsed_ms=22705
Setting environment variables took 98.66µs
Reading R1CS took 22.168782992s
Reading proving key took 4.427710186s
Reading witness file took 611.732µs
Deserializing JSON data took 25.352351ms
Generating witness took 1.145145905s
[90m22:07:43[0m DBG constraint system solver done [36mnbConstraints=[0m15972262 [36mtook=[0m5276.468388
[90m22:07:55[0m DBG prover done [36macceleration=[0mnone [36mbackend=[0mgroth16 [36mcurve=[0mbn254 [36mnbConstraints=[0m15972262 [36mtook=[0m11226.577069
Generating proof took 16.503376519s
[90m22:07:55[0m [33mWRN[0m [1mignoring uninitialized slice[0m [36mslice name=[0mVars [36mslice type=[0m[]frontend.Variable
[90m22:07:55[0m [33mWRN[0m [1mignoring uninitialized slice[0m [36mslice name=[0mVars [36mslice type=[0m[]frontend.Variable
[90m22:07:55[0m [33mWRN[0m [1mignoring uninitialized slice[0m [36mslice name=[0mVars [36mslice type=[0m[]frontend.Variable
[90m22:07:55[0m DBG verifier done [36mbackend=[0mgroth16 [36mcurve=[0mbn254 [36mtook=[0m0.828557
oracle=independent_row_46 checked=1101 circuit_derived=0
oracle_note=pose verdict 4, head saturation 0, logit sums [-9331, -20497, -14929, 1165, 8521, 4906, -40098, -24455, -18117, 4164, 1793] match the audited parity vectors
oracle_note=typed context, typed root and uncropped commitment match row_oracle.py; coupling score numerator 45834081 (denominator 4) is circuit-derived
public_values_bytes=1101
public_values_sha256=d135ef7ea94b18f2322fc6452a4138a77f9eb09fad83cfd732ec24f02a16be09
prove_elapsed_ms=762538
verify_and_tamper_elapsed_ms=367
host_peak_rss_kib=Some(113780)
proof_output=/home/c/Documents/BOSUN/scratch/joined_build_20260901/proofs_fleet_20260902/row_046_groth16.bin
proof_bytes=2794 proof_sha256=5ccf7f453c4a0f5bc546a7f7a0fe0c02f4911d54116cc387086bfac814b00bbf
verified_proof=true
proof_generated=true
