classification=CANDIDATE_ORDERED_MEMBERSHIP
mode=ceremony_groth16
prover=local_cuda_explicit
row=176
trapdoor_flag_expected=1
sp1_circuit_version=v6.1.0
cycle_limit=4400000000
raw_bytes=24472000 raw_sha256=320c59c15f695cd7763ca59031215232937647f75456f5a11d130ff0fa1124e4
guest_elf_bytes=1171416 guest_elf_sha256=8bcadf5373742e92eb36535680e4b9f092c00fdcf9a8f7171678c49b170f11db
sp1_vkey=0x0019d16cfe911d943315c04235c792fcccc3e0759aa3095a941b8508178e0490
setup_elapsed_ms=22783
Setting environment variables took 15.71µs
Reading R1CS took 22.210487616s
Reading proving key took 4.321488606s
Reading witness file took 664.764µs
Deserializing JSON data took 25.123263ms
Generating witness took 1.143374563s
[90m02:07:25[0m DBG constraint system solver done [36mnbConstraints=[0m15972262 [36mtook=[0m5399.710464
[90m02:07:36[0m DBG prover done [36macceleration=[0mnone [36mbackend=[0mgroth16 [36mcurve=[0mbn254 [36mnbConstraints=[0m15972262 [36mtook=[0m11314.813373
Generating proof took 16.714843064s
[90m02:07:36[0m [33mWRN[0m [1mignoring uninitialized slice[0m [36mslice name=[0mVars [36mslice type=[0m[]frontend.Variable
[90m02:07:36[0m [33mWRN[0m [1mignoring uninitialized slice[0m [36mslice name=[0mVars [36mslice type=[0m[]frontend.Variable
[90m02:07:36[0m [33mWRN[0m [1mignoring uninitialized slice[0m [36mslice name=[0mVars [36mslice type=[0m[]frontend.Variable
[90m02:07:36[0m DBG verifier done [36mbackend=[0mgroth16 [36mcurve=[0mbn254 [36mtook=[0m0.833677
oracle=independent_row_176 checked=1101 circuit_derived=0
oracle_note=pose verdict 2, head saturation 0, logit sums [-2595, -17789, 4535, -4611, -11309, -1796, -12375, -8614, -5262, 3915, -28703] match the audited parity vectors
oracle_note=typed context, typed root and uncropped commitment match row_oracle.py; coupling score numerator 61651329 (denominator 4) is circuit-derived
public_values_bytes=1101
public_values_sha256=93c52c9093466ef8a7fe9743edf7f6a8f0350ebc04b8dcc2a4f9cfa4a849efa7
prove_elapsed_ms=739416
verify_and_tamper_elapsed_ms=366
host_peak_rss_kib=Some(113780)
proof_output=/home/c/Documents/BOSUN/scratch/joined_build_20260901/proofs_fleet_20260902/row_176_groth16.bin
proof_bytes=2794 proof_sha256=0a4b697042a350dc35280bd568693121c575b97cfa3d3ff07323eda1cf7e4286
verified_proof=true
proof_generated=true
