classification=CANDIDATE_ORDERED_MEMBERSHIP
mode=ceremony_groth16
prover=local_cuda_explicit
row=192
trapdoor_flag_expected=1
sp1_circuit_version=v6.1.0
cycle_limit=4400000000
raw_bytes=24472000 raw_sha256=2843c2decc7c17f46ed8d6a0629cd1dade559236c5eee9d39e96ab761ce5646e
guest_elf_bytes=1171416 guest_elf_sha256=8bcadf5373742e92eb36535680e4b9f092c00fdcf9a8f7171678c49b170f11db
sp1_vkey=0x0019d16cfe911d943315c04235c792fcccc3e0759aa3095a941b8508178e0490
setup_elapsed_ms=22658
Setting environment variables took 17.35µs
Reading R1CS took 22.62512081s
Reading proving key took 4.322575134s
Reading witness file took 636.964µs
Deserializing JSON data took 25.46001ms
Generating witness took 1.184361744s
[90m02:33:42[0m DBG constraint system solver done [36mnbConstraints=[0m15972262 [36mtook=[0m5403.109874
[90m02:33:53[0m DBG prover done [36macceleration=[0mnone [36mbackend=[0mgroth16 [36mcurve=[0mbn254 [36mnbConstraints=[0m15972262 [36mtook=[0m11049.323951
Generating proof took 16.452749481s
[90m02:33:53[0m [33mWRN[0m [1mignoring uninitialized slice[0m [36mslice name=[0mVars [36mslice type=[0m[]frontend.Variable
[90m02:33:53[0m [33mWRN[0m [1mignoring uninitialized slice[0m [36mslice name=[0mVars [36mslice type=[0m[]frontend.Variable
[90m02:33:53[0m [33mWRN[0m [1mignoring uninitialized slice[0m [36mslice name=[0mVars [36mslice type=[0m[]frontend.Variable
[90m02:33:53[0m DBG verifier done [36mbackend=[0mgroth16 [36mcurve=[0mbn254 [36mtook=[0m0.813196
oracle=independent_row_192 checked=1101 circuit_derived=0
oracle_note=pose verdict 6, head saturation 0, logit sums [-1715, -21253, 1344, 2049, -9178, -4729, 3890, -15120, -4239, -7121, -33919] match the audited parity vectors
oracle_note=typed context, typed root and uncropped commitment match row_oracle.py; coupling score numerator 43312957 (denominator 4) is circuit-derived
public_values_bytes=1101
public_values_sha256=25338eaeb77463888fff9d23acbdc0e8d28b8ee8f6df0ac7e8f0b91b12acedd8
prove_elapsed_ms=777434
verify_and_tamper_elapsed_ms=383
host_peak_rss_kib=Some(114168)
proof_output=/home/c/Documents/BOSUN/scratch/joined_build_20260901/proofs_fleet_20260902/row_192_groth16.bin
proof_bytes=2794 proof_sha256=20b1777083bfd412200e7d4f4e4d0baea4ec735e77781aef4dd1940895c2583a
verified_proof=true
proof_generated=true
