classification=CANDIDATE_ORDERED_MEMBERSHIP
mode=ceremony_groth16
prover=local_cuda_explicit
row=62
trapdoor_flag_expected=1
sp1_circuit_version=v6.1.0
cycle_limit=4400000000
raw_bytes=24472000 raw_sha256=ee26e02a6e852cb55832e3595b11b5a9f211bc16a8afd9771a3aa927d77ca753
guest_elf_bytes=1171416 guest_elf_sha256=8bcadf5373742e92eb36535680e4b9f092c00fdcf9a8f7171678c49b170f11db
sp1_vkey=0x0019d16cfe911d943315c04235c792fcccc3e0759aa3095a941b8508178e0490
setup_elapsed_ms=22723
Setting environment variables took 153.645µs
Reading R1CS took 22.32880955s
Reading proving key took 4.331365925s
Reading witness file took 597.107µs
Deserializing JSON data took 25.335061ms
Generating witness took 1.117613058s
[90m22:33:28[0m DBG constraint system solver done [36mnbConstraints=[0m15972262 [36mtook=[0m5422.983472
[90m22:33:39[0m DBG prover done [36macceleration=[0mnone [36mbackend=[0mgroth16 [36mcurve=[0mbn254 [36mnbConstraints=[0m15972262 [36mtook=[0m11213.183313
Generating proof took 16.636527762s
[90m22:33:39[0m [33mWRN[0m [1mignoring uninitialized slice[0m [36mslice name=[0mVars [36mslice type=[0m[]frontend.Variable
[90m22:33:39[0m [33mWRN[0m [1mignoring uninitialized slice[0m [36mslice name=[0mVars [36mslice type=[0m[]frontend.Variable
[90m22:33:39[0m [33mWRN[0m [1mignoring uninitialized slice[0m [36mslice name=[0mVars [36mslice type=[0m[]frontend.Variable
[90m22:33:39[0m DBG verifier done [36mbackend=[0mgroth16 [36mcurve=[0mbn254 [36mtook=[0m0.867116
oracle=independent_row_62 checked=1101 circuit_derived=0
oracle_note=pose verdict 0, head saturation 0, logit sums [9495, -1876, 2482, 1635, -7693, -9000, -21848, -12342, -13546, 1498, -7760] match the audited parity vectors
oracle_note=typed context, typed root and uncropped commitment match row_oracle.py; coupling score numerator 38710570 (denominator 4) is circuit-derived
public_values_bytes=1101
public_values_sha256=1333183a6eef043f0aa106ef3f8b4e303648ab04b3429ed595980bd14f3e526c
prove_elapsed_ms=743954
verify_and_tamper_elapsed_ms=366
host_peak_rss_kib=Some(114000)
proof_output=/home/c/Documents/BOSUN/scratch/joined_build_20260901/proofs_fleet_20260902/row_062_groth16.bin
proof_bytes=2794 proof_sha256=65c23620e43eaf5a5cb4a7e393b22fa29076cc392407d01e26997e2464379c78
verified_proof=true
proof_generated=true
