classification=CANDIDATE_ORDERED_MEMBERSHIP
mode=ceremony_groth16
prover=local_cuda_explicit
row=144
trapdoor_flag_expected=1
sp1_circuit_version=v6.1.0
cycle_limit=4400000000
raw_bytes=24472000 raw_sha256=85f556da3939bb5fb32de4061f316d3b5b950242dc204af4c63e8226fcf29ef5
guest_elf_bytes=1171416 guest_elf_sha256=8bcadf5373742e92eb36535680e4b9f092c00fdcf9a8f7171678c49b170f11db
sp1_vkey=0x0019d16cfe911d943315c04235c792fcccc3e0759aa3095a941b8508178e0490
setup_elapsed_ms=22768
Setting environment variables took 14.81µs
Reading R1CS took 22.089538849s
Reading proving key took 4.31089914s
Reading witness file took 620.902µs
Deserializing JSON data took 25.19677ms
Generating witness took 1.015692195s
[90m01:15:47[0m DBG constraint system solver done [36mnbConstraints=[0m15972262 [36mtook=[0m5338.242838
[90m01:15:58[0m DBG prover done [36macceleration=[0mnone [36mbackend=[0mgroth16 [36mcurve=[0mbn254 [36mnbConstraints=[0m15972262 [36mtook=[0m11123.854818
Generating proof took 16.462400292s
[90m01:15:58[0m [33mWRN[0m [1mignoring uninitialized slice[0m [36mslice name=[0mVars [36mslice type=[0m[]frontend.Variable
[90m01:15:58[0m [33mWRN[0m [1mignoring uninitialized slice[0m [36mslice name=[0mVars [36mslice type=[0m[]frontend.Variable
[90m01:15:58[0m [33mWRN[0m [1mignoring uninitialized slice[0m [36mslice name=[0mVars [36mslice type=[0m[]frontend.Variable
[90m01:15:58[0m DBG verifier done [36mbackend=[0mgroth16 [36mcurve=[0mbn254 [36mtook=[0m0.948429
oracle=independent_row_144 checked=1101 circuit_derived=0
oracle_note=pose verdict 1, head saturation 0, logit sums [10376, 17744, 5087, -4154, -17048, 756, -29452, -2138, -18852, -9307, -2660] match the audited parity vectors
oracle_note=typed context, typed root and uncropped commitment match row_oracle.py; coupling score numerator 57157738 (denominator 4) is circuit-derived
public_values_bytes=1101
public_values_sha256=32e2ea1fe6392621f2bacb56f7f62cb52be597c32e502af36ea58a797483ea50
prove_elapsed_ms=752470
verify_and_tamper_elapsed_ms=366
host_peak_rss_kib=Some(113780)
proof_output=/home/c/Documents/BOSUN/scratch/joined_build_20260901/proofs_fleet_20260902/row_144_groth16.bin
proof_bytes=2794 proof_sha256=1f461bc008a19f5645c1ca8a4b4371b59f665bbdda3b0def5113ef3811fd2310
verified_proof=true
proof_generated=true
