classification=CANDIDATE_ORDERED_MEMBERSHIP
mode=ceremony_groth16
prover=local_cuda_explicit
row=232
trapdoor_flag_expected=1
sp1_circuit_version=v6.1.0
cycle_limit=4400000000
raw_bytes=24472000 raw_sha256=77f5f9bce1d867a6240a5f906aad2e5f4aa33419a693a2550a42bb0fc04b9089
guest_elf_bytes=1171416 guest_elf_sha256=8bcadf5373742e92eb36535680e4b9f092c00fdcf9a8f7171678c49b170f11db
sp1_vkey=0x0019d16cfe911d943315c04235c792fcccc3e0759aa3095a941b8508178e0490
setup_elapsed_ms=22741
Setting environment variables took 17.761µs
Reading R1CS took 22.419962349s
Reading proving key took 4.302974858s
Reading witness file took 608.733µs
Deserializing JSON data took 25.283806ms
Generating witness took 1.146417058s
[90m03:38:40[0m DBG constraint system solver done [36mnbConstraints=[0m15972262 [36mtook=[0m5343.108686
[90m03:38:51[0m DBG prover done [36macceleration=[0mnone [36mbackend=[0mgroth16 [36mcurve=[0mbn254 [36mnbConstraints=[0m15972262 [36mtook=[0m11253.802427
Generating proof took 16.597175091s
[90m03:38:51[0m [33mWRN[0m [1mignoring uninitialized slice[0m [36mslice name=[0mVars [36mslice type=[0m[]frontend.Variable
[90m03:38:51[0m [33mWRN[0m [1mignoring uninitialized slice[0m [36mslice name=[0mVars [36mslice type=[0m[]frontend.Variable
[90m03:38:51[0m [33mWRN[0m [1mignoring uninitialized slice[0m [36mslice name=[0mVars [36mslice type=[0m[]frontend.Variable
[90m03:38:51[0m DBG verifier done [36mbackend=[0mgroth16 [36mcurve=[0mbn254 [36mtook=[0m0.837567
oracle=independent_row_232 checked=1101 circuit_derived=0
oracle_note=pose verdict 3, head saturation 0, logit sums [-6345, -14148, -7275, 12538, -8762, -3706, -1990, -11245, 6089, 656, -38713] match the audited parity vectors
oracle_note=typed context, typed root and uncropped commitment match row_oracle.py; coupling score numerator 51707798 (denominator 4) is circuit-derived
public_values_bytes=1101
public_values_sha256=33b29383b8cb7243c7f02a92e37b12d8a7ce110d2b3b1b59f30641ecbfba0958
prove_elapsed_ms=759964
verify_and_tamper_elapsed_ms=366
host_peak_rss_kib=Some(113760)
proof_output=/home/c/Documents/BOSUN/scratch/joined_build_20260901/proofs_fleet_20260902/row_232_groth16.bin
proof_bytes=2794 proof_sha256=bb1f09d30881c63f62bfff2bc02ea9c1d7f347047cd4682d7a416b40d3ac0839
verified_proof=true
proof_generated=true
