classification=CANDIDATE_ORDERED_MEMBERSHIP
mode=ceremony_groth16
prover=local_cuda_explicit
row=224
trapdoor_flag_expected=1
sp1_circuit_version=v6.1.0
cycle_limit=4400000000
raw_bytes=24472000 raw_sha256=c3805e4642adff471d02f685021cc43c637ca038c303b93213a86a873ebef2bd
guest_elf_bytes=1171416 guest_elf_sha256=8bcadf5373742e92eb36535680e4b9f092c00fdcf9a8f7171678c49b170f11db
sp1_vkey=0x0019d16cfe911d943315c04235c792fcccc3e0759aa3095a941b8508178e0490
setup_elapsed_ms=22802
Setting environment variables took 111.719µs
Reading R1CS took 22.178887161s
Reading proving key took 4.334902294s
Reading witness file took 647.754µs
Deserializing JSON data took 25.620983ms
Generating witness took 1.189415725s
[90m03:25:36[0m DBG constraint system solver done [36mnbConstraints=[0m15972262 [36mtook=[0m5423.372004
[90m03:25:47[0m DBG prover done [36macceleration=[0mnone [36mbackend=[0mgroth16 [36mcurve=[0mbn254 [36mnbConstraints=[0m15972262 [36mtook=[0m10976.868037
Generating proof took 16.40054504s
[90m03:25:47[0m [33mWRN[0m [1mignoring uninitialized slice[0m [36mslice name=[0mVars [36mslice type=[0m[]frontend.Variable
[90m03:25:47[0m [33mWRN[0m [1mignoring uninitialized slice[0m [36mslice name=[0mVars [36mslice type=[0m[]frontend.Variable
[90m03:25:47[0m [33mWRN[0m [1mignoring uninitialized slice[0m [36mslice name=[0mVars [36mslice type=[0m[]frontend.Variable
[90m03:25:47[0m DBG verifier done [36mbackend=[0mgroth16 [36mcurve=[0mbn254 [36mtook=[0m0.838514
oracle=independent_row_224 checked=1101 circuit_derived=0
oracle_note=pose verdict 3, head saturation 0, logit sums [-9206, -20069, -9456, 6129, 1979, 549, -22368, -18501, -5572, 5191, -20464] match the audited parity vectors
oracle_note=typed context, typed root and uncropped commitment match row_oracle.py; coupling score numerator 48743336 (denominator 4) is circuit-derived
public_values_bytes=1101
public_values_sha256=312f80c36479b095553ec678b3f28a18604c3f3d98f2ad603dea7b3aaaa22983
prove_elapsed_ms=751977
verify_and_tamper_elapsed_ms=366
host_peak_rss_kib=Some(114500)
proof_output=/home/c/Documents/BOSUN/scratch/joined_build_20260901/proofs_fleet_20260902/row_224_groth16.bin
proof_bytes=2794 proof_sha256=df452539dea091a294ee739e9456c88a101b9c69776ac9bf8c9d4f611c2375b3
verified_proof=true
proof_generated=true
