classification=CANDIDATE_ORDERED_MEMBERSHIP
mode=ceremony_groth16
prover=local_cuda_explicit
row=216
trapdoor_flag_expected=1
sp1_circuit_version=v6.1.0
cycle_limit=4400000000
raw_bytes=24472000 raw_sha256=f5d74a330e11f6d2f762b43ef1932687353c15064bf70e66e5c6f9f7dbb3312c
guest_elf_bytes=1171416 guest_elf_sha256=8bcadf5373742e92eb36535680e4b9f092c00fdcf9a8f7171678c49b170f11db
sp1_vkey=0x0019d16cfe911d943315c04235c792fcccc3e0759aa3095a941b8508178e0490
setup_elapsed_ms=22741
Setting environment variables took 15.41µs
Reading R1CS took 22.206365294s
Reading proving key took 4.325264403s
Reading witness file took 611.192µs
Deserializing JSON data took 25.248762ms
Generating witness took 1.201708744s
[90m03:12:39[0m DBG constraint system solver done [36mnbConstraints=[0m15972262 [36mtook=[0m5341.362183
[90m03:12:51[0m DBG prover done [36macceleration=[0mnone [36mbackend=[0mgroth16 [36mcurve=[0mbn254 [36mnbConstraints=[0m15972262 [36mtook=[0m11219.047147
Generating proof took 16.560721016s
[90m03:12:51[0m [33mWRN[0m [1mignoring uninitialized slice[0m [36mslice name=[0mVars [36mslice type=[0m[]frontend.Variable
[90m03:12:51[0m [33mWRN[0m [1mignoring uninitialized slice[0m [36mslice name=[0mVars [36mslice type=[0m[]frontend.Variable
[90m03:12:51[0m [33mWRN[0m [1mignoring uninitialized slice[0m [36mslice name=[0mVars [36mslice type=[0m[]frontend.Variable
[90m03:12:51[0m DBG verifier done [36mbackend=[0mgroth16 [36mcurve=[0mbn254 [36mtook=[0m0.855328
oracle=independent_row_216 checked=1101 circuit_derived=0
oracle_note=pose verdict 3, head saturation 0, logit sums [-10405, -22947, -13512, 8058, 6749, 791, -22973, -22415, -7865, 3742, -16622] match the audited parity vectors
oracle_note=typed context, typed root and uncropped commitment match row_oracle.py; coupling score numerator 37038057 (denominator 4) is circuit-derived
public_values_bytes=1101
public_values_sha256=928c4b5d1264c67c8aae5faf11ff672439042ff5e04ea51b11fe1cf8adbe266d
prove_elapsed_ms=752160
verify_and_tamper_elapsed_ms=367
host_peak_rss_kib=Some(114240)
proof_output=/home/c/Documents/BOSUN/scratch/joined_build_20260901/proofs_fleet_20260902/row_216_groth16.bin
proof_bytes=2794 proof_sha256=32e277c038e51fa60e9e6156ae75e0a61ea5a212d3fa918e7d485818bf2478c5
verified_proof=true
proof_generated=true
