classification=CANDIDATE_ORDERED_MEMBERSHIP
mode=ceremony_groth16
prover=local_cuda_explicit
row=256
trapdoor_flag_expected=1
sp1_circuit_version=v6.1.0
cycle_limit=4400000000
raw_bytes=24472000 raw_sha256=5f64fee678a15a9626e35687ced4dedc878799f3ca99ceab8c44b2c1711f6906
guest_elf_bytes=1171416 guest_elf_sha256=8bcadf5373742e92eb36535680e4b9f092c00fdcf9a8f7171678c49b170f11db
sp1_vkey=0x0019d16cfe911d943315c04235c792fcccc3e0759aa3095a941b8508178e0490
setup_elapsed_ms=22861
Setting environment variables took 15.301µs
Reading R1CS took 22.164898983s
Reading proving key took 4.389736981s
Reading witness file took 612.843µs
Deserializing JSON data took 25.618156ms
Generating witness took 1.239232555s
[90m04:17:58[0m DBG constraint system solver done [36mnbConstraints=[0m15972262 [36mtook=[0m5328.762431
[90m04:18:09[0m DBG prover done [36macceleration=[0mnone [36mbackend=[0mgroth16 [36mcurve=[0mbn254 [36mnbConstraints=[0m15972262 [36mtook=[0m11076.584447
Generating proof took 16.405619494s
[90m04:18:09[0m [33mWRN[0m [1mignoring uninitialized slice[0m [36mslice name=[0mVars [36mslice type=[0m[]frontend.Variable
[90m04:18:09[0m [33mWRN[0m [1mignoring uninitialized slice[0m [36mslice name=[0mVars [36mslice type=[0m[]frontend.Variable
[90m04:18:09[0m [33mWRN[0m [1mignoring uninitialized slice[0m [36mslice name=[0mVars [36mslice type=[0m[]frontend.Variable
[90m04:18:09[0m DBG verifier done [36mbackend=[0mgroth16 [36mcurve=[0mbn254 [36mtook=[0m0.919278
oracle=independent_row_256 checked=1101 circuit_derived=0
oracle_note=pose verdict 3, head saturation 0, logit sums [-1918, -14528, -2891, 14289, -7138, -8885, 8025, -13519, 5512, -1795, -42073] match the audited parity vectors
oracle_note=typed context, typed root and uncropped commitment match row_oracle.py; coupling score numerator 41692324 (denominator 4) is circuit-derived
public_values_bytes=1101
public_values_sha256=938ef30263193cd35bc0805d09ee311495ed0e70a4a493567742723ca3d882b1
prove_elapsed_ms=756106
verify_and_tamper_elapsed_ms=365
host_peak_rss_kib=Some(113780)
proof_output=/home/c/Documents/BOSUN/scratch/joined_build_20260901/proofs_fleet_20260902/row_256_groth16.bin
proof_bytes=2794 proof_sha256=cd2029f9450981e3fe3fcf3c770261a243a35c6f5d1aa5a3c0b5e9733f390860
verified_proof=true
proof_generated=true
