classification=CANDIDATE_ORDERED_MEMBERSHIP
mode=ceremony_groth16
prover=local_cuda_explicit
row=22
trapdoor_flag_expected=1
sp1_circuit_version=v6.1.0
cycle_limit=4400000000
raw_bytes=24472000 raw_sha256=096997b4a2fd36004390eaa71a9981419e442a8e89197b7fe3e4bfe1e172e5f2
guest_elf_bytes=1171416 guest_elf_sha256=8bcadf5373742e92eb36535680e4b9f092c00fdcf9a8f7171678c49b170f11db
sp1_vkey=0x0019d16cfe911d943315c04235c792fcccc3e0759aa3095a941b8508178e0490
setup_elapsed_ms=22798
Setting environment variables took 15.411µs
Reading R1CS took 22.058473507s
Reading proving key took 4.322090358s
Reading witness file took 562.882µs
Deserializing JSON data took 25.324335ms
Generating witness took 1.194069954s
[90m21:28:39[0m DBG constraint system solver done [36mnbConstraints=[0m15972262 [36mtook=[0m5446.118298
[90m21:28:51[0m DBG prover done [36macceleration=[0mnone [36mbackend=[0mgroth16 [36mcurve=[0mbn254 [36mnbConstraints=[0m15972262 [36mtook=[0m11306.11206
Generating proof took 16.752523172s
[90m21:28:51[0m [33mWRN[0m [1mignoring uninitialized slice[0m [36mslice name=[0mVars [36mslice type=[0m[]frontend.Variable
[90m21:28:51[0m [33mWRN[0m [1mignoring uninitialized slice[0m [36mslice name=[0mVars [36mslice type=[0m[]frontend.Variable
[90m21:28:51[0m [33mWRN[0m [1mignoring uninitialized slice[0m [36mslice name=[0mVars [36mslice type=[0m[]frontend.Variable
[90m21:28:51[0m DBG verifier done [36mbackend=[0mgroth16 [36mcurve=[0mbn254 [36mtook=[0m0.887158
oracle=independent_row_22 checked=1101 circuit_derived=0
oracle_note=pose verdict 2, head saturation 0, logit sums [337, -7817, 3353, -3878, -10631, 891, -12800, -5178, -6985, 1545, -22556] match the audited parity vectors
oracle_note=typed context, typed root and uncropped commitment match row_oracle.py; coupling score numerator 44855003 (denominator 4) is circuit-derived
public_values_bytes=1101
public_values_sha256=380d41ab5fb8a76ef67b84b21377eeb858200584c433e109d020218081d21e08
prove_elapsed_ms=750477
verify_and_tamper_elapsed_ms=365
host_peak_rss_kib=Some(114020)
proof_output=/home/c/Documents/BOSUN/scratch/joined_build_20260901/proofs_fleet_20260902/row_022_groth16.bin
proof_bytes=2795 proof_sha256=2576a1e928d7fe32a48561cfe5e05899b06456f5a93f574c185bd2993a4f23b7
verified_proof=true
proof_generated=true
