classification=CANDIDATE_ORDERED_MEMBERSHIP
mode=ceremony_groth16
prover=local_cuda_explicit
row=70
trapdoor_flag_expected=1
sp1_circuit_version=v6.1.0
cycle_limit=4400000000
raw_bytes=24472000 raw_sha256=6532fc2160b7f80f8eedcec0da7c80d3dcbc040a6a8845d64eb31616a9356af4
guest_elf_bytes=1171416 guest_elf_sha256=8bcadf5373742e92eb36535680e4b9f092c00fdcf9a8f7171678c49b170f11db
sp1_vkey=0x0019d16cfe911d943315c04235c792fcccc3e0759aa3095a941b8508178e0490
setup_elapsed_ms=22571
Setting environment variables took 15.691µs
Reading R1CS took 22.042190505s
Reading proving key took 3.442966395s
Reading witness file took 559.521µs
Deserializing JSON data took 25.239527ms
Generating witness took 1.258515754s
[90m22:46:29[0m DBG constraint system solver done [36mnbConstraints=[0m15972262 [36mtook=[0m5954.896029
[90m22:46:41[0m DBG prover done [36macceleration=[0mnone [36mbackend=[0mgroth16 [36mcurve=[0mbn254 [36mnbConstraints=[0m15972262 [36mtook=[0m11340.810714
Generating proof took 17.295972438s
[90m22:46:41[0m [33mWRN[0m [1mignoring uninitialized slice[0m [36mslice name=[0mVars [36mslice type=[0m[]frontend.Variable
[90m22:46:41[0m [33mWRN[0m [1mignoring uninitialized slice[0m [36mslice name=[0mVars [36mslice type=[0m[]frontend.Variable
[90m22:46:41[0m [33mWRN[0m [1mignoring uninitialized slice[0m [36mslice name=[0mVars [36mslice type=[0m[]frontend.Variable
[90m22:46:41[0m DBG verifier done [36mbackend=[0mgroth16 [36mcurve=[0mbn254 [36mtook=[0m0.908779
oracle=independent_row_70 checked=1101 circuit_derived=0
oracle_note=pose verdict 0, head saturation 0, logit sums [14165, 500, 948, 1495, -6656, -5386, -29430, -23052, -22211, -6692, 1939] match the audited parity vectors
oracle_note=typed context, typed root and uncropped commitment match row_oracle.py; coupling score numerator 49017056 (denominator 4) is circuit-derived
public_values_bytes=1101
public_values_sha256=64d8d385f1a9ddec57de6c89168ac851be553603902907b39b45d3cba186d50d
prove_elapsed_ms=757926
verify_and_tamper_elapsed_ms=366
host_peak_rss_kib=Some(113780)
proof_output=/home/c/Documents/BOSUN/scratch/joined_build_20260901/proofs_fleet_20260902/row_070_groth16.bin
proof_bytes=2794 proof_sha256=a9f48ebc7a65a638078f87a6e647f20b24cd18dbdbf8ba8c0e3e430979bea566
verified_proof=true
proof_generated=true
