classification=CANDIDATE_ORDERED_MEMBERSHIP
mode=ceremony_groth16
prover=local_cuda_explicit
row=136
trapdoor_flag_expected=1
sp1_circuit_version=v6.1.0
cycle_limit=4400000000
raw_bytes=24472000 raw_sha256=019c37dc48971eccc4c0801ed8474f7b7d9418c5039d25c49d07b4125c906506
guest_elf_bytes=1171416 guest_elf_sha256=8bcadf5373742e92eb36535680e4b9f092c00fdcf9a8f7171678c49b170f11db
sp1_vkey=0x0019d16cfe911d943315c04235c792fcccc3e0759aa3095a941b8508178e0490
setup_elapsed_ms=22687
Setting environment variables took 24.099µs
Reading R1CS took 22.140917933s
Reading proving key took 4.32676891s
Reading witness file took 627.22µs
Deserializing JSON data took 25.424262ms
Generating witness took 1.226751345s
[90m01:02:50[0m DBG constraint system solver done [36mnbConstraints=[0m15972262 [36mtook=[0m5360.406744
[90m01:03:01[0m DBG prover done [36macceleration=[0mnone [36mbackend=[0mgroth16 [36mcurve=[0mbn254 [36mnbConstraints=[0m15972262 [36mtook=[0m11400.738173
Generating proof took 16.761424377s
[90m01:03:01[0m [33mWRN[0m [1mignoring uninitialized slice[0m [36mslice name=[0mVars [36mslice type=[0m[]frontend.Variable
[90m01:03:01[0m [33mWRN[0m [1mignoring uninitialized slice[0m [36mslice name=[0mVars [36mslice type=[0m[]frontend.Variable
[90m01:03:01[0m [33mWRN[0m [1mignoring uninitialized slice[0m [36mslice name=[0mVars [36mslice type=[0m[]frontend.Variable
[90m01:03:01[0m DBG verifier done [36mbackend=[0mgroth16 [36mcurve=[0mbn254 [36mtook=[0m0.880217
oracle=independent_row_136 checked=1101 circuit_derived=0
oracle_note=pose verdict 1, head saturation 0, logit sums [2764, 14080, 6592, -5646, -20183, 3306, -31155, 9524, -8385, 54, -17479] match the audited parity vectors
oracle_note=typed context, typed root and uncropped commitment match row_oracle.py; coupling score numerator 37746728 (denominator 4) is circuit-derived
public_values_bytes=1101
public_values_sha256=cf77fdfbab39e9c56b5b8e21fba45d5b50abe6d8ab3d982405b91d85eac1c84b
prove_elapsed_ms=761108
verify_and_tamper_elapsed_ms=366
host_peak_rss_kib=Some(114260)
proof_output=/home/c/Documents/BOSUN/scratch/joined_build_20260901/proofs_fleet_20260902/row_136_groth16.bin
proof_bytes=2794 proof_sha256=d8898d0af18e28879fd2b671ea50d2c18fa8d90c9482d27ecffb886a7974cccf
verified_proof=true
proof_generated=true
