classification=CANDIDATE_ORDERED_MEMBERSHIP
mode=ceremony_groth16
prover=local_cuda_explicit
row=95
trapdoor_flag_expected=1
sp1_circuit_version=v6.1.0
cycle_limit=4400000000
raw_bytes=24472000 raw_sha256=080c2977bcecb00759ea542b2d9ce6fb4d812fe5f9298b9fe8d7f0d1152beab5
guest_elf_bytes=1171416 guest_elf_sha256=8bcadf5373742e92eb36535680e4b9f092c00fdcf9a8f7171678c49b170f11db
sp1_vkey=0x0019d16cfe911d943315c04235c792fcccc3e0759aa3095a941b8508178e0490
setup_elapsed_ms=22839
Setting environment variables took 87.902µs
Reading R1CS took 21.964815602s
Reading proving key took 3.464269964s
Reading witness file took 654.264µs
Deserializing JSON data took 25.106848ms
Generating witness took 1.099691391s
[90m23:25:25[0m DBG constraint system solver done [36mnbConstraints=[0m15972262 [36mtook=[0m5984.154257
[90m23:25:36[0m DBG prover done [36macceleration=[0mnone [36mbackend=[0mgroth16 [36mcurve=[0mbn254 [36mnbConstraints=[0m15972262 [36mtook=[0m11452.089038
Generating proof took 17.43651877s
[90m23:25:36[0m [33mWRN[0m [1mignoring uninitialized slice[0m [36mslice name=[0mVars [36mslice type=[0m[]frontend.Variable
[90m23:25:36[0m [33mWRN[0m [1mignoring uninitialized slice[0m [36mslice name=[0mVars [36mslice type=[0m[]frontend.Variable
[90m23:25:36[0m [33mWRN[0m [1mignoring uninitialized slice[0m [36mslice name=[0mVars [36mslice type=[0m[]frontend.Variable
[90m23:25:36[0m DBG verifier done [36mbackend=[0mgroth16 [36mcurve=[0mbn254 [36mtook=[0m0.898179
oracle=independent_row_95 checked=1101 circuit_derived=0
oracle_note=pose verdict 1, head saturation 0, logit sums [12498, 20530, 6663, 1316, -17521, -4924, -22208, 3745, -11932, -6566, -11215] match the audited parity vectors
oracle_note=typed context, typed root and uncropped commitment match row_oracle.py; coupling score numerator 2910142 (denominator 4) is circuit-derived
public_values_bytes=1101
public_values_sha256=36bf493e92f6082792c1c3094f7dde290af1b2d53f508d457c377ffb4af4512c
prove_elapsed_ms=755566
verify_and_tamper_elapsed_ms=366
host_peak_rss_kib=Some(114000)
proof_output=/home/c/Documents/BOSUN/scratch/joined_build_20260901/proofs_fleet_20260902/row_095_groth16.bin
proof_bytes=2795 proof_sha256=070ae6d609dcce5223059e715b2afbab3c5724882ac30d25c878b44384553335
verified_proof=true
proof_generated=true
