classification=CANDIDATE_ORDERED_MEMBERSHIP
mode=ceremony_groth16
prover=local_cuda_explicit
row=160
trapdoor_flag_expected=1
sp1_circuit_version=v6.1.0
cycle_limit=4400000000
raw_bytes=24472000 raw_sha256=a8c3b58a8b2f9d7d0a3865bca24d347b55e3d5498765b435710965ee99619403
guest_elf_bytes=1171416 guest_elf_sha256=8bcadf5373742e92eb36535680e4b9f092c00fdcf9a8f7171678c49b170f11db
sp1_vkey=0x0019d16cfe911d943315c04235c792fcccc3e0759aa3095a941b8508178e0490
setup_elapsed_ms=22825
Setting environment variables took 25.981µs
Reading R1CS took 22.028745094s
Reading proving key took 4.389553199s
Reading witness file took 605.083µs
Deserializing JSON data took 25.41808ms
Generating witness took 1.206329608s
[90m01:41:38[0m DBG constraint system solver done [36mnbConstraints=[0m15972262 [36mtook=[0m5370.356371
[90m01:41:50[0m DBG prover done [36macceleration=[0mnone [36mbackend=[0mgroth16 [36mcurve=[0mbn254 [36mnbConstraints=[0m15972262 [36mtook=[0m11273.124075
Generating proof took 16.643795777s
[90m01:41:50[0m [33mWRN[0m [1mignoring uninitialized slice[0m [36mslice name=[0mVars [36mslice type=[0m[]frontend.Variable
[90m01:41:50[0m [33mWRN[0m [1mignoring uninitialized slice[0m [36mslice name=[0mVars [36mslice type=[0m[]frontend.Variable
[90m01:41:50[0m [33mWRN[0m [1mignoring uninitialized slice[0m [36mslice name=[0mVars [36mslice type=[0m[]frontend.Variable
[90m01:41:50[0m DBG verifier done [36mbackend=[0mgroth16 [36mcurve=[0mbn254 [36mtook=[0m0.81409
oracle=independent_row_160 checked=1101 circuit_derived=0
oracle_note=pose verdict 2, head saturation 0, logit sums [-5066, -1174, 9859, -3380, -21513, -2541, -2622, 7096, 2724, -1926, -34780] match the audited parity vectors
oracle_note=typed context, typed root and uncropped commitment match row_oracle.py; coupling score numerator 58156855 (denominator 4) is circuit-derived
public_values_bytes=1101
public_values_sha256=21e0c9844e8f35229c2db19fa300e1e8daec080f0012329438274f01c15d3640
prove_elapsed_ms=747904
verify_and_tamper_elapsed_ms=365
host_peak_rss_kib=Some(114020)
proof_output=/home/c/Documents/BOSUN/scratch/joined_build_20260901/proofs_fleet_20260902/row_160_groth16.bin
proof_bytes=2793 proof_sha256=1710d8df31fad0ce5a1bb8251c9ac006af7190012a0ee3a42ba16b5641659452
verified_proof=true
proof_generated=true
