classification=CANDIDATE_ORDERED_MEMBERSHIP
mode=ceremony_groth16
prover=local_cuda_explicit
row=116
trapdoor_flag_expected=1
sp1_circuit_version=v6.1.0
cycle_limit=4400000000
raw_bytes=24472000 raw_sha256=bab96306fa5f222f9e1fe8fd1cce3f0d9e64b4e9c2f0e6743f64e3c93594b792
guest_elf_bytes=1171416 guest_elf_sha256=8bcadf5373742e92eb36535680e4b9f092c00fdcf9a8f7171678c49b170f11db
sp1_vkey=0x0019d16cfe911d943315c04235c792fcccc3e0759aa3095a941b8508178e0490
setup_elapsed_ms=22620
Setting environment variables took 58.111µs
Reading R1CS took 22.076720109s
Reading proving key took 4.320362187s
Reading witness file took 599.311µs
Deserializing JSON data took 25.433386ms
Generating witness took 1.269714738s
[90m00:36:52[0m DBG constraint system solver done [36mnbConstraints=[0m15972262 [36mtook=[0m5492.997095
[90m00:37:03[0m DBG prover done [36macceleration=[0mnone [36mbackend=[0mgroth16 [36mcurve=[0mbn254 [36mnbConstraints=[0m15972262 [36mtook=[0m11311.058354
Generating proof took 16.804393316s
[90m00:37:03[0m [33mWRN[0m [1mignoring uninitialized slice[0m [36mslice name=[0mVars [36mslice type=[0m[]frontend.Variable
[90m00:37:03[0m [33mWRN[0m [1mignoring uninitialized slice[0m [36mslice name=[0mVars [36mslice type=[0m[]frontend.Variable
[90m00:37:03[0m [33mWRN[0m [1mignoring uninitialized slice[0m [36mslice name=[0mVars [36mslice type=[0m[]frontend.Variable
[90m00:37:03[0m DBG verifier done [36mbackend=[0mgroth16 [36mcurve=[0mbn254 [36mtook=[0m0.920689
oracle=independent_row_116 checked=1101 circuit_derived=0
oracle_note=pose verdict 0, head saturation 0, logit sums [6289, 5500, 3558, -2815, -11142, -3410, -26807, -2741, -16366, -1604, -7484] match the audited parity vectors
oracle_note=typed context, typed root and uncropped commitment match row_oracle.py; coupling score numerator 41975393 (denominator 4) is circuit-derived
public_values_bytes=1101
public_values_sha256=e30a3621064a343ab79d656c400ae02241378d09a05d7d443bd229fb84f159ed
prove_elapsed_ms=746538
verify_and_tamper_elapsed_ms=365
host_peak_rss_kib=Some(114260)
proof_output=/home/c/Documents/BOSUN/scratch/joined_build_20260901/proofs_fleet_20260902/row_116_groth16.bin
proof_bytes=2794 proof_sha256=e0fd2a744a7e3c0ea8a5d221bbb554d6a82c90c8a866147234c9fb1639e5b82d
verified_proof=true
proof_generated=true
