classification=CANDIDATE_ORDERED_MEMBERSHIP
mode=ceremony_groth16
prover=local_cuda_explicit
row=140
trapdoor_flag_expected=1
sp1_circuit_version=v6.1.0
cycle_limit=4400000000
raw_bytes=24472000 raw_sha256=daa872d373b733c9e2c9ae1c242c6d7388a95691fe1e620fe0a62058f0a7a867
guest_elf_bytes=1171416 guest_elf_sha256=8bcadf5373742e92eb36535680e4b9f092c00fdcf9a8f7171678c49b170f11db
sp1_vkey=0x0019d16cfe911d943315c04235c792fcccc3e0759aa3095a941b8508178e0490
setup_elapsed_ms=22863
Setting environment variables took 249.702µs
Reading R1CS took 22.284223567s
Reading proving key took 4.273068522s
Reading witness file took 619.932µs
Deserializing JSON data took 25.42176ms
Generating witness took 1.251219903s
[90m01:15:42[0m DBG constraint system solver done [36mnbConstraints=[0m15972262 [36mtook=[0m5482.760026
[90m01:15:53[0m DBG prover done [36macceleration=[0mnone [36mbackend=[0mgroth16 [36mcurve=[0mbn254 [36mnbConstraints=[0m15972262 [36mtook=[0m11369.375314
Generating proof took 16.852435246s
[90m01:15:53[0m [33mWRN[0m [1mignoring uninitialized slice[0m [36mslice name=[0mVars [36mslice type=[0m[]frontend.Variable
[90m01:15:53[0m [33mWRN[0m [1mignoring uninitialized slice[0m [36mslice name=[0mVars [36mslice type=[0m[]frontend.Variable
[90m01:15:53[0m [33mWRN[0m [1mignoring uninitialized slice[0m [36mslice name=[0mVars [36mslice type=[0m[]frontend.Variable
[90m01:15:53[0m DBG verifier done [36mbackend=[0mgroth16 [36mcurve=[0mbn254 [36mtook=[0m0.841088
oracle=independent_row_140 checked=1101 circuit_derived=0
oracle_note=pose verdict 1, head saturation 0, logit sums [9322, 14427, 3157, -7937, -14357, 4421, -34908, -1999, -22857, -8022, -263] match the audited parity vectors
oracle_note=typed context, typed root and uncropped commitment match row_oracle.py; coupling score numerator 36134554 (denominator 4) is circuit-derived
public_values_bytes=1101
public_values_sha256=2292ff694da78a2f16afd9b970f215a827291f599ca1c105b5dd29efa81489de
prove_elapsed_ms=750482
verify_and_tamper_elapsed_ms=366
host_peak_rss_kib=Some(113760)
proof_output=/home/c/Documents/BOSUN/scratch/joined_build_20260901/proofs_fleet_20260902/row_140_groth16.bin
proof_bytes=2794 proof_sha256=f819e7bdcae77393a922ed7552f0af98c8d8565525d4953e5ab2628ef470eab5
verified_proof=true
proof_generated=true
