Running sp1-gpu-server 6.4.0 with device 0
[sp1] downloaded https://sp1-circuits.s3-us-east-2.amazonaws.com/v6.1.0-groth16.tar.gz to /home/ubuntu/.sp1/circuits/groth16/v6.1.0.incomplete.Dduc2O

thread 'main' (28164) panicked at /home/ubuntu/.cargo/registry/src/index.crates.io-1949cf8c6b5b557f/sp1-cuda-6.4.0/src/pk.rs:63:9:
there is no reactor running, must be called from the context of a Tokio 1.x runtime
note: run with `RUST_BACKTRACE=1` environment variable to display a backtrace

thread 'main' (28164) panicked at /home/ubuntu/.cargo/registry/src/index.crates.io-1949cf8c6b5b557f/sp1-cuda-6.4.0/src/client.rs:221:9:
there is no reactor running, must be called from the context of a Tokio 1.x runtime
stack backtrace:
   0:     0x62f141fa7381 - <<std[5167731717db2e51]::sys::backtrace::BacktraceLock>::print::DisplayBacktrace as core[8c5ac2f034688f9a]::fmt::Display>::fmt
   1:     0x62f141fc325a - core[8c5ac2f034688f9a]::fmt::write
   2:     0x62f141fafcfc - <std[5167731717db2e51]::sys::stdio::unix::Stderr as std[5167731717db2e51]::io::Write>::write_fmt
   3:     0x62f141f814d6 - std[5167731717db2e51]::panicking::default_hook::{closure#0}
   4:     0x62f141f9d821 - std[5167731717db2e51]::panicking::default_hook
   5:     0x62f141f9db4b - std[5167731717db2e51]::panicking::panic_with_hook
   6:     0x62f141f81582 - std[5167731717db2e51]::panicking::panic_handler::{closure#0}
   7:     0x62f141f75d19 - std[5167731717db2e51]::sys::backtrace::__rust_end_short_backtrace::<std[5167731717db2e51]::panicking::panic_handler::{closure#0}, !>
   8:     0x62f141f8255d - __rustc[4b1ee1ef74718a7b]::rust_begin_unwind
   9:     0x62f141fc3a3c - core[8c5ac2f034688f9a]::panicking::panic_fmt
  10:     0x62f140f37362 - tokio[5c42c242f82622df]::task::spawn::spawn::<<sp1_cuda[b30e49432b27df26]::client::CudaClientInner as core[8c5ac2f034688f9a]::ops::drop::Drop>::drop::{closure#0}>
  11:     0x62f140f376d9 - <alloc[93e694a8365d93dd]::sync::Arc<sp1_cuda[b30e49432b27df26]::client::CudaClientInner>>::drop_slow
  12:     0x62f140201543 - zeebeam_row_binding_membership_ceremony[52db13afadcc5d1b]::main
  13:     0x62f140220433 - std[5167731717db2e51]::sys::backtrace::__rust_begin_short_backtrace::<fn(), ()>
  14:     0x62f14021e5c9 - std[5167731717db2e51]::rt::lang_start::<()>::{closure#0}
  15:     0x62f141f9c7e7 - std[5167731717db2e51]::rt::lang_start_internal
  16:     0x62f140203535 - main
  17:     0x78eb00029d90 - __libc_start_call_main
                               at ./csu/../sysdeps/nptl/libc_start_call_main.h:58:16
  18:     0x78eb00029e40 - __libc_start_main_impl
                               at ./csu/../csu/libc-start.c:392:3
  19:     0x62f1401f4165 - _start
  20:                0x0 - <unknown>

thread 'main' (28164) panicked at /rustc/88d9e12ae178fab0fb5cc050a94da85685d449ea/library/core/src/panicking.rs:233:5:
panic in a destructor during cleanup
thread caused non-unwinding panic. aborting.
