classification=CANDIDATE_ORDERED_MEMBERSHIP
mode=ceremony_groth16
prover=local_cuda_explicit
row=172
trapdoor_flag_expected=1
sp1_circuit_version=v6.1.0
cycle_limit=4400000000
raw_bytes=24472000 raw_sha256=63e3a4fa341db21175b83bdb849a5fae369e1c02a0087627e71100b69b36c815
guest_elf_bytes=1171416 guest_elf_sha256=8bcadf5373742e92eb36535680e4b9f092c00fdcf9a8f7171678c49b170f11db
sp1_vkey=0x0019d16cfe911d943315c04235c792fcccc3e0759aa3095a941b8508178e0490
setup_elapsed_ms=22782
Setting environment variables took 15.071µs
Reading R1CS took 22.414520216s
Reading proving key took 4.337339333s
Reading witness file took 608.061µs
Deserializing JSON data took 25.590902ms
Generating witness took 1.270373872s
[90m02:07:07[0m DBG constraint system solver done [36mnbConstraints=[0m15972262 [36mtook=[0m5435.13413
[90m02:07:18[0m DBG prover done [36macceleration=[0mnone [36mbackend=[0mgroth16 [36mcurve=[0mbn254 [36mnbConstraints=[0m15972262 [36mtook=[0m11284.620405
Generating proof took 16.720033856s
[90m02:07:18[0m [33mWRN[0m [1mignoring uninitialized slice[0m [36mslice name=[0mVars [36mslice type=[0m[]frontend.Variable
[90m02:07:18[0m [33mWRN[0m [1mignoring uninitialized slice[0m [36mslice name=[0mVars [36mslice type=[0m[]frontend.Variable
[90m02:07:18[0m [33mWRN[0m [1mignoring uninitialized slice[0m [36mslice name=[0mVars [36mslice type=[0m[]frontend.Variable
[90m02:07:18[0m DBG verifier done [36mbackend=[0mgroth16 [36mcurve=[0mbn254 [36mtook=[0m0.847047
oracle=independent_row_172 checked=1101 circuit_derived=0
oracle_note=pose verdict 2, head saturation 0, logit sums [1883, -8996, 9838, -4803, -15802, -6506, -5831, -1722, -7215, -2575, -27946] match the audited parity vectors
oracle_note=typed context, typed root and uncropped commitment match row_oracle.py; coupling score numerator 59920184 (denominator 4) is circuit-derived
public_values_bytes=1101
public_values_sha256=49919606e1d5d209e0cb1e680bf38d31f42e779f543967cc6c9a37d593b52490
prove_elapsed_ms=760084
verify_and_tamper_elapsed_ms=366
host_peak_rss_kib=Some(114144)
proof_output=/home/c/Documents/BOSUN/scratch/joined_build_20260901/proofs_fleet_20260902/row_172_groth16.bin
proof_bytes=2794 proof_sha256=0e42f64b2332f346484d15d46409ca469e1587186af0290b5d1a044df9669e3e
verified_proof=true
proof_generated=true
