classification=CANDIDATE_ORDERED_MEMBERSHIP
mode=ceremony_groth16
prover=local_cuda_explicit
row=148
trapdoor_flag_expected=1
sp1_circuit_version=v6.1.0
cycle_limit=4400000000
raw_bytes=24472000 raw_sha256=6391056ec5bb2d43e072a4709e68d106cdb8eec27b53c6e6966dd1dd7195ab80
guest_elf_bytes=1171416 guest_elf_sha256=8bcadf5373742e92eb36535680e4b9f092c00fdcf9a8f7171678c49b170f11db
sp1_vkey=0x0019d16cfe911d943315c04235c792fcccc3e0759aa3095a941b8508178e0490
setup_elapsed_ms=22658
Setting environment variables took 14.88µs
Reading R1CS took 22.367618186s
Reading proving key took 4.291773361s
Reading witness file took 613.543µs
Deserializing JSON data took 25.521819ms
Generating witness took 1.27735897s
[90m01:28:37[0m DBG constraint system solver done [36mnbConstraints=[0m15972262 [36mtook=[0m5444.1126
[90m01:28:48[0m DBG prover done [36macceleration=[0mnone [36mbackend=[0mgroth16 [36mcurve=[0mbn254 [36mnbConstraints=[0m15972262 [36mtook=[0m11031.057889
Generating proof took 16.475470175s
[90m01:28:48[0m [33mWRN[0m [1mignoring uninitialized slice[0m [36mslice name=[0mVars [36mslice type=[0m[]frontend.Variable
[90m01:28:48[0m [33mWRN[0m [1mignoring uninitialized slice[0m [36mslice name=[0mVars [36mslice type=[0m[]frontend.Variable
[90m01:28:48[0m [33mWRN[0m [1mignoring uninitialized slice[0m [36mslice name=[0mVars [36mslice type=[0m[]frontend.Variable
[90m01:28:48[0m DBG verifier done [36mbackend=[0mgroth16 [36mcurve=[0mbn254 [36mtook=[0m0.824815
oracle=independent_row_148 checked=1101 circuit_derived=0
oracle_note=pose verdict 7, head saturation 0, logit sums [3550, 11274, 10199, -7444, -19618, 3537, -21458, 11875, -10167, -2759, -22675] match the audited parity vectors
oracle_note=typed context, typed root and uncropped commitment match row_oracle.py; coupling score numerator 36845300 (denominator 4) is circuit-derived
public_values_bytes=1101
public_values_sha256=13948a871420308e57b2844ffaf8373f964c062d314e1f2f3dca9042f3c3ccd2
prove_elapsed_ms=751007
verify_and_tamper_elapsed_ms=365
host_peak_rss_kib=Some(113760)
proof_output=/home/c/Documents/BOSUN/scratch/joined_build_20260901/proofs_fleet_20260902/row_148_groth16.bin
proof_bytes=2794 proof_sha256=31f6eefb2d768f8d4d5de17d9f18d27d571c4eb9d644a20e83f401335a640df7
verified_proof=true
proof_generated=true
