classification=CANDIDATE_ORDERED_MEMBERSHIP
mode=ceremony_groth16
prover=local_cuda_explicit
row=124
trapdoor_flag_expected=1
sp1_circuit_version=v6.1.0
cycle_limit=4400000000
raw_bytes=24472000 raw_sha256=402f1dea93dc348cee9b34d943123ad05fc93941677b2ade62e85c896ed87f05
guest_elf_bytes=1171416 guest_elf_sha256=8bcadf5373742e92eb36535680e4b9f092c00fdcf9a8f7171678c49b170f11db
sp1_vkey=0x0019d16cfe911d943315c04235c792fcccc3e0759aa3095a941b8508178e0490
setup_elapsed_ms=22921
Setting environment variables took 100.623µs
Reading R1CS took 22.115269755s
Reading proving key took 4.315980734s
Reading witness file took 621.113µs
Deserializing JSON data took 25.221543ms
Generating witness took 1.169116826s
[90m00:49:51[0m DBG constraint system solver done [36mnbConstraints=[0m15972262 [36mtook=[0m5463.278677
[90m00:50:02[0m DBG prover done [36macceleration=[0mnone [36mbackend=[0mgroth16 [36mcurve=[0mbn254 [36mnbConstraints=[0m15972262 [36mtook=[0m11062.954341
Generating proof took 16.526577775s
[90m00:50:02[0m [33mWRN[0m [1mignoring uninitialized slice[0m [36mslice name=[0mVars [36mslice type=[0m[]frontend.Variable
[90m00:50:02[0m [33mWRN[0m [1mignoring uninitialized slice[0m [36mslice name=[0mVars [36mslice type=[0m[]frontend.Variable
[90m00:50:02[0m [33mWRN[0m [1mignoring uninitialized slice[0m [36mslice name=[0mVars [36mslice type=[0m[]frontend.Variable
[90m00:50:02[0m DBG verifier done [36mbackend=[0mgroth16 [36mcurve=[0mbn254 [36mtook=[0m0.942189
oracle=independent_row_124 checked=1101 circuit_derived=0
oracle_note=pose verdict 1, head saturation 0, logit sums [6655, 9992, -30, 467, -12748, 1589, -25814, -4321, -12912, -5506, -13243] match the audited parity vectors
oracle_note=typed context, typed root and uncropped commitment match row_oracle.py; coupling score numerator 53523545 (denominator 4) is circuit-derived
public_values_bytes=1101
public_values_sha256=aab4fe32ab252f6b14c5f58c84c8929cf03b9f00c39496f04a39db14bb736f7c
prove_elapsed_ms=754196
verify_and_tamper_elapsed_ms=366
host_peak_rss_kib=Some(114240)
proof_output=/home/c/Documents/BOSUN/scratch/joined_build_20260901/proofs_fleet_20260902/row_124_groth16.bin
proof_bytes=2794 proof_sha256=4f2b370fb94fd046a27d876bfb89c922e2cbfb8a117bba5836517f1d2969533b
verified_proof=true
proof_generated=true
