classification=CANDIDATE_ORDERED_MEMBERSHIP
mode=ceremony_groth16
prover=local_cuda_explicit
row=164
trapdoor_flag_expected=1
sp1_circuit_version=v6.1.0
cycle_limit=4400000000
raw_bytes=24472000 raw_sha256=7c9c6a24eec9d66183972be89cde720a81336950b26a73811d273eaf87f1f12c
guest_elf_bytes=1171416 guest_elf_sha256=8bcadf5373742e92eb36535680e4b9f092c00fdcf9a8f7171678c49b170f11db
sp1_vkey=0x0019d16cfe911d943315c04235c792fcccc3e0759aa3095a941b8508178e0490
setup_elapsed_ms=22737
Setting environment variables took 111.941µs
Reading R1CS took 22.153785596s
Reading proving key took 4.291801652s
Reading witness file took 620.508µs
Deserializing JSON data took 25.179195ms
Generating witness took 1.295264956s
[90m01:54:02[0m DBG constraint system solver done [36mnbConstraints=[0m15972262 [36mtook=[0m5449.133379
[90m01:54:14[0m DBG prover done [36macceleration=[0mnone [36mbackend=[0mgroth16 [36mcurve=[0mbn254 [36mnbConstraints=[0m15972262 [36mtook=[0m11318.782252
Generating proof took 16.768245108s
[90m01:54:14[0m [33mWRN[0m [1mignoring uninitialized slice[0m [36mslice name=[0mVars [36mslice type=[0m[]frontend.Variable
[90m01:54:14[0m [33mWRN[0m [1mignoring uninitialized slice[0m [36mslice name=[0mVars [36mslice type=[0m[]frontend.Variable
[90m01:54:14[0m [33mWRN[0m [1mignoring uninitialized slice[0m [36mslice name=[0mVars [36mslice type=[0m[]frontend.Variable
[90m01:54:14[0m DBG verifier done [36mbackend=[0mgroth16 [36mcurve=[0mbn254 [36mtook=[0m0.872228
oracle=independent_row_164 checked=1101 circuit_derived=0
oracle_note=pose verdict 2, head saturation 0, logit sums [-9614, -23513, 5643, -4173, -13081, -1622, -3217, -3937, 1912, 4620, -40183] match the audited parity vectors
oracle_note=typed context, typed root and uncropped commitment match row_oracle.py; coupling score numerator 11938647 (denominator 4) is circuit-derived
public_values_bytes=1101
public_values_sha256=e94b4a392e248e79841e3cfe3f1a625bad8271ee92cd97cda98d1462ceca2e53
prove_elapsed_ms=739916
verify_and_tamper_elapsed_ms=366
host_peak_rss_kib=Some(114260)
proof_output=/home/c/Documents/BOSUN/scratch/joined_build_20260901/proofs_fleet_20260902/row_164_groth16.bin
proof_bytes=2794 proof_sha256=15da5d030ab0e43d39b6e0d49367619d4719261df3ab7e2c6030803208d1a1ff
verified_proof=true
proof_generated=true
