classification=CANDIDATE_ORDERED_MEMBERSHIP
mode=ceremony_groth16
prover=local_cuda_explicit
row=220
trapdoor_flag_expected=1
sp1_circuit_version=v6.1.0
cycle_limit=4400000000
raw_bytes=24472000 raw_sha256=d9f01b5a21464504d0d35d285910c5d256bbed89855c09daa1411bdd601d9a4d
guest_elf_bytes=1171416 guest_elf_sha256=8bcadf5373742e92eb36535680e4b9f092c00fdcf9a8f7171678c49b170f11db
sp1_vkey=0x0019d16cfe911d943315c04235c792fcccc3e0759aa3095a941b8508178e0490
setup_elapsed_ms=22769
Setting environment variables took 14.14µs
Reading R1CS took 22.194475622s
Reading proving key took 4.275728713s
Reading witness file took 560.151µs
Deserializing JSON data took 25.785155ms
Generating witness took 1.2699404s
[90m03:24:53[0m DBG constraint system solver done [36mnbConstraints=[0m15972262 [36mtook=[0m5340.517611
[90m03:25:05[0m DBG prover done [36macceleration=[0mnone [36mbackend=[0mgroth16 [36mcurve=[0mbn254 [36mnbConstraints=[0m15972262 [36mtook=[0m11463.698907
Generating proof took 16.804496181s
[90m03:25:05[0m [33mWRN[0m [1mignoring uninitialized slice[0m [36mslice name=[0mVars [36mslice type=[0m[]frontend.Variable
[90m03:25:05[0m [33mWRN[0m [1mignoring uninitialized slice[0m [36mslice name=[0mVars [36mslice type=[0m[]frontend.Variable
[90m03:25:05[0m [33mWRN[0m [1mignoring uninitialized slice[0m [36mslice name=[0mVars [36mslice type=[0m[]frontend.Variable
[90m03:25:05[0m DBG verifier done [36mbackend=[0mgroth16 [36mcurve=[0mbn254 [36mtook=[0m0.881818
oracle=independent_row_220 checked=1101 circuit_derived=0
oracle_note=pose verdict 3, head saturation 0, logit sums [-7486, -26347, -10650, 8095, 4998, -3207, -15702, -27232, -8070, 2123, -18564] match the audited parity vectors
oracle_note=typed context, typed root and uncropped commitment match row_oracle.py; coupling score numerator 42803081 (denominator 4) is circuit-derived
public_values_bytes=1101
public_values_sha256=77858c3f366ae270d650988f2779247b2cf49b7b790047a9f97140200ed57470
prove_elapsed_ms=761680
verify_and_tamper_elapsed_ms=366
host_peak_rss_kib=Some(113780)
proof_output=/home/c/Documents/BOSUN/scratch/joined_build_20260901/proofs_fleet_20260902/row_220_groth16.bin
proof_bytes=2795 proof_sha256=8cc75985a4569f52803b892788f215ac3189fc17fc2afb8031ed060373d1429f
verified_proof=true
proof_generated=true
