classification=CANDIDATE_ORDERED_MEMBERSHIP
mode=ceremony_groth16
prover=local_cuda_explicit
row=228
trapdoor_flag_expected=1
sp1_circuit_version=v6.1.0
cycle_limit=4400000000
raw_bytes=24472000 raw_sha256=7e6567c2ed73baf40472f61e3ccac8b5b250796085c22d402a9e3ebb30364fe2
guest_elf_bytes=1171416 guest_elf_sha256=8bcadf5373742e92eb36535680e4b9f092c00fdcf9a8f7171678c49b170f11db
sp1_vkey=0x0019d16cfe911d943315c04235c792fcccc3e0759aa3095a941b8508178e0490
setup_elapsed_ms=22864
Setting environment variables took 14.93µs
Reading R1CS took 22.28551656s
Reading proving key took 4.29532983s
Reading witness file took 613.592µs
Deserializing JSON data took 25.339184ms
Generating witness took 1.275063666s
[90m03:37:52[0m DBG constraint system solver done [36mnbConstraints=[0m15972262 [36mtook=[0m5531.842293
[90m03:38:03[0m DBG prover done [36macceleration=[0mnone [36mbackend=[0mgroth16 [36mcurve=[0mbn254 [36mnbConstraints=[0m15972262 [36mtook=[0m11259.979533
Generating proof took 16.792083121s
[90m03:38:03[0m [33mWRN[0m [1mignoring uninitialized slice[0m [36mslice name=[0mVars [36mslice type=[0m[]frontend.Variable
[90m03:38:03[0m [33mWRN[0m [1mignoring uninitialized slice[0m [36mslice name=[0mVars [36mslice type=[0m[]frontend.Variable
[90m03:38:03[0m [33mWRN[0m [1mignoring uninitialized slice[0m [36mslice name=[0mVars [36mslice type=[0m[]frontend.Variable
[90m03:38:03[0m DBG verifier done [36mbackend=[0mgroth16 [36mcurve=[0mbn254 [36mtook=[0m0.919947
oracle=independent_row_228 checked=1101 circuit_derived=0
oracle_note=pose verdict 3, head saturation 0, logit sums [-7373, -17238, -10779, 9462, 2, 2210, -6709, -16054, -2538, -3600, -32149] match the audited parity vectors
oracle_note=typed context, typed root and uncropped commitment match row_oracle.py; coupling score numerator 38541381 (denominator 4) is circuit-derived
public_values_bytes=1101
public_values_sha256=dffd62f36c28f565819580678f2c672d19e71e4da8a8ed377a188fb3576cc6c2
prove_elapsed_ms=754449
verify_and_tamper_elapsed_ms=367
host_peak_rss_kib=Some(114260)
proof_output=/home/c/Documents/BOSUN/scratch/joined_build_20260901/proofs_fleet_20260902/row_228_groth16.bin
proof_bytes=2795 proof_sha256=a0226ad5af8d01fde4a2a6e944c36b7690cc67dabe18c18f4b3f0ecee388d051
verified_proof=true
proof_generated=true
