classification=CANDIDATE_ORDERED_MEMBERSHIP
mode=ceremony_groth16
prover=local_cuda_explicit
row=188
trapdoor_flag_expected=1
sp1_circuit_version=v6.1.0
cycle_limit=4400000000
raw_bytes=24472000 raw_sha256=72eda19257e0550a6919cde92aea8c4f8ab9650ea90541f869a8bee8aba7c2e2
guest_elf_bytes=1171416 guest_elf_sha256=8bcadf5373742e92eb36535680e4b9f092c00fdcf9a8f7171678c49b170f11db
sp1_vkey=0x0019d16cfe911d943315c04235c792fcccc3e0759aa3095a941b8508178e0490
setup_elapsed_ms=22650
Setting environment variables took 16.48µs
Reading R1CS took 22.166657437s
Reading proving key took 4.316023172s
Reading witness file took 610.942µs
Deserializing JSON data took 25.611635ms
Generating witness took 1.262665878s
[90m02:32:39[0m DBG constraint system solver done [36mnbConstraints=[0m15972262 [36mtook=[0m5499.311052
[90m02:32:50[0m DBG prover done [36macceleration=[0mnone [36mbackend=[0mgroth16 [36mcurve=[0mbn254 [36mnbConstraints=[0m15972262 [36mtook=[0m11043.705709
Generating proof took 16.543314618s
[90m02:32:50[0m [33mWRN[0m [1mignoring uninitialized slice[0m [36mslice name=[0mVars [36mslice type=[0m[]frontend.Variable
[90m02:32:50[0m [33mWRN[0m [1mignoring uninitialized slice[0m [36mslice name=[0mVars [36mslice type=[0m[]frontend.Variable
[90m02:32:50[0m [33mWRN[0m [1mignoring uninitialized slice[0m [36mslice name=[0mVars [36mslice type=[0m[]frontend.Variable
[90m02:32:50[0m DBG verifier done [36mbackend=[0mgroth16 [36mcurve=[0mbn254 [36mtook=[0m0.877558
oracle=independent_row_188 checked=1101 circuit_derived=0
oracle_note=pose verdict 2, head saturation 0, logit sums [-2067, 5072, 10734, -7463, -23360, 1828, -13655, 10057, -1999, -1846, -27530] match the audited parity vectors
oracle_note=typed context, typed root and uncropped commitment match row_oracle.py; coupling score numerator 28522512 (denominator 4) is circuit-derived
public_values_bytes=1101
public_values_sha256=6004a5536b0094adaedfa64849c2a0a6c937bcdb592cfb0d5a48adc7d41bcb39
prove_elapsed_ms=735132
verify_and_tamper_elapsed_ms=365
host_peak_rss_kib=Some(114260)
proof_output=/home/c/Documents/BOSUN/scratch/joined_build_20260901/proofs_fleet_20260902/row_188_groth16.bin
proof_bytes=2791 proof_sha256=a2b5b2ed9600c6812d4a8a8f778ea50ace23721c61f2ff28b696f9d7bd3e2d17
verified_proof=true
proof_generated=true
