classification=CANDIDATE_ORDERED_MEMBERSHIP
mode=ceremony_groth16
prover=local_cuda_explicit
row=204
trapdoor_flag_expected=1
sp1_circuit_version=v6.1.0
cycle_limit=4400000000
raw_bytes=24472000 raw_sha256=953839072ad447487796fac42b4365b4256ce3a96e5c8f1173dc4387534d974f
guest_elf_bytes=1171416 guest_elf_sha256=8bcadf5373742e92eb36535680e4b9f092c00fdcf9a8f7171678c49b170f11db
sp1_vkey=0x0019d16cfe911d943315c04235c792fcccc3e0759aa3095a941b8508178e0490
setup_elapsed_ms=22716
Setting environment variables took 14.849µs
Reading R1CS took 22.303389s
Reading proving key took 4.269878288s
Reading witness file took 615.592µs
Deserializing JSON data took 25.231923ms
Generating witness took 1.150455314s
[90m02:58:38[0m DBG constraint system solver done [36mnbConstraints=[0m15972262 [36mtook=[0m5381.936427
[90m02:58:49[0m DBG prover done [36macceleration=[0mnone [36mbackend=[0mgroth16 [36mcurve=[0mbn254 [36mnbConstraints=[0m15972262 [36mtook=[0m11218.571995
Generating proof took 16.600866388s
[90m02:58:49[0m [33mWRN[0m [1mignoring uninitialized slice[0m [36mslice name=[0mVars [36mslice type=[0m[]frontend.Variable
[90m02:58:49[0m [33mWRN[0m [1mignoring uninitialized slice[0m [36mslice name=[0mVars [36mslice type=[0m[]frontend.Variable
[90m02:58:49[0m [33mWRN[0m [1mignoring uninitialized slice[0m [36mslice name=[0mVars [36mslice type=[0m[]frontend.Variable
[90m02:58:49[0m DBG verifier done [36mbackend=[0mgroth16 [36mcurve=[0mbn254 [36mtook=[0m0.886999
oracle=independent_row_204 checked=1101 circuit_derived=0
oracle_note=pose verdict 2, head saturation 0, logit sums [-3664, -10505, 5791, -2595, -12019, -1360, -8541, -1121, -2146, 1892, -31432] match the audited parity vectors
oracle_note=typed context, typed root and uncropped commitment match row_oracle.py; coupling score numerator 19022252 (denominator 4) is circuit-derived
public_values_bytes=1101
public_values_sha256=325f7ad2c8388ca4972de9333f7cca512c8ef1eea1980ebf03067da8c2066fcb
prove_elapsed_ms=758847
verify_and_tamper_elapsed_ms=366
host_peak_rss_kib=Some(113760)
proof_output=/home/c/Documents/BOSUN/scratch/joined_build_20260901/proofs_fleet_20260902/row_204_groth16.bin
proof_bytes=2794 proof_sha256=37499d1520ad38a22a84433dcf6030e80933c7c5e903bd2c589d2fc9d7910dc5
verified_proof=true
proof_generated=true
