classification=CANDIDATE_ORDERED_MEMBERSHIP
mode=ceremony_groth16
prover=local_cuda_explicit
row=42
trapdoor_flag_expected=1
sp1_circuit_version=v6.1.0
cycle_limit=4400000000
raw_bytes=24472000 raw_sha256=8f8269a16bd7d22c75501bff42d3ea4b96276402dc70700a80f1496c22157bbe
guest_elf_bytes=1171416 guest_elf_sha256=8bcadf5373742e92eb36535680e4b9f092c00fdcf9a8f7171678c49b170f11db
sp1_vkey=0x0019d16cfe911d943315c04235c792fcccc3e0759aa3095a941b8508178e0490
setup_elapsed_ms=22770
Setting environment variables took 15.19µs
Reading R1CS took 22.185601642s
Reading proving key took 4.294686885s
Reading witness file took 600.333µs
Deserializing JSON data took 25.629096ms
Generating witness took 1.174762367s
[90m22:07:07[0m DBG constraint system solver done [36mnbConstraints=[0m15972262 [36mtook=[0m5491.208582
[90m22:07:19[0m DBG prover done [36macceleration=[0mnone [36mbackend=[0mgroth16 [36mcurve=[0mbn254 [36mnbConstraints=[0m15972262 [36mtook=[0m11258.116663
Generating proof took 16.74961726s
[90m22:07:19[0m [33mWRN[0m [1mignoring uninitialized slice[0m [36mslice name=[0mVars [36mslice type=[0m[]frontend.Variable
[90m22:07:19[0m [33mWRN[0m [1mignoring uninitialized slice[0m [36mslice name=[0mVars [36mslice type=[0m[]frontend.Variable
[90m22:07:19[0m [33mWRN[0m [1mignoring uninitialized slice[0m [36mslice name=[0mVars [36mslice type=[0m[]frontend.Variable
[90m22:07:19[0m DBG verifier done [36mbackend=[0mgroth16 [36mcurve=[0mbn254 [36mtook=[0m0.936238
oracle=independent_row_42 checked=1101 circuit_derived=0
oracle_note=pose verdict 4, head saturation 0, logit sums [-10761, -25806, -13320, 3818, 8017, 1635, -24477, -25216, -11470, 4152, -10482] match the audited parity vectors
oracle_note=typed context, typed root and uncropped commitment match row_oracle.py; coupling score numerator 46620683 (denominator 4) is circuit-derived
public_values_bytes=1101
public_values_sha256=cd44f3f55d202216da6db9528b439ffb7e48206c1f02558cd4b20b1327d47652
prove_elapsed_ms=745123
verify_and_tamper_elapsed_ms=428
host_peak_rss_kib=Some(114240)
proof_output=/home/c/Documents/BOSUN/scratch/joined_build_20260901/proofs_fleet_20260902/row_042_groth16.bin
proof_bytes=2794 proof_sha256=917c9d6431831c107d957fe0e9fd6d8675343a2225f36aea36998be618855b42
verified_proof=true
proof_generated=true
