classification=CANDIDATE_ORDERED_MEMBERSHIP
mode=ceremony_groth16
prover=local_cuda_explicit
row=196
trapdoor_flag_expected=1
sp1_circuit_version=v6.1.0
cycle_limit=4400000000
raw_bytes=24472000 raw_sha256=c8abffbac12737795e933d1b99490edaa04204c5cd174a466fc54430cc5acb96
guest_elf_bytes=1171416 guest_elf_sha256=8bcadf5373742e92eb36535680e4b9f092c00fdcf9a8f7171678c49b170f11db
sp1_vkey=0x0019d16cfe911d943315c04235c792fcccc3e0759aa3095a941b8508178e0490
setup_elapsed_ms=22772
Setting environment variables took 15.81µs
Reading R1CS took 22.098250993s
Reading proving key took 4.344173424s
Reading witness file took 595.852µs
Deserializing JSON data took 25.252161ms
Generating witness took 1.113206642s
[90m02:45:35[0m DBG constraint system solver done [36mnbConstraints=[0m15972262 [36mtook=[0m5322.71608
[90m02:45:46[0m DBG prover done [36macceleration=[0mnone [36mbackend=[0mgroth16 [36mcurve=[0mbn254 [36mnbConstraints=[0m15972262 [36mtook=[0m11088.220895
Generating proof took 16.411250242s
[90m02:45:46[0m [33mWRN[0m [1mignoring uninitialized slice[0m [36mslice name=[0mVars [36mslice type=[0m[]frontend.Variable
[90m02:45:46[0m [33mWRN[0m [1mignoring uninitialized slice[0m [36mslice name=[0mVars [36mslice type=[0m[]frontend.Variable
[90m02:45:46[0m [33mWRN[0m [1mignoring uninitialized slice[0m [36mslice name=[0mVars [36mslice type=[0m[]frontend.Variable
[90m02:45:46[0m DBG verifier done [36mbackend=[0mgroth16 [36mcurve=[0mbn254 [36mtook=[0m0.894409
oracle=independent_row_196 checked=1101 circuit_derived=0
oracle_note=pose verdict 2, head saturation 0, logit sums [-3376, -7270, 11703, -7070, -17356, -3766, -9382, 1188, -2543, 1365, -27686] match the audited parity vectors
oracle_note=typed context, typed root and uncropped commitment match row_oracle.py; coupling score numerator 37123957 (denominator 4) is circuit-derived
public_values_bytes=1101
public_values_sha256=594c2e289b5bcf5c16c68a71aa96b140189670bc5cd9f1d055f6529adc1cd1e5
prove_elapsed_ms=752300
verify_and_tamper_elapsed_ms=366
host_peak_rss_kib=Some(114240)
proof_output=/home/c/Documents/BOSUN/scratch/joined_build_20260901/proofs_fleet_20260902/row_196_groth16.bin
proof_bytes=2795 proof_sha256=3b2a1cccb68ec6b18b202d7b85001830cf5d1ef858dea203a3b1a85c9e40f7f0
verified_proof=true
proof_generated=true
