classification=CANDIDATE_ORDERED_MEMBERSHIP
mode=ceremony_groth16
prover=local_cuda_explicit
row=132
trapdoor_flag_expected=1
sp1_circuit_version=v6.1.0
cycle_limit=4400000000
raw_bytes=24472000 raw_sha256=025261a235548aa909dc5cff7a21ffbb7ada145b5a7d13f7e7947bba46a4f7d2
guest_elf_bytes=1171416 guest_elf_sha256=8bcadf5373742e92eb36535680e4b9f092c00fdcf9a8f7171678c49b170f11db
sp1_vkey=0x0019d16cfe911d943315c04235c792fcccc3e0759aa3095a941b8508178e0490
setup_elapsed_ms=22767
Setting environment variables took 14.892µs
Reading R1CS took 22.201419241s
Reading proving key took 4.301044507s
Reading witness file took 611.792µs
Deserializing JSON data took 25.236878ms
Generating witness took 1.290954629s
[90m01:02:47[0m DBG constraint system solver done [36mnbConstraints=[0m15972262 [36mtook=[0m5542.044057
[90m01:02:58[0m DBG prover done [36macceleration=[0mnone [36mbackend=[0mgroth16 [36mcurve=[0mbn254 [36mnbConstraints=[0m15972262 [36mtook=[0m11221.064983
Generating proof took 16.763369552s
[90m01:02:58[0m [33mWRN[0m [1mignoring uninitialized slice[0m [36mslice name=[0mVars [36mslice type=[0m[]frontend.Variable
[90m01:02:58[0m [33mWRN[0m [1mignoring uninitialized slice[0m [36mslice name=[0mVars [36mslice type=[0m[]frontend.Variable
[90m01:02:58[0m [33mWRN[0m [1mignoring uninitialized slice[0m [36mslice name=[0mVars [36mslice type=[0m[]frontend.Variable
[90m01:02:58[0m DBG verifier done [36mbackend=[0mgroth16 [36mcurve=[0mbn254 [36mtook=[0m0.951648
oracle=independent_row_132 checked=1101 circuit_derived=0
oracle_note=pose verdict 1, head saturation 0, logit sums [6306, 10115, 5165, -6113, -14671, 363, -27540, -1619, -16097, -3570, -5986] match the audited parity vectors
oracle_note=typed context, typed root and uncropped commitment match row_oracle.py; coupling score numerator 42899080 (denominator 4) is circuit-derived
public_values_bytes=1101
public_values_sha256=ad0a26e9f21f2e08eafdc207cb216d2d00cf089803247903e77be93dd45a85df
prove_elapsed_ms=752253
verify_and_tamper_elapsed_ms=366
host_peak_rss_kib=Some(114260)
proof_output=/home/c/Documents/BOSUN/scratch/joined_build_20260901/proofs_fleet_20260902/row_132_groth16.bin
proof_bytes=2794 proof_sha256=772315ddcc819446224a710d9d8a947909421d21d3cd7975e4ed5c26bf1f642d
verified_proof=true
proof_generated=true
