classification=CANDIDATE_ORDERED_MEMBERSHIP
mode=ceremony_groth16
prover=local_cuda_explicit
row=91
trapdoor_flag_expected=1
sp1_circuit_version=v6.1.0
cycle_limit=4400000000
raw_bytes=24472000 raw_sha256=82162768bd06c70a7d9776afc5025c996ae307a73a59c8f1f687a366af4d613f
guest_elf_bytes=1171416 guest_elf_sha256=8bcadf5373742e92eb36535680e4b9f092c00fdcf9a8f7171678c49b170f11db
sp1_vkey=0x0019d16cfe911d943315c04235c792fcccc3e0759aa3095a941b8508178e0490
setup_elapsed_ms=22716
Setting environment variables took 151.383µs
Reading R1CS took 22.200291149s
Reading proving key took 4.306155428s
Reading witness file took 613.191µs
Deserializing JSON data took 25.219816ms
Generating witness took 1.271545373s
[90m23:25:02[0m DBG constraint system solver done [36mnbConstraints=[0m15972262 [36mtook=[0m5499.281425
[90m23:25:13[0m DBG prover done [36macceleration=[0mnone [36mbackend=[0mgroth16 [36mcurve=[0mbn254 [36mnbConstraints=[0m15972262 [36mtook=[0m11244.094202
Generating proof took 16.743676427s
[90m23:25:13[0m [33mWRN[0m [1mignoring uninitialized slice[0m [36mslice name=[0mVars [36mslice type=[0m[]frontend.Variable
[90m23:25:13[0m [33mWRN[0m [1mignoring uninitialized slice[0m [36mslice name=[0mVars [36mslice type=[0m[]frontend.Variable
[90m23:25:13[0m [33mWRN[0m [1mignoring uninitialized slice[0m [36mslice name=[0mVars [36mslice type=[0m[]frontend.Variable
[90m23:25:13[0m DBG verifier done [36mbackend=[0mgroth16 [36mcurve=[0mbn254 [36mtook=[0m0.870237
oracle=independent_row_91 checked=1101 circuit_derived=0
oracle_note=pose verdict 0, head saturation 0, logit sums [16373, 13609, 4531, -1837, -12506, -6891, -24807, -10477, -23339, -10679, 3890] match the audited parity vectors
oracle_note=typed context, typed root and uncropped commitment match row_oracle.py; coupling score numerator 42184623 (denominator 4) is circuit-derived
public_values_bytes=1101
public_values_sha256=5ce8b63680048664bd4a4c9b80758755b7914ca283f830c0924f63e82e315dba
prove_elapsed_ms=743077
verify_and_tamper_elapsed_ms=365
host_peak_rss_kib=Some(113760)
proof_output=/home/c/Documents/BOSUN/scratch/joined_build_20260901/proofs_fleet_20260902/row_091_groth16.bin
proof_bytes=2795 proof_sha256=3e3a13f1abce33eea7b60a15f046d21ceffe2484c1196c04e6fa23bf05bc37f7
verified_proof=true
proof_generated=true
