classification=CANDIDATE_ORDERED_MEMBERSHIP
mode=ceremony_groth16
prover=local_cuda_explicit
row=78
trapdoor_flag_expected=1
sp1_circuit_version=v6.1.0
cycle_limit=4400000000
raw_bytes=24472000 raw_sha256=db9241b8c223c72c1d162820e24f25ae32059b501d3cec59600cf546e0fc2804
guest_elf_bytes=1171416 guest_elf_sha256=8bcadf5373742e92eb36535680e4b9f092c00fdcf9a8f7171678c49b170f11db
sp1_vkey=0x0019d16cfe911d943315c04235c792fcccc3e0759aa3095a941b8508178e0490
setup_elapsed_ms=22753
Setting environment variables took 90.023µs
Reading R1CS took 21.918636989s
Reading proving key took 4.42541753s
Reading witness file took 642.556µs
Deserializing JSON data took 25.171287ms
Generating witness took 1.001516731s
[90m22:44:13[0m DBG constraint system solver done [36mnbConstraints=[0m15972262 [36mtook=[0m5160.483337
[90m22:44:24[0m DBG prover done [36macceleration=[0mnone [36mbackend=[0mgroth16 [36mcurve=[0mbn254 [36mnbConstraints=[0m15972262 [36mtook=[0m11394.767592
Generating proof took 16.555529366s
[90m22:44:24[0m [33mWRN[0m [1mignoring uninitialized slice[0m [36mslice name=[0mVars [36mslice type=[0m[]frontend.Variable
[90m22:44:24[0m [33mWRN[0m [1mignoring uninitialized slice[0m [36mslice name=[0mVars [36mslice type=[0m[]frontend.Variable
[90m22:44:24[0m [33mWRN[0m [1mignoring uninitialized slice[0m [36mslice name=[0mVars [36mslice type=[0m[]frontend.Variable
[90m22:44:24[0m DBG verifier done [36mbackend=[0mgroth16 [36mcurve=[0mbn254 [36mtook=[0m0.868404
oracle=independent_row_78 checked=1101 circuit_derived=0
oracle_note=pose verdict 4, head saturation 0, logit sums [2212, -19254, -5693, 1547, 4263, -4829, -27341, -23625, -20024, 2721, -5713] match the audited parity vectors
oracle_note=typed context, typed root and uncropped commitment match row_oracle.py; coupling score numerator 56324368 (denominator 4) is circuit-derived
public_values_bytes=1101
public_values_sha256=97769f999576614453f98519cba9ca9727ad442a85b302b8d71f3d3bebe8587a
prove_elapsed_ms=751689
verify_and_tamper_elapsed_ms=364
host_peak_rss_kib=Some(114000)
proof_output=/home/c/Documents/BOSUN/scratch/joined_build_20260901/proofs_fleet_20260902/row_078_groth16.bin
proof_bytes=2795 proof_sha256=acf6ca51f742a8426d00a68c2031a0472b51c4fb815a98ad41f75e2074de6965
verified_proof=true
proof_generated=true
