classification=CANDIDATE_ORDERED_MEMBERSHIP
mode=ceremony_groth16
prover=local_cuda_explicit
row=223
trapdoor_flag_expected=1
sp1_circuit_version=v6.1.0
cycle_limit=4400000000
raw_bytes=24472000 raw_sha256=e449de1cda8f88e6be488270010cee8e3e5f139ac47de6a0532f793ef4753934
guest_elf_bytes=1171416 guest_elf_sha256=8bcadf5373742e92eb36535680e4b9f092c00fdcf9a8f7171678c49b170f11db
sp1_vkey=0x0019d16cfe911d943315c04235c792fcccc3e0759aa3095a941b8508178e0490
setup_elapsed_ms=22656
Setting environment variables took 32.741µs
Reading R1CS took 22.313057677s
Reading proving key took 4.348787787s
Reading witness file took 625.436µs
Deserializing JSON data took 25.209942ms
Generating witness took 901.886873ms
[90m02:59:31[0m DBG constraint system solver done [36mnbConstraints=[0m15972262 [36mtook=[0m5026.878205
[90m02:59:42[0m DBG prover done [36macceleration=[0mnone [36mbackend=[0mgroth16 [36mcurve=[0mbn254 [36mnbConstraints=[0m15972262 [36mtook=[0m11507.502982
Generating proof took 16.534676055s
[90m02:59:42[0m [33mWRN[0m [1mignoring uninitialized slice[0m [36mslice name=[0mVars [36mslice type=[0m[]frontend.Variable
[90m02:59:42[0m [33mWRN[0m [1mignoring uninitialized slice[0m [36mslice name=[0mVars [36mslice type=[0m[]frontend.Variable
[90m02:59:42[0m [33mWRN[0m [1mignoring uninitialized slice[0m [36mslice name=[0mVars [36mslice type=[0m[]frontend.Variable
[90m02:59:42[0m DBG verifier done [36mbackend=[0mgroth16 [36mcurve=[0mbn254 [36mtook=[0m0.870374
oracle=independent_row_223 checked=1101 circuit_derived=0
oracle_note=pose verdict 3, head saturation 0, logit sums [-8101, -23339, -8559, 11072, -4060, -3543, -2711, -13873, 1923, 1612, -39514] match the audited parity vectors
oracle_note=typed context, typed root and uncropped commitment match row_oracle.py; coupling score numerator 73492011 (denominator 4) is circuit-derived
public_values_bytes=1101
public_values_sha256=70291cd3068869c83e49821cbbfc7d4c1a53d4e4dccf9227bbf21d04e58f1127
prove_elapsed_ms=748901
verify_and_tamper_elapsed_ms=364
host_peak_rss_kib=Some(114260)
proof_output=/home/c/Documents/BOSUN/scratch/joined_build_20260901/proofs_fleet_20260902/row_223_groth16.bin
proof_bytes=2794 proof_sha256=f5bc99f14953e87655ebd373b851d78f22efef7c62d2895f087710a8f97db81c
verified_proof=true
proof_generated=true
