classification=CANDIDATE_ORDERED_MEMBERSHIP
mode=ceremony_groth16
prover=local_cuda_explicit
row=255
trapdoor_flag_expected=1
sp1_circuit_version=v6.1.0
cycle_limit=4400000000
raw_bytes=24472000 raw_sha256=43d8a31b5eebcd4ca501d64d68bf7c3173d2c52edb4fdd10c871cffa58b37946
guest_elf_bytes=1171416 guest_elf_sha256=8bcadf5373742e92eb36535680e4b9f092c00fdcf9a8f7171678c49b170f11db
sp1_vkey=0x0019d16cfe911d943315c04235c792fcccc3e0759aa3095a941b8508178e0490
setup_elapsed_ms=22811
Setting environment variables took 13.871µs
Reading R1CS took 21.878161945s
Reading proving key took 4.364577192s
Reading witness file took 648.629µs
Deserializing JSON data took 25.304485ms
Generating witness took 809.273527ms
[90m03:51:07[0m DBG constraint system solver done [36mnbConstraints=[0m15972262 [36mtook=[0m5111.182885
[90m03:51:19[0m DBG prover done [36macceleration=[0mnone [36mbackend=[0mgroth16 [36mcurve=[0mbn254 [36mnbConstraints=[0m15972262 [36mtook=[0m11399.737148
Generating proof took 16.51121902s
[90m03:51:19[0m [33mWRN[0m [1mignoring uninitialized slice[0m [36mslice name=[0mVars [36mslice type=[0m[]frontend.Variable
[90m03:51:19[0m [33mWRN[0m [1mignoring uninitialized slice[0m [36mslice name=[0mVars [36mslice type=[0m[]frontend.Variable
[90m03:51:19[0m [33mWRN[0m [1mignoring uninitialized slice[0m [36mslice name=[0mVars [36mslice type=[0m[]frontend.Variable
[90m03:51:19[0m DBG verifier done [36mbackend=[0mgroth16 [36mcurve=[0mbn254 [36mtook=[0m0.860422
oracle=independent_row_255 checked=1101 circuit_derived=0
oracle_note=pose verdict 6, head saturation 0, logit sums [-8194, -20412, -6293, 10467, -9002, -3344, 10730, -5525, 4702, -4505, -51203] match the audited parity vectors
oracle_note=typed context, typed root and uncropped commitment match row_oracle.py; coupling score numerator 62142980 (denominator 4) is circuit-derived
public_values_bytes=1101
public_values_sha256=6a209cf2321769505627264adeb62634d2048b3e91c0ededcd3fc2382aed7e26
prove_elapsed_ms=754918
verify_and_tamper_elapsed_ms=363
host_peak_rss_kib=Some(114240)
proof_output=/home/c/Documents/BOSUN/scratch/joined_build_20260901/proofs_fleet_20260902/row_255_groth16.bin
proof_bytes=2794 proof_sha256=4a47cf78002a8839d04358e8c530aaa4032f4652b629fd4a4665e1ddad0fcf84
verified_proof=true
proof_generated=true
