classification=CANDIDATE_ORDERED_MEMBERSHIP
mode=ceremony_groth16
prover=local_cuda_explicit
row=53
trapdoor_flag_expected=1
sp1_circuit_version=v6.1.0
cycle_limit=4400000000
raw_bytes=24472000 raw_sha256=6a906678634e24e972191fcc115644aca1186b77c7e5dbbcee18f4014a7d162d
guest_elf_bytes=1171416 guest_elf_sha256=8bcadf5373742e92eb36535680e4b9f092c00fdcf9a8f7171678c49b170f11db
sp1_vkey=0x0019d16cfe911d943315c04235c792fcccc3e0759aa3095a941b8508178e0490
setup_elapsed_ms=22716
Setting environment variables took 25.55µs
Reading R1CS took 22.269299347s
Reading proving key took 4.465394488s
Reading witness file took 772.03µs
Deserializing JSON data took 25.741618ms
Generating witness took 888.259931ms
[90m22:04:59[0m DBG constraint system solver done [36mnbConstraints=[0m15972262 [36mtook=[0m5072.208
[90m22:05:10[0m DBG prover done [36macceleration=[0mnone [36mbackend=[0mgroth16 [36mcurve=[0mbn254 [36mnbConstraints=[0m15972262 [36mtook=[0m11291.703002
Generating proof took 16.364185398s
[90m22:05:10[0m [33mWRN[0m [1mignoring uninitialized slice[0m [36mslice name=[0mVars [36mslice type=[0m[]frontend.Variable
[90m22:05:10[0m [33mWRN[0m [1mignoring uninitialized slice[0m [36mslice name=[0mVars [36mslice type=[0m[]frontend.Variable
[90m22:05:10[0m [33mWRN[0m [1mignoring uninitialized slice[0m [36mslice name=[0mVars [36mslice type=[0m[]frontend.Variable
[90m22:05:10[0m DBG verifier done [36mbackend=[0mgroth16 [36mcurve=[0mbn254 [36mtook=[0m0.813392
oracle=independent_row_53 checked=1101 circuit_derived=0
oracle_note=pose verdict 0, head saturation 0, logit sums [6829, -3477, 471, -908, -7956, -2918, -22078, -10985, -15762, -2352, -11303] match the audited parity vectors
oracle_note=typed context, typed root and uncropped commitment match row_oracle.py; coupling score numerator 51590924 (denominator 4) is circuit-derived
public_values_bytes=1101
public_values_sha256=6ac07368b47b48f15b6a345f5d7f2d568670ed784dc4d781d7b6f0f5b5314ec2
prove_elapsed_ms=748426
verify_and_tamper_elapsed_ms=364
host_peak_rss_kib=Some(114240)
proof_output=/home/c/Documents/BOSUN/scratch/joined_build_20260901/proofs_fleet_20260902/row_053_groth16.bin
proof_bytes=2794 proof_sha256=d6615be93dd4d9d8e7a2f5ffe656cec96172add3746ecb9df63e3246c9b00e8b
verified_proof=true
proof_generated=true
