classification=CANDIDATE_ORDERED_MEMBERSHIP
mode=ceremony_groth16
prover=local_cuda_explicit
row=135
trapdoor_flag_expected=1
sp1_circuit_version=v6.1.0
cycle_limit=4400000000
raw_bytes=24472000 raw_sha256=530ea87381fc1b6e971e667728f08bc6142a85fac1ee3cbe0a405d2e6b0f91ef
guest_elf_bytes=1171416 guest_elf_sha256=8bcadf5373742e92eb36535680e4b9f092c00fdcf9a8f7171678c49b170f11db
sp1_vkey=0x0019d16cfe911d943315c04235c792fcccc3e0759aa3095a941b8508178e0490
setup_elapsed_ms=22635
Setting environment variables took 81.402µs
Reading R1CS took 21.979616206s
Reading proving key took 4.388186257s
Reading witness file took 633.548µs
Deserializing JSON data took 25.027273ms
Generating witness took 1.037978405s
[90m00:36:36[0m DBG constraint system solver done [36mnbConstraints=[0m15972262 [36mtook=[0m5041.5663
[90m00:36:47[0m DBG prover done [36macceleration=[0mnone [36mbackend=[0mgroth16 [36mcurve=[0mbn254 [36mnbConstraints=[0m15972262 [36mtook=[0m11454.279706
Generating proof took 16.496121323s
[90m00:36:47[0m [33mWRN[0m [1mignoring uninitialized slice[0m [36mslice name=[0mVars [36mslice type=[0m[]frontend.Variable
[90m00:36:47[0m [33mWRN[0m [1mignoring uninitialized slice[0m [36mslice name=[0mVars [36mslice type=[0m[]frontend.Variable
[90m00:36:47[0m [33mWRN[0m [1mignoring uninitialized slice[0m [36mslice name=[0mVars [36mslice type=[0m[]frontend.Variable
[90m00:36:47[0m DBG verifier done [36mbackend=[0mgroth16 [36mcurve=[0mbn254 [36mtook=[0m0.866744
oracle=independent_row_135 checked=1101 circuit_derived=0
oracle_note=pose verdict 1, head saturation 0, logit sums [2340, 17529, 3192, -7914, -19081, 9304, -37140, 7221, -12694, -3469, -8998] match the audited parity vectors
oracle_note=typed context, typed root and uncropped commitment match row_oracle.py; coupling score numerator 49198747 (denominator 4) is circuit-derived
public_values_bytes=1101
public_values_sha256=5164646dd45daac56b4a3f75be49e23a2e0fb5c94ef90dc68fbfcf9533d227eb
prove_elapsed_ms=743636
verify_and_tamper_elapsed_ms=365
host_peak_rss_kib=Some(114240)
proof_output=/home/c/Documents/BOSUN/scratch/joined_build_20260901/proofs_fleet_20260902/row_135_groth16.bin
proof_bytes=2794 proof_sha256=0697ca425e8607001f93806b55d591920dc4726c940abef10fe66c5bc288a498
verified_proof=true
proof_generated=true
