classification=CANDIDATE_ORDERED_MEMBERSHIP
mode=ceremony_groth16
prover=local_cuda_explicit
row=191
trapdoor_flag_expected=1
sp1_circuit_version=v6.1.0
cycle_limit=4400000000
raw_bytes=24472000 raw_sha256=31543c353c5ef830eebd25f325f66404c9b2f6e49828fba2f845d6ee90bc1616
guest_elf_bytes=1171416 guest_elf_sha256=8bcadf5373742e92eb36535680e4b9f092c00fdcf9a8f7171678c49b170f11db
sp1_vkey=0x0019d16cfe911d943315c04235c792fcccc3e0759aa3095a941b8508178e0490
setup_elapsed_ms=22727
Setting environment variables took 16.551µs
Reading R1CS took 22.052463868s
Reading proving key took 4.379019247s
Reading witness file took 660.628µs
Deserializing JSON data took 25.071189ms
Generating witness took 862.021437ms
[90m02:07:24[0m DBG constraint system solver done [36mnbConstraints=[0m15972262 [36mtook=[0m5030.122953
[90m02:07:35[0m DBG prover done [36macceleration=[0mnone [36mbackend=[0mgroth16 [36mcurve=[0mbn254 [36mnbConstraints=[0m15972262 [36mtook=[0m11440.885271
Generating proof took 16.47131031s
[90m02:07:35[0m [33mWRN[0m [1mignoring uninitialized slice[0m [36mslice name=[0mVars [36mslice type=[0m[]frontend.Variable
[90m02:07:35[0m [33mWRN[0m [1mignoring uninitialized slice[0m [36mslice name=[0mVars [36mslice type=[0m[]frontend.Variable
[90m02:07:35[0m [33mWRN[0m [1mignoring uninitialized slice[0m [36mslice name=[0mVars [36mslice type=[0m[]frontend.Variable
[90m02:07:35[0m DBG verifier done [36mbackend=[0mgroth16 [36mcurve=[0mbn254 [36mtook=[0m0.810331
oracle=independent_row_191 checked=1101 circuit_derived=0
oracle_note=pose verdict 2, head saturation 0, logit sums [-1343, -8306, 9380, -783, -15974, -5549, -2909, -7667, 159, -1812, -30802] match the audited parity vectors
oracle_note=typed context, typed root and uncropped commitment match row_oracle.py; coupling score numerator 55712563 (denominator 4) is circuit-derived
public_values_bytes=1101
public_values_sha256=d89f76efd31cdfdb6c23c0a1c2c77acd10cf8fb9d6418330aaa76702e980e8a0
prove_elapsed_ms=757111
verify_and_tamper_elapsed_ms=364
host_peak_rss_kib=Some(113780)
proof_output=/home/c/Documents/BOSUN/scratch/joined_build_20260901/proofs_fleet_20260902/row_191_groth16.bin
proof_bytes=2795 proof_sha256=6815e8bf50031da1bfb2a3475ea4b7ffdc480c9bd7f82b121f3734f42bf52d1c
verified_proof=true
proof_generated=true
