classification=CANDIDATE_ORDERED_MEMBERSHIP
mode=ceremony_groth16
prover=local_cuda_explicit
row=37
trapdoor_flag_expected=1
sp1_circuit_version=v6.1.0
cycle_limit=4400000000
raw_bytes=24472000 raw_sha256=bda511ca18b0b60ad918b7fc7b7661da0400c0bfcda910f81adbe528d8766bb0
guest_elf_bytes=1171416 guest_elf_sha256=8bcadf5373742e92eb36535680e4b9f092c00fdcf9a8f7171678c49b170f11db
sp1_vkey=0x0019d16cfe911d943315c04235c792fcccc3e0759aa3095a941b8508178e0490
setup_elapsed_ms=22820
Setting environment variables took 16.731µs
Reading R1CS took 22.109982328s
Reading proving key took 4.337621209s
Reading witness file took 618.996µs
Deserializing JSON data took 25.005053ms
Generating witness took 757.732644ms
[90m21:39:27[0m DBG constraint system solver done [36mnbConstraints=[0m15972262 [36mtook=[0m5065.485277
[90m21:39:38[0m DBG prover done [36macceleration=[0mnone [36mbackend=[0mgroth16 [36mcurve=[0mbn254 [36mnbConstraints=[0m15972262 [36mtook=[0m11449.550927
Generating proof took 16.515336664s
[90m21:39:38[0m [33mWRN[0m [1mignoring uninitialized slice[0m [36mslice name=[0mVars [36mslice type=[0m[]frontend.Variable
[90m21:39:38[0m [33mWRN[0m [1mignoring uninitialized slice[0m [36mslice name=[0mVars [36mslice type=[0m[]frontend.Variable
[90m21:39:38[0m [33mWRN[0m [1mignoring uninitialized slice[0m [36mslice name=[0mVars [36mslice type=[0m[]frontend.Variable
[90m21:39:38[0m DBG verifier done [36mbackend=[0mgroth16 [36mcurve=[0mbn254 [36mtook=[0m0.871524
oracle=independent_row_37 checked=1101 circuit_derived=0
oracle_note=pose verdict 9, head saturation 0, logit sums [-10309, -30310, -12365, -2134, 9055, 3400, -38172, -27408, -18560, 9128, -1115] match the audited parity vectors
oracle_note=typed context, typed root and uncropped commitment match row_oracle.py; coupling score numerator 36766060 (denominator 4) is circuit-derived
public_values_bytes=1101
public_values_sha256=87b64024b74b090a61a1f3a261c143549e10af4b4cf5749fc97f43b6e4b4cda8
prove_elapsed_ms=759719
verify_and_tamper_elapsed_ms=364
host_peak_rss_kib=Some(114000)
proof_output=/home/c/Documents/BOSUN/scratch/joined_build_20260901/proofs_fleet_20260902/row_037_groth16.bin
proof_bytes=2794 proof_sha256=5250d4d09a1230133a6d23187a4a4d70b7a71827324b13277e372daea31d396d
verified_proof=true
proof_generated=true
