classification=CANDIDATE_ORDERED_MEMBERSHIP
mode=ceremony_groth16
prover=local_cuda_explicit
row=159
trapdoor_flag_expected=1
sp1_circuit_version=v6.1.0
cycle_limit=4400000000
raw_bytes=24472000 raw_sha256=73cf2c82b0b453ed1cdabd4a01ece7cdd02145163f199c5d7f58893005705f60
guest_elf_bytes=1171416 guest_elf_sha256=8bcadf5373742e92eb36535680e4b9f092c00fdcf9a8f7171678c49b170f11db
sp1_vkey=0x0019d16cfe911d943315c04235c792fcccc3e0759aa3095a941b8508178e0490
setup_elapsed_ms=22619
Setting environment variables took 104.332µs
Reading R1CS took 22.070234457s
Reading proving key took 4.420302471s
Reading witness file took 635.537µs
Deserializing JSON data took 25.132856ms
Generating witness took 890.481583ms
[90m01:15:37[0m DBG constraint system solver done [36mnbConstraints=[0m15972262 [36mtook=[0m5074.387218
[90m01:15:48[0m DBG prover done [36macceleration=[0mnone [36mbackend=[0mgroth16 [36mcurve=[0mbn254 [36mnbConstraints=[0m15972262 [36mtook=[0m11346.689368
Generating proof took 16.421392404s
[90m01:15:48[0m [33mWRN[0m [1mignoring uninitialized slice[0m [36mslice name=[0mVars [36mslice type=[0m[]frontend.Variable
[90m01:15:48[0m [33mWRN[0m [1mignoring uninitialized slice[0m [36mslice name=[0mVars [36mslice type=[0m[]frontend.Variable
[90m01:15:48[0m [33mWRN[0m [1mignoring uninitialized slice[0m [36mslice name=[0mVars [36mslice type=[0m[]frontend.Variable
[90m01:15:48[0m DBG verifier done [36mbackend=[0mgroth16 [36mcurve=[0mbn254 [36mtook=[0m0.827632
oracle=independent_row_159 checked=1101 circuit_derived=0
oracle_note=pose verdict 9, head saturation 0, logit sums [-9424, -28117, 1717, -4909, -2794, -4138, -12826, -13569, -7057, 7077, -22323] match the audited parity vectors
oracle_note=typed context, typed root and uncropped commitment match row_oracle.py; coupling score numerator 51262258 (denominator 4) is circuit-derived
public_values_bytes=1101
public_values_sha256=252dad0f813d06db686329fa0ba8c6e50571faa5e2e876a1c7af5ea287469f67
prove_elapsed_ms=748173
verify_and_tamper_elapsed_ms=364
host_peak_rss_kib=Some(113780)
proof_output=/home/c/Documents/BOSUN/scratch/joined_build_20260901/proofs_fleet_20260902/row_159_groth16.bin
proof_bytes=2794 proof_sha256=9224d9f53ebec879e26f78929f921fe5dcab81a24404adbcad6f98d6d20f153d
verified_proof=true
proof_generated=true
