classification=CANDIDATE_ORDERED_MEMBERSHIP
mode=ceremony_groth16
prover=local_cuda_explicit
row=103
trapdoor_flag_expected=1
sp1_circuit_version=v6.1.0
cycle_limit=4400000000
raw_bytes=24472000 raw_sha256=b2cdde85243617f60fb1e53fa4f84d0a42128728ac2500af167a2cff24f66467
guest_elf_bytes=1171416 guest_elf_sha256=8bcadf5373742e92eb36535680e4b9f092c00fdcf9a8f7171678c49b170f11db
sp1_vkey=0x0019d16cfe911d943315c04235c792fcccc3e0759aa3095a941b8508178e0490
setup_elapsed_ms=22623
Setting environment variables took 72.291µs
Reading R1CS took 22.01936029s
Reading proving key took 4.363691878s
Reading witness file took 632.586µs
Deserializing JSON data took 25.023041ms
Generating witness took 907.65586ms
[90m23:22:57[0m DBG constraint system solver done [36mnbConstraints=[0m15972262 [36mtook=[0m5073.264089
[90m23:23:08[0m DBG prover done [36macceleration=[0mnone [36mbackend=[0mgroth16 [36mcurve=[0mbn254 [36mnbConstraints=[0m15972262 [36mtook=[0m11153.509913
Generating proof took 16.22712962s
[90m23:23:08[0m [33mWRN[0m [1mignoring uninitialized slice[0m [36mslice name=[0mVars [36mslice type=[0m[]frontend.Variable
[90m23:23:08[0m [33mWRN[0m [1mignoring uninitialized slice[0m [36mslice name=[0mVars [36mslice type=[0m[]frontend.Variable
[90m23:23:08[0m [33mWRN[0m [1mignoring uninitialized slice[0m [36mslice name=[0mVars [36mslice type=[0m[]frontend.Variable
[90m23:23:08[0m DBG verifier done [36mbackend=[0mgroth16 [36mcurve=[0mbn254 [36mtook=[0m0.827262
oracle=independent_row_103 checked=1101 circuit_derived=0
oracle_note=pose verdict 1, head saturation 0, logit sums [10592, 14710, 7644, -5738, -18210, -1104, -27533, 4297, -17563, -5083, -8599] match the audited parity vectors
oracle_note=typed context, typed root and uncropped commitment match row_oracle.py; coupling score numerator 60309582 (denominator 4) is circuit-derived
public_values_bytes=1101
public_values_sha256=880e858b4318778ba19edbcfcd9e3acd41ae0c457365460625ce7aed93d709fe
prove_elapsed_ms=741409
verify_and_tamper_elapsed_ms=364
host_peak_rss_kib=Some(114020)
proof_output=/home/c/Documents/BOSUN/scratch/joined_build_20260901/proofs_fleet_20260902/row_103_groth16.bin
proof_bytes=2794 proof_sha256=6d928d87c113099fc5f258765036c9ef9cc23860da0cc9271e5e8463269a7248
verified_proof=true
proof_generated=true
