classification=CANDIDATE_ORDERED_MEMBERSHIP
mode=ceremony_groth16
prover=local_cuda_explicit
row=231
trapdoor_flag_expected=1
sp1_circuit_version=v6.1.0
cycle_limit=4400000000
raw_bytes=24472000 raw_sha256=fe2752e401214fd2dd085e2ba716660126a265fca59f38a5054f2b04a4d21e85
guest_elf_bytes=1171416 guest_elf_sha256=8bcadf5373742e92eb36535680e4b9f092c00fdcf9a8f7171678c49b170f11db
sp1_vkey=0x0019d16cfe911d943315c04235c792fcccc3e0759aa3095a941b8508178e0490
setup_elapsed_ms=22899
Setting environment variables took 87.032µs
Reading R1CS took 22.295406817s
Reading proving key took 4.397993649s
Reading witness file took 659.338µs
Deserializing JSON data took 25.185153ms
Generating witness took 823.278245ms
[90m03:12:23[0m DBG constraint system solver done [36mnbConstraints=[0m15972262 [36mtook=[0m5021.0868
[90m03:12:34[0m DBG prover done [36macceleration=[0mnone [36mbackend=[0mgroth16 [36mcurve=[0mbn254 [36mnbConstraints=[0m15972262 [36mtook=[0m11230.789646
Generating proof took 16.252201965s
[90m03:12:34[0m [33mWRN[0m [1mignoring uninitialized slice[0m [36mslice name=[0mVars [36mslice type=[0m[]frontend.Variable
[90m03:12:34[0m [33mWRN[0m [1mignoring uninitialized slice[0m [36mslice name=[0mVars [36mslice type=[0m[]frontend.Variable
[90m03:12:34[0m [33mWRN[0m [1mignoring uninitialized slice[0m [36mslice name=[0mVars [36mslice type=[0m[]frontend.Variable
[90m03:12:34[0m DBG verifier done [36mbackend=[0mgroth16 [36mcurve=[0mbn254 [36mtook=[0m0.785652
oracle=independent_row_231 checked=1101 circuit_derived=0
oracle_note=pose verdict 3, head saturation 0, logit sums [-9853, -27350, -10422, 12778, -3147, -2100, -911, -17647, 4755, 1346, -43346] match the audited parity vectors
oracle_note=typed context, typed root and uncropped commitment match row_oracle.py; coupling score numerator 50305226 (denominator 4) is circuit-derived
public_values_bytes=1101
public_values_sha256=8609c5b45fdf1f9bdeb0226a3b6ac9c1d67a1f7f579ca051a13af1114f56005d
prove_elapsed_ms=747486
verify_and_tamper_elapsed_ms=364
host_peak_rss_kib=Some(113836)
proof_output=/home/c/Documents/BOSUN/scratch/joined_build_20260901/proofs_fleet_20260902/row_231_groth16.bin
proof_bytes=2794 proof_sha256=a75174014f7a31b5a9bc0acd09d5b3d82512337f85b20a11ad3dbe8ed38e1a6b
verified_proof=true
proof_generated=true
