classification=CANDIDATE_ORDERED_MEMBERSHIP
mode=ceremony_groth16
prover=local_cuda_explicit
row=127
trapdoor_flag_expected=1
sp1_circuit_version=v6.1.0
cycle_limit=4400000000
raw_bytes=24472000 raw_sha256=e407a5b52ef9342fe7a5645e0870dd653a2c251a1d0c8f067ff4ea7aa926b95c
guest_elf_bytes=1171416 guest_elf_sha256=8bcadf5373742e92eb36535680e4b9f092c00fdcf9a8f7171678c49b170f11db
sp1_vkey=0x0019d16cfe911d943315c04235c792fcccc3e0759aa3095a941b8508178e0490
setup_elapsed_ms=22524
Setting environment variables took 64.882µs
Reading R1CS took 22.230155424s
Reading proving key took 4.381629765s
Reading witness file took 619.317µs
Deserializing JSON data took 25.043814ms
Generating witness took 911.273669ms
[90m00:23:48[0m DBG constraint system solver done [36mnbConstraints=[0m15972262 [36mtook=[0m5054.54998
[90m00:24:00[0m DBG prover done [36macceleration=[0mnone [36mbackend=[0mgroth16 [36mcurve=[0mbn254 [36mnbConstraints=[0m15972262 [36mtook=[0m11400.996184
Generating proof took 16.456098687s
[90m00:24:00[0m [33mWRN[0m [1mignoring uninitialized slice[0m [36mslice name=[0mVars [36mslice type=[0m[]frontend.Variable
[90m00:24:00[0m [33mWRN[0m [1mignoring uninitialized slice[0m [36mslice name=[0mVars [36mslice type=[0m[]frontend.Variable
[90m00:24:00[0m [33mWRN[0m [1mignoring uninitialized slice[0m [36mslice name=[0mVars [36mslice type=[0m[]frontend.Variable
[90m00:24:00[0m DBG verifier done [36mbackend=[0mgroth16 [36mcurve=[0mbn254 [36mtook=[0m0.865873
oracle=independent_row_127 checked=1101 circuit_derived=0
oracle_note=pose verdict 1, head saturation 0, logit sums [7083, 18742, 6159, -3327, -18678, 3602, -27085, 8362, -12638, -6602, -16261] match the audited parity vectors
oracle_note=typed context, typed root and uncropped commitment match row_oracle.py; coupling score numerator 40412377 (denominator 4) is circuit-derived
public_values_bytes=1101
public_values_sha256=bb3b87ae652e62489f5df4c6b75eef744ae3960958fc363f5c65d90a4b2b85d0
prove_elapsed_ms=753049
verify_and_tamper_elapsed_ms=368
host_peak_rss_kib=Some(114260)
proof_output=/home/c/Documents/BOSUN/scratch/joined_build_20260901/proofs_fleet_20260902/row_127_groth16.bin
proof_bytes=2795 proof_sha256=b07ac12e0fd63c2d9581a0665547f7d7393b1fb5f384dadfa70e739e1b660409
verified_proof=true
proof_generated=true
