classification=CANDIDATE_ORDERED_MEMBERSHIP
mode=ceremony_groth16
prover=local_cuda_explicit
row=239
trapdoor_flag_expected=1
sp1_circuit_version=v6.1.0
cycle_limit=4400000000
raw_bytes=24472000 raw_sha256=e78e83378753067500b227c6d6f63f8dcdd76da90ee8e14fe7a5fa32c0b97311
guest_elf_bytes=1171416 guest_elf_sha256=8bcadf5373742e92eb36535680e4b9f092c00fdcf9a8f7171678c49b170f11db
sp1_vkey=0x0019d16cfe911d943315c04235c792fcccc3e0759aa3095a941b8508178e0490
setup_elapsed_ms=22804
Setting environment variables took 13.511µs
Reading R1CS took 22.266583197s
Reading proving key took 4.385892208s
Reading witness file took 642.937µs
Deserializing JSON data took 25.044798ms
Generating witness took 962.359681ms
[90m03:25:16[0m DBG constraint system solver done [36mnbConstraints=[0m15972262 [36mtook=[0m5104.148714
[90m03:25:28[0m DBG prover done [36macceleration=[0mnone [36mbackend=[0mgroth16 [36mcurve=[0mbn254 [36mnbConstraints=[0m15972262 [36mtook=[0m11589.114968
Generating proof took 16.693564212s
[90m03:25:28[0m [33mWRN[0m [1mignoring uninitialized slice[0m [36mslice name=[0mVars [36mslice type=[0m[]frontend.Variable
[90m03:25:28[0m [33mWRN[0m [1mignoring uninitialized slice[0m [36mslice name=[0mVars [36mslice type=[0m[]frontend.Variable
[90m03:25:28[0m [33mWRN[0m [1mignoring uninitialized slice[0m [36mslice name=[0mVars [36mslice type=[0m[]frontend.Variable
[90m03:25:28[0m DBG verifier done [36mbackend=[0mgroth16 [36mcurve=[0mbn254 [36mtook=[0m0.886974
oracle=independent_row_239 checked=1101 circuit_derived=0
oracle_note=pose verdict 3, head saturation 0, logit sums [-8304, -22552, -8851, 7539, -2651, -996, -9245, -12288, -1721, 2899, -35044] match the audited parity vectors
oracle_note=typed context, typed root and uncropped commitment match row_oracle.py; coupling score numerator 27881458 (denominator 4) is circuit-derived
public_values_bytes=1101
public_values_sha256=b75bacd7549519788f9a4f828fe39371e24923ce8701a55caa21694d2ae7b5fa
prove_elapsed_ms=749815
verify_and_tamper_elapsed_ms=364
host_peak_rss_kib=Some(114240)
proof_output=/home/c/Documents/BOSUN/scratch/joined_build_20260901/proofs_fleet_20260902/row_239_groth16.bin
proof_bytes=2795 proof_sha256=8b591612335250b3467d4f9d96787fdf1cc12a52a1215aaa402dd2c8de57406b
verified_proof=true
proof_generated=true
