classification=CANDIDATE_ORDERED_MEMBERSHIP
mode=ceremony_groth16
prover=local_cuda_explicit
row=183
trapdoor_flag_expected=1
sp1_circuit_version=v6.1.0
cycle_limit=4400000000
raw_bytes=24472000 raw_sha256=e83b06c099077abf3ac5f2fe8ee14873de49da7b223bb6fc7d8e9509b7c86ccc
guest_elf_bytes=1171416 guest_elf_sha256=8bcadf5373742e92eb36535680e4b9f092c00fdcf9a8f7171678c49b170f11db
sp1_vkey=0x0019d16cfe911d943315c04235c792fcccc3e0759aa3095a941b8508178e0490
setup_elapsed_ms=22670
Setting environment variables took 149.265µs
Reading R1CS took 22.023919385s
Reading proving key took 4.377609248s
Reading witness file took 633.737µs
Deserializing JSON data took 25.287455ms
Generating witness took 899.661334ms
[90m01:54:23[0m DBG constraint system solver done [36mnbConstraints=[0m15972262 [36mtook=[0m5026.96543
[90m01:54:34[0m DBG prover done [36macceleration=[0mnone [36mbackend=[0mgroth16 [36mcurve=[0mbn254 [36mnbConstraints=[0m15972262 [36mtook=[0m11321.761602
Generating proof took 16.34903979s
[90m01:54:34[0m [33mWRN[0m [1mignoring uninitialized slice[0m [36mslice name=[0mVars [36mslice type=[0m[]frontend.Variable
[90m01:54:34[0m [33mWRN[0m [1mignoring uninitialized slice[0m [36mslice name=[0mVars [36mslice type=[0m[]frontend.Variable
[90m01:54:34[0m [33mWRN[0m [1mignoring uninitialized slice[0m [36mslice name=[0mVars [36mslice type=[0m[]frontend.Variable
[90m01:54:34[0m DBG verifier done [36mbackend=[0mgroth16 [36mcurve=[0mbn254 [36mtook=[0m0.857793
oracle=independent_row_183 checked=1101 circuit_derived=0
oracle_note=pose verdict 2, head saturation 0, logit sums [2078, -3410, 11387, -8056, -16184, -1915, -14844, -7, -8727, -577, -21224] match the audited parity vectors
oracle_note=typed context, typed root and uncropped commitment match row_oracle.py; coupling score numerator 71240916 (denominator 4) is circuit-derived
public_values_bytes=1101
public_values_sha256=4dce252a29ec46c5f3b2cfc4d4d88940d6c417c858cc0be19d8144b7e2ac95a9
prove_elapsed_ms=746920
verify_and_tamper_elapsed_ms=363
host_peak_rss_kib=Some(114020)
proof_output=/home/c/Documents/BOSUN/scratch/joined_build_20260901/proofs_fleet_20260902/row_183_groth16.bin
proof_bytes=2794 proof_sha256=e10d6c3dbb541fb3efc3c1cac68eec628b688e8a10d3a0e59ca1fcb6d022a964
verified_proof=true
proof_generated=true
