classification=CANDIDATE_ORDERED_MEMBERSHIP
mode=ceremony_groth16
prover=local_cuda_explicit
row=119
trapdoor_flag_expected=1
sp1_circuit_version=v6.1.0
cycle_limit=4400000000
raw_bytes=24472000 raw_sha256=f070fcc95fae54bfbd1f261844096143fe2ccb74d93585bbfdb831b71fe38fbb
guest_elf_bytes=1171416 guest_elf_sha256=8bcadf5373742e92eb36535680e4b9f092c00fdcf9a8f7171678c49b170f11db
sp1_vkey=0x0019d16cfe911d943315c04235c792fcccc3e0759aa3095a941b8508178e0490
setup_elapsed_ms=20927
Setting environment variables took 24.632µs
Reading R1CS took 22.627546973s
Reading proving key took 4.337621414s
Reading witness file took 615.666µs
Deserializing JSON data took 25.052253ms
Generating witness took 939.363963ms
[90m00:10:52[0m DBG constraint system solver done [36mnbConstraints=[0m15972262 [36mtook=[0m5027.746669
[90m00:11:03[0m DBG prover done [36macceleration=[0mnone [36mbackend=[0mgroth16 [36mcurve=[0mbn254 [36mnbConstraints=[0m15972262 [36mtook=[0m11128.908288
Generating proof took 16.156934987s
[90m00:11:03[0m [33mWRN[0m [1mignoring uninitialized slice[0m [36mslice name=[0mVars [36mslice type=[0m[]frontend.Variable
[90m00:11:03[0m [33mWRN[0m [1mignoring uninitialized slice[0m [36mslice name=[0mVars [36mslice type=[0m[]frontend.Variable
[90m00:11:03[0m [33mWRN[0m [1mignoring uninitialized slice[0m [36mslice name=[0mVars [36mslice type=[0m[]frontend.Variable
[90m00:11:03[0m DBG verifier done [36mbackend=[0mgroth16 [36mcurve=[0mbn254 [36mtook=[0m0.836811
oracle=independent_row_119 checked=1101 circuit_derived=0
oracle_note=pose verdict 1, head saturation 0, logit sums [223, 5081, -2577, 2037, -9286, 3448, -21402, -7372, -10495, -6056, -16309] match the audited parity vectors
oracle_note=typed context, typed root and uncropped commitment match row_oracle.py; coupling score numerator 25717860 (denominator 4) is circuit-derived
public_values_bytes=1101
public_values_sha256=b21503aa3571dab5a8b6ccf7b00cd41ead77ac3170ea35e5a1d1b29d2a9e666a
prove_elapsed_ms=746490
verify_and_tamper_elapsed_ms=364
host_peak_rss_kib=Some(113760)
proof_output=/home/c/Documents/BOSUN/scratch/joined_build_20260901/proofs_fleet_20260902/row_119_groth16.bin
proof_bytes=2794 proof_sha256=21df4570beaa276210b79b38a5bbb999832cca6d416cb19e641579f02c3d4528
verified_proof=true
proof_generated=true
