classification=CANDIDATE_ORDERED_MEMBERSHIP
mode=ceremony_groth16
prover=local_cuda_explicit
row=61
trapdoor_flag_expected=1
sp1_circuit_version=v6.1.0
cycle_limit=4400000000
raw_bytes=24472000 raw_sha256=dabae703334efbd5d4a833ccc99275e2bc583349f8f2a9e2d8f4813610812484
guest_elf_bytes=1171416 guest_elf_sha256=8bcadf5373742e92eb36535680e4b9f092c00fdcf9a8f7171678c49b170f11db
sp1_vkey=0x0019d16cfe911d943315c04235c792fcccc3e0759aa3095a941b8508178e0490
setup_elapsed_ms=22798
Setting environment variables took 14.79µs
Reading R1CS took 22.428060073s
Reading proving key took 4.358278918s
Reading witness file took 619.837µs
Deserializing JSON data took 25.079496ms
Generating witness took 857.861938ms
[90m22:18:02[0m DBG constraint system solver done [36mnbConstraints=[0m15972262 [36mtook=[0m5129.042113
[90m22:18:13[0m DBG prover done [36macceleration=[0mnone [36mbackend=[0mgroth16 [36mcurve=[0mbn254 [36mnbConstraints=[0m15972262 [36mtook=[0m11414.718993
Generating proof took 16.544038072s
[90m22:18:13[0m [33mWRN[0m [1mignoring uninitialized slice[0m [36mslice name=[0mVars [36mslice type=[0m[]frontend.Variable
[90m22:18:13[0m [33mWRN[0m [1mignoring uninitialized slice[0m [36mslice name=[0mVars [36mslice type=[0m[]frontend.Variable
[90m22:18:13[0m [33mWRN[0m [1mignoring uninitialized slice[0m [36mslice name=[0mVars [36mslice type=[0m[]frontend.Variable
[90m22:18:13[0m DBG verifier done [36mbackend=[0mgroth16 [36mcurve=[0mbn254 [36mtook=[0m0.826591
oracle=independent_row_61 checked=1101 circuit_derived=0
oracle_note=pose verdict 0, head saturation 0, logit sums [8885, -6036, -1805, -2941, -694, -2374, -28160, -18612, -26000, -2377, -682] match the audited parity vectors
oracle_note=typed context, typed root and uncropped commitment match row_oracle.py; coupling score numerator 66967103 (denominator 4) is circuit-derived
public_values_bytes=1101
public_values_sha256=dfa1d8b9749c7bd9d42ce584370724e7a3dfbb8da7a1ca7c99eb82bc6a5c0763
prove_elapsed_ms=758627
verify_and_tamper_elapsed_ms=364
host_peak_rss_kib=Some(114240)
proof_output=/home/c/Documents/BOSUN/scratch/joined_build_20260901/proofs_fleet_20260902/row_061_groth16.bin
proof_bytes=2795 proof_sha256=032424a8d9fc3f40ddc0ab8fca25d8194f9fcd44fe00bdf0043502c3242d715c
verified_proof=true
proof_generated=true
