classification=CANDIDATE_ORDERED_MEMBERSHIP
mode=ceremony_groth16
prover=local_cuda_explicit
row=215
trapdoor_flag_expected=1
sp1_circuit_version=v6.1.0
cycle_limit=4400000000
raw_bytes=24472000 raw_sha256=9a50d34c70005ac623d687e3f6bef31b49c6edf3007899079895686f85ee2f4e
guest_elf_bytes=1171416 guest_elf_sha256=8bcadf5373742e92eb36535680e4b9f092c00fdcf9a8f7171678c49b170f11db
sp1_vkey=0x0019d16cfe911d943315c04235c792fcccc3e0759aa3095a941b8508178e0490
setup_elapsed_ms=22696
Setting environment variables took 65.902µs
Reading R1CS took 22.206441617s
Reading proving key took 3.482929345s
Reading witness file took 680.578µs
Deserializing JSON data took 25.103601ms
Generating witness took 985.134446ms
[90m02:46:38[0m DBG constraint system solver done [36mnbConstraints=[0m15972262 [36mtook=[0m5694.427112
[90m02:46:49[0m DBG prover done [36macceleration=[0mnone [36mbackend=[0mgroth16 [36mcurve=[0mbn254 [36mnbConstraints=[0m15972262 [36mtook=[0m11342.589927
Generating proof took 17.037331685s
[90m02:46:49[0m [33mWRN[0m [1mignoring uninitialized slice[0m [36mslice name=[0mVars [36mslice type=[0m[]frontend.Variable
[90m02:46:49[0m [33mWRN[0m [1mignoring uninitialized slice[0m [36mslice name=[0mVars [36mslice type=[0m[]frontend.Variable
[90m02:46:49[0m [33mWRN[0m [1mignoring uninitialized slice[0m [36mslice name=[0mVars [36mslice type=[0m[]frontend.Variable
[90m02:46:49[0m DBG verifier done [36mbackend=[0mgroth16 [36mcurve=[0mbn254 [36mtook=[0m0.900984
oracle=independent_row_215 checked=1101 circuit_derived=0
oracle_note=pose verdict 4, head saturation 0, logit sums [-4029, -17111, -12639, 3747, 5742, 710, -28318, -24961, -16746, -922, -3108] match the audited parity vectors
oracle_note=typed context, typed root and uncropped commitment match row_oracle.py; coupling score numerator 49900053 (denominator 4) is circuit-derived
public_values_bytes=1101
public_values_sha256=13ae885bdf6150ce78631f2a87350f02d49c8db41d18d399f4a75660cb714703
prove_elapsed_ms=760704
verify_and_tamper_elapsed_ms=364
host_peak_rss_kib=Some(114240)
proof_output=/home/c/Documents/BOSUN/scratch/joined_build_20260901/proofs_fleet_20260902/row_215_groth16.bin
proof_bytes=2794 proof_sha256=f294ba9809acf81d115f738ebcedd04d0ddfa5732296ecd26fb8af5b8b7c8f68
verified_proof=true
proof_generated=true
