classification=CANDIDATE_ORDERED_MEMBERSHIP
mode=ceremony_groth16
prover=local_cuda_explicit
row=45
trapdoor_flag_expected=1
sp1_circuit_version=v6.1.0
cycle_limit=4400000000
raw_bytes=24472000 raw_sha256=eea4a00c3eacd0ddd74a7df3649bb4d7d8ac34c7210de53fefea0bbf23bf088e
guest_elf_bytes=1171416 guest_elf_sha256=8bcadf5373742e92eb36535680e4b9f092c00fdcf9a8f7171678c49b170f11db
sp1_vkey=0x0019d16cfe911d943315c04235c792fcccc3e0759aa3095a941b8508178e0490
setup_elapsed_ms=22820
Setting environment variables took 16.331µs
Reading R1CS took 22.011250472s
Reading proving key took 4.329917473s
Reading witness file took 612.446µs
Deserializing JSON data took 25.054617ms
Generating witness took 832.612658ms
[90m21:52:07[0m DBG constraint system solver done [36mnbConstraints=[0m15972262 [36mtook=[0m5099.359087
[90m21:52:18[0m DBG prover done [36macceleration=[0mnone [36mbackend=[0mgroth16 [36mcurve=[0mbn254 [36mnbConstraints=[0m15972262 [36mtook=[0m11337.568531
Generating proof took 16.437225564s
[90m21:52:18[0m [33mWRN[0m [1mignoring uninitialized slice[0m [36mslice name=[0mVars [36mslice type=[0m[]frontend.Variable
[90m21:52:18[0m [33mWRN[0m [1mignoring uninitialized slice[0m [36mslice name=[0mVars [36mslice type=[0m[]frontend.Variable
[90m21:52:18[0m [33mWRN[0m [1mignoring uninitialized slice[0m [36mslice name=[0mVars [36mslice type=[0m[]frontend.Variable
[90m21:52:18[0m DBG verifier done [36mbackend=[0mgroth16 [36mcurve=[0mbn254 [36mtook=[0m0.883153
oracle=independent_row_45 checked=1101 circuit_derived=0
oracle_note=pose verdict 10, head saturation 0, logit sums [-2254, -16864, -11817, -2365, 8016, 55, -47044, -25779, -28582, 2581, 15452] match the audited parity vectors
oracle_note=typed context, typed root and uncropped commitment match row_oracle.py; coupling score numerator 64932582 (denominator 4) is circuit-derived
public_values_bytes=1101
public_values_sha256=973cde24bb44cbc816b43965ca7b0b31d09c0309d879534ff0f39794fa1be8fb
prove_elapsed_ms=735541
verify_and_tamper_elapsed_ms=364
host_peak_rss_kib=Some(114260)
proof_output=/home/c/Documents/BOSUN/scratch/joined_build_20260901/proofs_fleet_20260902/row_045_groth16.bin
proof_bytes=2795 proof_sha256=05f1f8fd1da8737538d303768e75cf59892f5089906fa8bf9749b656e0321d03
verified_proof=true
proof_generated=true
