classification=CANDIDATE_ORDERED_MEMBERSHIP
mode=ceremony_groth16
prover=local_cuda_explicit
row=29
trapdoor_flag_expected=1
sp1_circuit_version=v6.1.0
cycle_limit=4400000000
raw_bytes=24472000 raw_sha256=c1a84b650cb0660befc1691c39e53da513484212abfed9a8535ee93c0fcd0387
guest_elf_bytes=1171416 guest_elf_sha256=8bcadf5373742e92eb36535680e4b9f092c00fdcf9a8f7171678c49b170f11db
sp1_vkey=0x0019d16cfe911d943315c04235c792fcccc3e0759aa3095a941b8508178e0490
setup_elapsed_ms=22634
Setting environment variables took 14.09µs
Reading R1CS took 22.12684685s
Reading proving key took 4.364900664s
Reading witness file took 645.847µs
Deserializing JSON data took 25.319729ms
Generating witness took 989.741082ms
[90m21:26:23[0m DBG constraint system solver done [36mnbConstraints=[0m15972262 [36mtook=[0m5136.306186
[90m21:26:34[0m DBG prover done [36macceleration=[0mnone [36mbackend=[0mgroth16 [36mcurve=[0mbn254 [36mnbConstraints=[0m15972262 [36mtook=[0m11486.120423
Generating proof took 16.622709948s
[90m21:26:34[0m [33mWRN[0m [1mignoring uninitialized slice[0m [36mslice name=[0mVars [36mslice type=[0m[]frontend.Variable
[90m21:26:34[0m [33mWRN[0m [1mignoring uninitialized slice[0m [36mslice name=[0mVars [36mslice type=[0m[]frontend.Variable
[90m21:26:34[0m [33mWRN[0m [1mignoring uninitialized slice[0m [36mslice name=[0mVars [36mslice type=[0m[]frontend.Variable
[90m21:26:34[0m DBG verifier done [36mbackend=[0mgroth16 [36mcurve=[0mbn254 [36mtook=[0m0.875673
oracle=independent_row_29 checked=1101 circuit_derived=0
oracle_note=pose verdict 5, head saturation 0, logit sums [-4652, -9742, 1914, 1138, -11262, 2588, -6726, -3457, 1007, 1540, -38664] match the audited parity vectors
oracle_note=typed context, typed root and uncropped commitment match row_oracle.py; coupling score numerator 63943869 (denominator 4) is circuit-derived
public_values_bytes=1101
public_values_sha256=378bab8856e07afaf07182a76bc7eb4bca2ea1302d6d4a10c88faf1866e655fb
prove_elapsed_ms=738820
verify_and_tamper_elapsed_ms=364
host_peak_rss_kib=Some(114264)
proof_output=/home/c/Documents/BOSUN/scratch/joined_build_20260901/proofs_fleet_20260902/row_029_groth16.bin
proof_bytes=2795 proof_sha256=531ba54552f58c4fc475d90014b9dcc26134315238ed2e8c99dc86c15f315e28
verified_proof=true
proof_generated=true
