classification=CANDIDATE_ORDERED_MEMBERSHIP
mode=ceremony_groth16
prover=local_cuda_explicit
row=151
trapdoor_flag_expected=1
sp1_circuit_version=v6.1.0
cycle_limit=4400000000
raw_bytes=24472000 raw_sha256=c771642fd197d84892220296be78d4d6488b980d2fc6dca9c30a83bf60cceadb
guest_elf_bytes=1171416 guest_elf_sha256=8bcadf5373742e92eb36535680e4b9f092c00fdcf9a8f7171678c49b170f11db
sp1_vkey=0x0019d16cfe911d943315c04235c792fcccc3e0759aa3095a941b8508178e0490
setup_elapsed_ms=22901
Setting environment variables took 90.783µs
Reading R1CS took 22.199779478s
Reading proving key took 4.380491835s
Reading witness file took 618.437µs
Deserializing JSON data took 25.055152ms
Generating witness took 924.476937ms
[90m01:02:45[0m DBG constraint system solver done [36mnbConstraints=[0m15972262 [36mtook=[0m5097.953777
[90m01:02:56[0m DBG prover done [36macceleration=[0mnone [36mbackend=[0mgroth16 [36mcurve=[0mbn254 [36mnbConstraints=[0m15972262 [36mtook=[0m11405.745986
Generating proof took 16.50399368s
[90m01:02:56[0m [33mWRN[0m [1mignoring uninitialized slice[0m [36mslice name=[0mVars [36mslice type=[0m[]frontend.Variable
[90m01:02:56[0m [33mWRN[0m [1mignoring uninitialized slice[0m [36mslice name=[0mVars [36mslice type=[0m[]frontend.Variable
[90m01:02:56[0m [33mWRN[0m [1mignoring uninitialized slice[0m [36mslice name=[0mVars [36mslice type=[0m[]frontend.Variable
[90m01:02:56[0m DBG verifier done [36mbackend=[0mgroth16 [36mcurve=[0mbn254 [36mtook=[0m0.850783
oracle=independent_row_151 checked=1101 circuit_derived=0
oracle_note=pose verdict 2, head saturation 0, logit sums [-2495, -6932, 9311, 1191, -18480, -7661, 7840, 3228, 3559, -3123, -40235] match the audited parity vectors
oracle_note=typed context, typed root and uncropped commitment match row_oracle.py; coupling score numerator 43731948 (denominator 4) is circuit-derived
public_values_bytes=1101
public_values_sha256=98d08fd3440864c40bfceb65f16854bd0e3996899809b1a4e1e8680119027a07
prove_elapsed_ms=759173
verify_and_tamper_elapsed_ms=363
host_peak_rss_kib=Some(114260)
proof_output=/home/c/Documents/BOSUN/scratch/joined_build_20260901/proofs_fleet_20260902/row_151_groth16.bin
proof_bytes=2795 proof_sha256=f107e2fb12ee7dc4036d573055d17b971e2b7c2214d0254d9cb268cdab801a04
verified_proof=true
proof_generated=true
