mode=execute_only chain_csv_bytes=367429 chain_csv_sha256=5d9af297ae37119df15412f516a4543ee9f54b6aa66186abe478512fe9a1ff48
stdout: chain_rows=712
stdout: distinct_rounds=66 first_round=31521605 last_round=31521705
public_values_bytes=279
public_values_hex=5a42434841494e31000002c8000a000000420000000001e0fb450000000001e0fba974e3a131e1aaadd98e18c5f2a5f28ffaf59b8cd738e10216586efa2a893f384caeea9f4d6a55ebecd900eae187ea70dce05696551f96ae976c9a5243b3a4398e754e5716e65a065e5ad3146131609a1fd12e8310d966fb6bf2d3de6c568e7f8b740d752d27b70cb63c9501a470562a52616f4a445a7a9c0fb300844f61c7d783f5eba65f4a3604bee08207b4af571b97813cbd4dd3f919c110f6c5125ab21ee038a484b8793f3afadaf8fc5ba1c04d47e08cdbb4c07a39da09fb4149499a657200335a45454245414d5f4d41494e4e45545f424c4f434b494e475f545241494e494e475f333030535f32303236303832325f303031
decoded={"authority_manifest_sha256":"740d752d27b70cb63c9501a470562a52616f4a445a7a9c0fb300844f61c7d783","chain_log_blake3":"754e5716e65a065e5ad3146131609a1fd12e8310d966fb6bf2d3de6c568e7f8b","context_digest_blake3":"f5eba65f4a3604bee08207b4af571b97813cbd4dd3f919c110f6c5125ab21ee0","distinct_rounds":66,"first_round":31521605,"last_round":31521705,"magic":"ZBCHAIN1","ordered_session_root_blake3":"38a484b8793f3afadaf8fc5ba1c04d47e08cdbb4c07a39da09fb4149499a6572","row_count":712,"s_0":"74e3a131e1aaadd98e18c5f2a5f28ffaf59b8cd738e10216586efa2a893f384c","s_n":"aeea9f4d6a55ebecd900eae187ea70dce05696551f96ae976c9a5243b3a4398e","session_id":"ZEEBEAM_MAINNET_BLOCKING_TRAINING_300S_20260822_001","sha256":"a6d1ae85c09025824dfcd0023fe395d5107a2969b7eb4868dabd18455e9f64f8","total_bytes":279,"tree_depth":10}
oracle=chain_python checked=279 of 279 circuit_derived=0
total_instruction_count=368844955
total_syscall_count=8906832
CYCLE_REGION chain_beacons = 324030042
CYCLE_REGION chain_advances = 6010294
CYCLE_REGION chain_input = 701
CYCLE_REGION public_commitment = 16948
CYCLE_REGION chain_tree = 17531498
CYCLE_REGION chain_parse = 11515248
CYCLE_REGION chain_log_blake3 = 9585012
host_elapsed_ms=64121
verified_public_values=true
CHAIN_OK
exit=0
