classification=CANDIDATE_ORDERED_MEMBERSHIP
mode=ceremony_groth16
prover=local_cuda_explicit
row=96
trapdoor_flag_expected=1
sp1_circuit_version=v6.1.0
cycle_limit=4400000000
raw_bytes=24472000 raw_sha256=552e9e7ef2d70346665be990bed9c4d0fc82d65a2e561b244e95075e4df3bd30
guest_elf_bytes=1160904 guest_elf_sha256=5b3ebfcdbfd8a8c98d6f21c2e9db3cf499c9c0e77d90997637aa4fad9f694ce5
sp1_vkey=0x0092cba2c77fe7fc426bb539add5d0365e4edea340c2f3c040da9bd73cf9a82c
setup_elapsed_ms=21401
Setting environment variables took 9.101µs
Reading R1CS took 22.038349337s
Reading proving key took 4.422248342s
Reading witness file took 622.294µs
Deserializing JSON data took 29.552348ms
Generating witness took 952.779876ms
[90m06:13:10[0m DBG constraint system solver done [36mnbConstraints=[0m15972262 [36mtook=[0m5051.542974
[90m06:13:21[0m DBG prover done [36macceleration=[0mnone [36mbackend=[0mgroth16 [36mcurve=[0mbn254 [36mnbConstraints=[0m15972262 [36mtook=[0m11103.718145
Generating proof took 16.155524625s
[90m06:13:21[0m [33mWRN[0m [1mignoring uninitialized slice[0m [36mslice name=[0mVars [36mslice type=[0m[]frontend.Variable
[90m06:13:21[0m [33mWRN[0m [1mignoring uninitialized slice[0m [36mslice name=[0mVars [36mslice type=[0m[]frontend.Variable
[90m06:13:21[0m [33mWRN[0m [1mignoring uninitialized slice[0m [36mslice name=[0mVars [36mslice type=[0m[]frontend.Variable
[90m06:13:21[0m DBG verifier done [36mbackend=[0mgroth16 [36mcurve=[0mbn254 [36mtook=[0m0.814667
oracle=full_frozen_row96 checked=1085 circuit_derived=0
public_values_bytes=1085
public_values_sha256=4a75159f7807e05fce1b908299d54d482a81abd765d6f6cdea5d8811aa72ef69
prove_elapsed_ms=769575
verify_and_tamper_elapsed_ms=505
host_peak_rss_kib=Some(114260)
proof_output=/home/c/Documents/BOSUN/scratch/joined_build_20260901/proofs_20260902/row_096_groth16.bin
proof_bytes=2779 proof_sha256=62f113eca2c59970b54890bc6857ac527ecfde94487b4fba7263c325db32f936
verified_proof=true
proof_generated=true
