trapdoor: present, flag 1 expected
=== ROW 96 (cuda) ===
Wed Sep  2 16:06:11 UTC 2026
mode=ceremony_groth16
prover=local_cuda_explicit
row=96
guest_elf_bytes=1171416 guest_elf_sha256=8bcadf5373742e92eb36535680e4b9f092c00fdcf9a8f7171678c49b170f11db
sp1_vkey=0x0019d16cfe911d943315c04235c792fcccc3e0759aa3095a941b8508178e0490
oracle=full_frozen_row96 checked=1101 circuit_derived=0
public_values_bytes=1101
public_values_sha256=777bbf1f5b6197bd82fa9c9c041413efa5c647de7c7a627aa92b3d328adcb26a
prove_elapsed_ms=857424
verify_and_tamper_elapsed_ms=365
host_peak_rss_kib=Some(113760)
proof_output=/home/c/Documents/BOSUN/scratch/joined_build_20260901/proofs_20260902/row_096_groth16.bin
proof_bytes=2795 proof_sha256=b77fab5c2521b6aba7792f07b9ab1322c5eb02f07a03af157d8eabc2f3530b39
verified_proof=true
proof_generated=true
	Elapsed (wall clock) time (h:mm:ss or m:ss): 14:40.34
	Maximum resident set size (kbytes): 113760
	Exit status: 0
Wed Sep  2 16:20:51 UTC 2026
ROW_96_END
