classification=CANDIDATE_ORDERED_MEMBERSHIP
mode=ceremony_groth16
prover=local_cuda_explicit
row=96
trapdoor_flag_expected=1
sp1_circuit_version=v6.1.0
cycle_limit=4400000000
raw_bytes=24472000 raw_sha256=552e9e7ef2d70346665be990bed9c4d0fc82d65a2e561b244e95075e4df3bd30
guest_elf_bytes=1171416 guest_elf_sha256=8bcadf5373742e92eb36535680e4b9f092c00fdcf9a8f7171678c49b170f11db
sp1_vkey=0x0019d16cfe911d943315c04235c792fcccc3e0759aa3095a941b8508178e0490
setup_elapsed_ms=21170
Setting environment variables took 10.06µs
Reading R1CS took 22.018238118s
Reading proving key took 4.358647575s
Reading witness file took 600.615µs
Deserializing JSON data took 25.257735ms
Generating witness took 874.06382ms
[90m16:20:40[0m DBG constraint system solver done [36mnbConstraints=[0m15972262 [36mtook=[0m5019.861268
[90m16:20:50[0m DBG prover done [36macceleration=[0mnone [36mbackend=[0mgroth16 [36mcurve=[0mbn254 [36mnbConstraints=[0m15972262 [36mtook=[0m10820.381481
Generating proof took 15.840476034s
[90m16:20:50[0m [33mWRN[0m [1mignoring uninitialized slice[0m [36mslice name=[0mVars [36mslice type=[0m[]frontend.Variable
[90m16:20:50[0m [33mWRN[0m [1mignoring uninitialized slice[0m [36mslice name=[0mVars [36mslice type=[0m[]frontend.Variable
[90m16:20:50[0m [33mWRN[0m [1mignoring uninitialized slice[0m [36mslice name=[0mVars [36mslice type=[0m[]frontend.Variable
[90m16:20:50[0m DBG verifier done [36mbackend=[0mgroth16 [36mcurve=[0mbn254 [36mtook=[0m0.83976
oracle=full_frozen_row96 checked=1101 circuit_derived=0
public_values_bytes=1101
public_values_sha256=777bbf1f5b6197bd82fa9c9c041413efa5c647de7c7a627aa92b3d328adcb26a
prove_elapsed_ms=857424
verify_and_tamper_elapsed_ms=365
host_peak_rss_kib=Some(113760)
proof_output=/home/c/Documents/BOSUN/scratch/joined_build_20260901/proofs_20260902/row_096_groth16.bin
proof_bytes=2795 proof_sha256=b77fab5c2521b6aba7792f07b9ab1322c5eb02f07a03af157d8eabc2f3530b39
verified_proof=true
proof_generated=true
