classification=CANDIDATE_ORDERED_MEMBERSHIP
mode=ceremony_groth16
prover=local_cuda_explicit
row=72
trapdoor_flag_expected=1
sp1_circuit_version=v6.1.0
cycle_limit=4400000000
raw_bytes=24472000 raw_sha256=f821251979d7214d92f5810de0c03083c4fb09db3984e7532d7c1d0fce92b4af
guest_elf_bytes=1171416 guest_elf_sha256=8bcadf5373742e92eb36535680e4b9f092c00fdcf9a8f7171678c49b170f11db
sp1_vkey=0x0019d16cfe911d943315c04235c792fcccc3e0759aa3095a941b8508178e0490
setup_elapsed_ms=21957
Setting environment variables took 23.04µs
Reading R1CS took 22.066734104s
Reading proving key took 4.38035182s
Reading witness file took 590.175µs
Deserializing JSON data took 24.966291ms
Generating witness took 909.682154ms
[90m16:33:34[0m DBG constraint system solver done [36mnbConstraints=[0m15972262 [36mtook=[0m5011.912722
[90m16:33:45[0m DBG prover done [36macceleration=[0mnone [36mbackend=[0mgroth16 [36mcurve=[0mbn254 [36mnbConstraints=[0m15972262 [36mtook=[0m10870.535707
Generating proof took 15.882674064s
[90m16:33:45[0m [33mWRN[0m [1mignoring uninitialized slice[0m [36mslice name=[0mVars [36mslice type=[0m[]frontend.Variable
[90m16:33:45[0m [33mWRN[0m [1mignoring uninitialized slice[0m [36mslice name=[0mVars [36mslice type=[0m[]frontend.Variable
[90m16:33:45[0m [33mWRN[0m [1mignoring uninitialized slice[0m [36mslice name=[0mVars [36mslice type=[0m[]frontend.Variable
[90m16:33:45[0m DBG verifier done [36mbackend=[0mgroth16 [36mcurve=[0mbn254 [36mtook=[0m0.886692
oracle=independent_row_72 checked=1101 circuit_derived=0
oracle_note=pose verdict 0, head saturation 0, logit sums [6734, -2425, -875, 1520, -6138, -2992, -28597, -11477, -14082, 1516, -11595] match the audited parity vectors
oracle_note=typed context, typed root and uncropped commitment match row_oracle.py; coupling score numerator 56821525 (denominator 4) is circuit-derived
public_values_bytes=1101
public_values_sha256=9b560f900965b110cb7d1e67d142e8bc8f8bca8143134659a34d540a116a5190
prove_elapsed_ms=749813
verify_and_tamper_elapsed_ms=363
host_peak_rss_kib=Some(114240)
proof_output=/home/c/Documents/BOSUN/scratch/joined_build_20260901/proofs_20260902/row_072_groth16.bin
proof_bytes=2795 proof_sha256=1e505800177fde5b1d93a036d14fafd786618bd2f38e675672200226d4e08a65
verified_proof=true
proof_generated=true
