classification=CANDIDATE_ORDERED_MEMBERSHIP
mode=ceremony_groth16
prover=local_cuda_explicit
row=89
trapdoor_flag_expected=1
sp1_circuit_version=v6.1.0
cycle_limit=4400000000
raw_bytes=24472000 raw_sha256=25bc13e751f75b2bd374548627c80673c63e0b346bb4c0287d0fe708ad97b56a
guest_elf_bytes=1171416 guest_elf_sha256=8bcadf5373742e92eb36535680e4b9f092c00fdcf9a8f7171678c49b170f11db
sp1_vkey=0x0019d16cfe911d943315c04235c792fcccc3e0759aa3095a941b8508178e0490
setup_elapsed_ms=22734
Setting environment variables took 14.691µs
Reading R1CS took 22.813165362s
Reading proving key took 4.31629662s
Reading witness file took 622.293µs
Deserializing JSON data took 25.199644ms
Generating witness took 1.131919093s
[90m23:12:15[0m DBG constraint system solver done [36mnbConstraints=[0m15972262 [36mtook=[0m5339.150567
[90m23:12:26[0m DBG prover done [36macceleration=[0mnone [36mbackend=[0mgroth16 [36mcurve=[0mbn254 [36mnbConstraints=[0m15972262 [36mtook=[0m11081.93952
Generating proof took 16.421358747s
[90m23:12:26[0m [33mWRN[0m [1mignoring uninitialized slice[0m [36mslice name=[0mVars [36mslice type=[0m[]frontend.Variable
[90m23:12:26[0m [33mWRN[0m [1mignoring uninitialized slice[0m [36mslice name=[0mVars [36mslice type=[0m[]frontend.Variable
[90m23:12:26[0m [33mWRN[0m [1mignoring uninitialized slice[0m [36mslice name=[0mVars [36mslice type=[0m[]frontend.Variable
[90m23:12:26[0m DBG verifier done [36mbackend=[0mgroth16 [36mcurve=[0mbn254 [36mtook=[0m0.840678
oracle=independent_row_89 checked=1101 circuit_derived=0
oracle_note=pose verdict 0, head saturation 0, logit sums [2388, -6369, -2557, -881, -1065, -2264, -28188, -14861, -18027, 564, -2261] match the audited parity vectors
oracle_note=typed context, typed root and uncropped commitment match row_oracle.py; coupling score numerator 23348675 (denominator 4) is circuit-derived
public_values_bytes=1101
public_values_sha256=fabb6b400eedcfe4c68920d7e9261021a4cb66065a0145651edb24de739b1a75
prove_elapsed_ms=749034
verify_and_tamper_elapsed_ms=366
host_peak_rss_kib=Some(114260)
proof_output=/home/c/Documents/BOSUN/scratch/joined_build_20260901/proofs_fleet_20260902/row_089_groth16.bin
proof_bytes=2795 proof_sha256=1a776099c13734857861344a44260a1b9c6fb27fb30631fd1fa4dcea2a0b4668
verified_proof=true
proof_generated=true
