classification=CANDIDATE_ORDERED_MEMBERSHIP
mode=ceremony_groth16
prover=local_cuda_explicit
row=242
trapdoor_flag_expected=1
sp1_circuit_version=v6.1.0
cycle_limit=4400000000
raw_bytes=24472000 raw_sha256=e9828bb3971cee3668ce56c79f14a2625bbfe09ef1101202e741b43d47d7b70c
guest_elf_bytes=1171416 guest_elf_sha256=8bcadf5373742e92eb36535680e4b9f092c00fdcf9a8f7171678c49b170f11db
sp1_vkey=0x0019d16cfe911d943315c04235c792fcccc3e0759aa3095a941b8508178e0490
setup_elapsed_ms=22784
Setting environment variables took 23.436µs
Reading R1CS took 22.062309278s
Reading proving key took 4.314666174s
Reading witness file took 624.224µs
Deserializing JSON data took 25.266168ms
Generating witness took 1.246249715s
[90m03:51:32[0m DBG constraint system solver done [36mnbConstraints=[0m15972262 [36mtook=[0m5277.52642
[90m03:51:43[0m DBG prover done [36macceleration=[0mnone [36mbackend=[0mgroth16 [36mcurve=[0mbn254 [36mnbConstraints=[0m15972262 [36mtook=[0m11136.285961
Generating proof took 16.414111727s
[90m03:51:43[0m [33mWRN[0m [1mignoring uninitialized slice[0m [36mslice name=[0mVars [36mslice type=[0m[]frontend.Variable
[90m03:51:43[0m [33mWRN[0m [1mignoring uninitialized slice[0m [36mslice name=[0mVars [36mslice type=[0m[]frontend.Variable
[90m03:51:43[0m [33mWRN[0m [1mignoring uninitialized slice[0m [36mslice name=[0mVars [36mslice type=[0m[]frontend.Variable
[90m03:51:43[0m DBG verifier done [36mbackend=[0mgroth16 [36mcurve=[0mbn254 [36mtook=[0m0.905035
oracle=independent_row_242 checked=1101 circuit_derived=0
oracle_note=pose verdict 3, head saturation 0, logit sums [-9786, -30309, -13074, 10971, 3808, -1369, -9669, -26905, -2441, 1396, -29387] match the audited parity vectors
oracle_note=typed context, typed root and uncropped commitment match row_oracle.py; coupling score numerator 32959657 (denominator 4) is circuit-derived
public_values_bytes=1101
public_values_sha256=d6b2ef9a0e8368a00ca9b7344cc936a0d15b14deaa245c6e580177076743b2a7
prove_elapsed_ms=740184
verify_and_tamper_elapsed_ms=365
host_peak_rss_kib=Some(114000)
proof_output=/home/c/Documents/BOSUN/scratch/joined_build_20260901/proofs_fleet_20260902/row_242_groth16.bin
proof_bytes=2795 proof_sha256=776b0360af54a94b2880a79305ce3790d663e759a19298cfc46a51b23513cf5f
verified_proof=true
proof_generated=true
