classification=CANDIDATE_ORDERED_MEMBERSHIP
mode=ceremony_groth16
prover=local_cuda_explicit
row=234
trapdoor_flag_expected=1
sp1_circuit_version=v6.1.0
cycle_limit=4400000000
raw_bytes=24472000 raw_sha256=2e130a3c943468ad4ec844e160218bf4ec58db883927cb9a31a32a08d0a94e11
guest_elf_bytes=1171416 guest_elf_sha256=8bcadf5373742e92eb36535680e4b9f092c00fdcf9a8f7171678c49b170f11db
sp1_vkey=0x0019d16cfe911d943315c04235c792fcccc3e0759aa3095a941b8508178e0490
setup_elapsed_ms=22728
Setting environment variables took 15.401µs
Reading R1CS took 22.170596666s
Reading proving key took 4.409127105s
Reading witness file took 619.972µs
Deserializing JSON data took 25.605492ms
Generating witness took 1.245402306s
[90m03:38:48[0m DBG constraint system solver done [36mnbConstraints=[0m15972262 [36mtook=[0m5371.89743
[90m03:38:59[0m DBG prover done [36macceleration=[0mnone [36mbackend=[0mgroth16 [36mcurve=[0mbn254 [36mnbConstraints=[0m15972262 [36mtook=[0m11043.237498
Generating proof took 16.415464405s
[90m03:38:59[0m [33mWRN[0m [1mignoring uninitialized slice[0m [36mslice name=[0mVars [36mslice type=[0m[]frontend.Variable
[90m03:38:59[0m [33mWRN[0m [1mignoring uninitialized slice[0m [36mslice name=[0mVars [36mslice type=[0m[]frontend.Variable
[90m03:38:59[0m [33mWRN[0m [1mignoring uninitialized slice[0m [36mslice name=[0mVars [36mslice type=[0m[]frontend.Variable
[90m03:38:59[0m DBG verifier done [36mbackend=[0mgroth16 [36mcurve=[0mbn254 [36mtook=[0m0.850968
oracle=independent_row_234 checked=1101 circuit_derived=0
oracle_note=pose verdict 6, head saturation 0, logit sums [-12087, -25141, -6852, 14639, -11913, -5079, 14813, -7386, 13356, -2210, -59378] match the audited parity vectors
oracle_note=typed context, typed root and uncropped commitment match row_oracle.py; coupling score numerator 45553163 (denominator 4) is circuit-derived
public_values_bytes=1101
public_values_sha256=fb8901d41af2ef6d634d0883a88ac0be80429a36438c717975de83923a7ffcac
prove_elapsed_ms=742275
verify_and_tamper_elapsed_ms=366
host_peak_rss_kib=Some(114260)
proof_output=/home/c/Documents/BOSUN/scratch/joined_build_20260901/proofs_fleet_20260902/row_234_groth16.bin
proof_bytes=2795 proof_sha256=ce2bfb8ac59f373a34c69a2e721e62ba8b50db80aeb86fd3c79708d75d4d6c62
verified_proof=true
proof_generated=true
