classification=CANDIDATE_ORDERED_MEMBERSHIP
mode=ceremony_groth16
prover=local_cuda_explicit
row=81
trapdoor_flag_expected=1
sp1_circuit_version=v6.1.0
cycle_limit=4400000000
raw_bytes=24472000 raw_sha256=472d4df13f1b8e622694ce1f4f75263d44952da3d54eb327ac1923809c56bbd8
guest_elf_bytes=1171416 guest_elf_sha256=8bcadf5373742e92eb36535680e4b9f092c00fdcf9a8f7171678c49b170f11db
sp1_vkey=0x0019d16cfe911d943315c04235c792fcccc3e0759aa3095a941b8508178e0490
setup_elapsed_ms=22550
Setting environment variables took 15.52µs
Reading R1CS took 22.056310759s
Reading proving key took 4.299117476s
Reading witness file took 584.332µs
Deserializing JSON data took 25.185986ms
Generating witness took 1.247211495s
[90m22:59:22[0m DBG constraint system solver done [36mnbConstraints=[0m15972262 [36mtook=[0m5317.68417
[90m22:59:33[0m DBG prover done [36macceleration=[0mnone [36mbackend=[0mgroth16 [36mcurve=[0mbn254 [36mnbConstraints=[0m15972262 [36mtook=[0m11032.764795
Generating proof took 16.350759897s
[90m22:59:33[0m [33mWRN[0m [1mignoring uninitialized slice[0m [36mslice name=[0mVars [36mslice type=[0m[]frontend.Variable
[90m22:59:33[0m [33mWRN[0m [1mignoring uninitialized slice[0m [36mslice name=[0mVars [36mslice type=[0m[]frontend.Variable
[90m22:59:33[0m [33mWRN[0m [1mignoring uninitialized slice[0m [36mslice name=[0mVars [36mslice type=[0m[]frontend.Variable
[90m22:59:33[0m DBG verifier done [36mbackend=[0mgroth16 [36mcurve=[0mbn254 [36mtook=[0m0.890178
oracle=independent_row_81 checked=1101 circuit_derived=0
oracle_note=pose verdict 0, head saturation 0, logit sums [13311, 7148, 8772, -7390, -17606, -2768, -31513, -5917, -18297, -2087, -3886] match the audited parity vectors
oracle_note=typed context, typed root and uncropped commitment match row_oracle.py; coupling score numerator 35251734 (denominator 4) is circuit-derived
public_values_bytes=1101
public_values_sha256=97f9953393d6e85175c98befedc30028616e9176f1f44368b7ef1c3ec1f785a4
prove_elapsed_ms=750023
verify_and_tamper_elapsed_ms=367
host_peak_rss_kib=Some(114260)
proof_output=/home/c/Documents/BOSUN/scratch/joined_build_20260901/proofs_fleet_20260902/row_081_groth16.bin
proof_bytes=2795 proof_sha256=93d6acf80a9a2eb70adafe6e24498531132ab46c679b40f508e77d62ee869e50
verified_proof=true
proof_generated=true
