classification=CANDIDATE_ORDERED_MEMBERSHIP
mode=ceremony_groth16
prover=local_cuda_explicit
row=154
trapdoor_flag_expected=1
sp1_circuit_version=v6.1.0
cycle_limit=4400000000
raw_bytes=24472000 raw_sha256=190a078b8ce6668aa0057d005e376587dc3a483892fbc1768c547f91f9a6a896
guest_elf_bytes=1171416 guest_elf_sha256=8bcadf5373742e92eb36535680e4b9f092c00fdcf9a8f7171678c49b170f11db
sp1_vkey=0x0019d16cfe911d943315c04235c792fcccc3e0759aa3095a941b8508178e0490
setup_elapsed_ms=22741
Setting environment variables took 17.61µs
Reading R1CS took 22.246550775s
Reading proving key took 4.367936013s
Reading witness file took 667.594µs
Deserializing JSON data took 25.6956ms
Generating witness took 1.133837727s
[90m01:28:58[0m DBG constraint system solver done [36mnbConstraints=[0m15972262 [36mtook=[0m5351.384193
[90m01:29:09[0m DBG prover done [36macceleration=[0mnone [36mbackend=[0mgroth16 [36mcurve=[0mbn254 [36mnbConstraints=[0m15972262 [36mtook=[0m10832.424948
Generating proof took 16.184081046s
[90m01:29:09[0m [33mWRN[0m [1mignoring uninitialized slice[0m [36mslice name=[0mVars [36mslice type=[0m[]frontend.Variable
[90m01:29:09[0m [33mWRN[0m [1mignoring uninitialized slice[0m [36mslice name=[0mVars [36mslice type=[0m[]frontend.Variable
[90m01:29:09[0m [33mWRN[0m [1mignoring uninitialized slice[0m [36mslice name=[0mVars [36mslice type=[0m[]frontend.Variable
[90m01:29:09[0m DBG verifier done [36mbackend=[0mgroth16 [36mcurve=[0mbn254 [36mtook=[0m0.85513
oracle=independent_row_154 checked=1101 circuit_derived=0
oracle_note=pose verdict 2, head saturation 0, logit sums [2122, 3949, 13423, -10541, -21146, -1145, -17359, 6733, -8588, -2180, -18149] match the audited parity vectors
oracle_note=typed context, typed root and uncropped commitment match row_oracle.py; coupling score numerator 48899946 (denominator 4) is circuit-derived
public_values_bytes=1101
public_values_sha256=d6754e906f851736cc63a8e66be168c7b2e21463cf5203e05aa778a2dd2e1d1a
prove_elapsed_ms=755167
verify_and_tamper_elapsed_ms=366
host_peak_rss_kib=Some(113760)
proof_output=/home/c/Documents/BOSUN/scratch/joined_build_20260901/proofs_fleet_20260902/row_154_groth16.bin
proof_bytes=2795 proof_sha256=a7c2fba3f053ec3ee028e76bcdb12397b46f0b266c673d741d1ee74a19e358e2
verified_proof=true
proof_generated=true
