classification=CANDIDATE_ORDERED_MEMBERSHIP
mode=ceremony_groth16
prover=local_cuda_explicit
row=24
trapdoor_flag_expected=1
sp1_circuit_version=v6.1.0
cycle_limit=4400000000
raw_bytes=24472000 raw_sha256=a455786be9308ec9ae2fe3fd50e6808551a288c08c63a25f6d770f72127e9bba
guest_elf_bytes=1171416 guest_elf_sha256=8bcadf5373742e92eb36535680e4b9f092c00fdcf9a8f7171678c49b170f11db
sp1_vkey=0x0019d16cfe911d943315c04235c792fcccc3e0759aa3095a941b8508178e0490
setup_elapsed_ms=22535
Setting environment variables took 14.85µs
Reading R1CS took 22.044127572s
Reading proving key took 4.322516854s
Reading witness file took 629.283µs
Deserializing JSON data took 25.189481ms
Generating witness took 1.136445792s
[90m21:28:37[0m DBG constraint system solver done [36mnbConstraints=[0m15972262 [36mtook=[0m5353.896116
[90m21:28:48[0m DBG prover done [36macceleration=[0mnone [36mbackend=[0mgroth16 [36mcurve=[0mbn254 [36mnbConstraints=[0m15972262 [36mtook=[0m11194.793923
Generating proof took 16.548978943s
[90m21:28:48[0m [33mWRN[0m [1mignoring uninitialized slice[0m [36mslice name=[0mVars [36mslice type=[0m[]frontend.Variable
[90m21:28:48[0m [33mWRN[0m [1mignoring uninitialized slice[0m [36mslice name=[0mVars [36mslice type=[0m[]frontend.Variable
[90m21:28:48[0m [33mWRN[0m [1mignoring uninitialized slice[0m [36mslice name=[0mVars [36mslice type=[0m[]frontend.Variable
[90m21:28:48[0m DBG verifier done [36mbackend=[0mgroth16 [36mcurve=[0mbn254 [36mtook=[0m0.795574
oracle=independent_row_24 checked=1101 circuit_derived=0
oracle_note=pose verdict 2, head saturation 0, logit sums [-5916, -14399, 4739, -4973, -16341, 1120, -4033, 1639, 905, 2152, -38114] match the audited parity vectors
oracle_note=typed context, typed root and uncropped commitment match row_oracle.py; coupling score numerator 81602090 (denominator 4) is circuit-derived
public_values_bytes=1101
public_values_sha256=b5d32b6a89a9ab8ab6543279c767364e04b1daf9aacaa55879aea806ba666aa0
prove_elapsed_ms=739344
verify_and_tamper_elapsed_ms=366
host_peak_rss_kib=Some(114240)
proof_output=/home/c/Documents/BOSUN/scratch/joined_build_20260901/proofs_fleet_20260902/row_024_groth16.bin
proof_bytes=2794 proof_sha256=6e20470a9fff94a61822d585cc986ee53f8fd355ee6e03f40a3ef10c60ee71a8
verified_proof=true
proof_generated=true
