classification=CANDIDATE_ORDERED_MEMBERSHIP
mode=ceremony_groth16
prover=local_cuda_explicit
row=16
trapdoor_flag_expected=1
sp1_circuit_version=v6.1.0
cycle_limit=4400000000
raw_bytes=24472000 raw_sha256=ef3d1be399192f21e95654dfd5371a6b64fbb3af1bb22e30d79e15b53fd01bce
guest_elf_bytes=1171416 guest_elf_sha256=8bcadf5373742e92eb36535680e4b9f092c00fdcf9a8f7171678c49b170f11db
sp1_vkey=0x0019d16cfe911d943315c04235c792fcccc3e0759aa3095a941b8508178e0490
setup_elapsed_ms=22366
Setting environment variables took 134.624µs
Reading R1CS took 22.141675261s
Reading proving key took 4.44721056s
Reading witness file took 621.034µs
Deserializing JSON data took 25.725402ms
Generating witness took 1.175838816s
[90m21:15:54[0m DBG constraint system solver done [36mnbConstraints=[0m15972262 [36mtook=[0m5345.524694
[90m21:16:05[0m DBG prover done [36macceleration=[0mnone [36mbackend=[0mgroth16 [36mcurve=[0mbn254 [36mnbConstraints=[0m15972262 [36mtook=[0m11013.564001
Generating proof took 16.35933833s
[90m21:16:05[0m [33mWRN[0m [1mignoring uninitialized slice[0m [36mslice name=[0mVars [36mslice type=[0m[]frontend.Variable
[90m21:16:05[0m [33mWRN[0m [1mignoring uninitialized slice[0m [36mslice name=[0mVars [36mslice type=[0m[]frontend.Variable
[90m21:16:05[0m [33mWRN[0m [1mignoring uninitialized slice[0m [36mslice name=[0mVars [36mslice type=[0m[]frontend.Variable
[90m21:16:05[0m DBG verifier done [36mbackend=[0mgroth16 [36mcurve=[0mbn254 [36mtook=[0m0.870339
oracle=independent_row_16 checked=1101 circuit_derived=0
oracle_note=pose verdict 3, head saturation 0, logit sums [-10030, -29852, -4773, 5968, -6143, -3207, 884, -11579, 4380, 5078, -42875] match the audited parity vectors
oracle_note=typed context, typed root and uncropped commitment match row_oracle.py; coupling score numerator 41022838 (denominator 4) is circuit-derived
public_values_bytes=1101
public_values_sha256=02b3d511ef83160660e7baa20b6862a65a0182302c979cebede10d71421eef0a
prove_elapsed_ms=755993
verify_and_tamper_elapsed_ms=365
host_peak_rss_kib=Some(114240)
proof_output=/home/c/Documents/BOSUN/scratch/joined_build_20260901/proofs_fleet_20260902/row_016_groth16.bin
proof_bytes=2794 proof_sha256=8a2c9f8c4e65cad442ea4fe5ab6e3b89bc31da338bc461c5a1ba58d72f9ae78f
verified_proof=true
proof_generated=true
