classification=CANDIDATE_ORDERED_MEMBERSHIP
mode=ceremony_groth16
prover=local_cuda_explicit
row=56
trapdoor_flag_expected=1
sp1_circuit_version=v6.1.0
cycle_limit=4400000000
raw_bytes=24472000 raw_sha256=92c560a535434cdf83ecfe234f50c1948bc54a5587b831ef850bce3a2dba07b9
guest_elf_bytes=1171416 guest_elf_sha256=8bcadf5373742e92eb36535680e4b9f092c00fdcf9a8f7171678c49b170f11db
sp1_vkey=0x0019d16cfe911d943315c04235c792fcccc3e0759aa3095a941b8508178e0490
setup_elapsed_ms=22705
Setting environment variables took 14.11µs
Reading R1CS took 22.665417186s
Reading proving key took 4.329355091s
Reading witness file took 823.077µs
Deserializing JSON data took 28.577315ms
Generating witness took 1.099059166s
[90m22:20:33[0m DBG constraint system solver done [36mnbConstraints=[0m15972262 [36mtook=[0m5247.832695
[90m22:20:44[0m DBG prover done [36macceleration=[0mnone [36mbackend=[0mgroth16 [36mcurve=[0mbn254 [36mnbConstraints=[0m15972262 [36mtook=[0m11098.564303
Generating proof took 16.346753426s
[90m22:20:44[0m [33mWRN[0m [1mignoring uninitialized slice[0m [36mslice name=[0mVars [36mslice type=[0m[]frontend.Variable
[90m22:20:44[0m [33mWRN[0m [1mignoring uninitialized slice[0m [36mslice name=[0mVars [36mslice type=[0m[]frontend.Variable
[90m22:20:44[0m [33mWRN[0m [1mignoring uninitialized slice[0m [36mslice name=[0mVars [36mslice type=[0m[]frontend.Variable
[90m22:20:44[0m DBG verifier done [36mbackend=[0mgroth16 [36mcurve=[0mbn254 [36mtook=[0m0.880428
oracle=independent_row_56 checked=1101 circuit_derived=0
oracle_note=pose verdict 0, head saturation 0, logit sums [11899, 4934, -571, 1320, -6357, -4663, -28234, -16161, -21202, -6156, -374] match the audited parity vectors
oracle_note=typed context, typed root and uncropped commitment match row_oracle.py; coupling score numerator 57414318 (denominator 4) is circuit-derived
public_values_bytes=1101
public_values_sha256=8f33c46ec4e68299e80982e1a980fe860ab896802fd4ad3d089f339c6e65be2b
prove_elapsed_ms=763016
verify_and_tamper_elapsed_ms=365
host_peak_rss_kib=Some(113760)
proof_output=/home/c/Documents/BOSUN/scratch/joined_build_20260901/proofs_fleet_20260902/row_056_groth16.bin
proof_bytes=2794 proof_sha256=5145362579669c9fc6c3a6448192922cfebc61682ab6d690cd470a7c7421b0df
verified_proof=true
proof_generated=true
