classification=CANDIDATE_ORDERED_MEMBERSHIP
mode=ceremony_groth16
prover=local_cuda_explicit
row=130
trapdoor_flag_expected=1
sp1_circuit_version=v6.1.0
cycle_limit=4400000000
raw_bytes=24472000 raw_sha256=d50a91ee7c0e00ec56dfc8a928acacabc70af061b6a49c53d0d20491e1f467cd
guest_elf_bytes=1171416 guest_elf_sha256=8bcadf5373742e92eb36535680e4b9f092c00fdcf9a8f7171678c49b170f11db
sp1_vkey=0x0019d16cfe911d943315c04235c792fcccc3e0759aa3095a941b8508178e0490
setup_elapsed_ms=22687
Setting environment variables took 14.37µs
Reading R1CS took 22.164918604s
Reading proving key took 4.351855426s
Reading witness file took 637.524µs
Deserializing JSON data took 25.205864ms
Generating witness took 1.265068749s
[90m00:49:58[0m DBG constraint system solver done [36mnbConstraints=[0m15972262 [36mtook=[0m5352.08913
[90m00:50:09[0m DBG prover done [36macceleration=[0mnone [36mbackend=[0mgroth16 [36mcurve=[0mbn254 [36mnbConstraints=[0m15972262 [36mtook=[0m10860.001232
Generating proof took 16.212376921s
[90m00:50:09[0m [33mWRN[0m [1mignoring uninitialized slice[0m [36mslice name=[0mVars [36mslice type=[0m[]frontend.Variable
[90m00:50:09[0m [33mWRN[0m [1mignoring uninitialized slice[0m [36mslice name=[0mVars [36mslice type=[0m[]frontend.Variable
[90m00:50:09[0m [33mWRN[0m [1mignoring uninitialized slice[0m [36mslice name=[0mVars [36mslice type=[0m[]frontend.Variable
[90m00:50:09[0m DBG verifier done [36mbackend=[0mgroth16 [36mcurve=[0mbn254 [36mtook=[0m0.821737
oracle=independent_row_130 checked=1101 circuit_derived=0
oracle_note=pose verdict 1, head saturation 0, logit sums [8698, 14416, 1207, -5590, -13301, 3190, -33850, -619, -21377, -5650, -1835] match the audited parity vectors
oracle_note=typed context, typed root and uncropped commitment match row_oracle.py; coupling score numerator 35073239 (denominator 4) is circuit-derived
public_values_bytes=1101
public_values_sha256=44c65e0b1966cda83f7ff48929877f210107c25e3fa06cb54db10436da73e6ee
prove_elapsed_ms=758068
verify_and_tamper_elapsed_ms=366
host_peak_rss_kib=Some(114020)
proof_output=/home/c/Documents/BOSUN/scratch/joined_build_20260901/proofs_fleet_20260902/row_130_groth16.bin
proof_bytes=2794 proof_sha256=c72477bb55990af4acf605a89edc71b515e79930ec82f710cf7ff7ce252f8fe7
verified_proof=true
proof_generated=true
