classification=CANDIDATE_ORDERED_MEMBERSHIP
mode=ceremony_groth16
prover=local_cuda_explicit
row=73
trapdoor_flag_expected=1
sp1_circuit_version=v6.1.0
cycle_limit=4400000000
raw_bytes=24472000 raw_sha256=1e15fc8f4857f8589e5008796d90d1dc77d8e91e917126608cc5cefa4e9f6ba6
guest_elf_bytes=1171416 guest_elf_sha256=8bcadf5373742e92eb36535680e4b9f092c00fdcf9a8f7171678c49b170f11db
sp1_vkey=0x0019d16cfe911d943315c04235c792fcccc3e0759aa3095a941b8508178e0490
setup_elapsed_ms=22574
Setting environment variables took 80.492µs
Reading R1CS took 22.037901765s
Reading proving key took 4.330157391s
Reading witness file took 646.412µs
Deserializing JSON data took 27.877574ms
Generating witness took 1.187931694s
[90m22:46:28[0m DBG constraint system solver done [36mnbConstraints=[0m15972262 [36mtook=[0m5315.789229
[90m22:46:39[0m DBG prover done [36macceleration=[0mnone [36mbackend=[0mgroth16 [36mcurve=[0mbn254 [36mnbConstraints=[0m15972262 [36mtook=[0m11130.302007
Generating proof took 16.446385791s
[90m22:46:39[0m [33mWRN[0m [1mignoring uninitialized slice[0m [36mslice name=[0mVars [36mslice type=[0m[]frontend.Variable
[90m22:46:39[0m [33mWRN[0m [1mignoring uninitialized slice[0m [36mslice name=[0mVars [36mslice type=[0m[]frontend.Variable
[90m22:46:39[0m [33mWRN[0m [1mignoring uninitialized slice[0m [36mslice name=[0mVars [36mslice type=[0m[]frontend.Variable
[90m22:46:39[0m DBG verifier done [36mbackend=[0mgroth16 [36mcurve=[0mbn254 [36mtook=[0m0.839017
oracle=independent_row_73 checked=1101 circuit_derived=0
oracle_note=pose verdict 0, head saturation 0, logit sums [11356, -1151, 5914, -132, -15396, -8117, -14799, -7177, -12208, -3272, -16404] match the audited parity vectors
oracle_note=typed context, typed root and uncropped commitment match row_oracle.py; coupling score numerator 45476023 (denominator 4) is circuit-derived
public_values_bytes=1101
public_values_sha256=eeab2047b4c82079881ead17ed072628a2391b6e07ed1fd52016ac893dab6aac
prove_elapsed_ms=760914
verify_and_tamper_elapsed_ms=365
host_peak_rss_kib=Some(113760)
proof_output=/home/c/Documents/BOSUN/scratch/joined_build_20260901/proofs_fleet_20260902/row_073_groth16.bin
proof_bytes=2794 proof_sha256=5fea0fb0d3b48f330f7d7166f74868d7abbd8572efa0c02b0d61480baa34b9ef
verified_proof=true
proof_generated=true
