classification=CANDIDATE_ORDERED_MEMBERSHIP
mode=ceremony_groth16
prover=local_cuda_explicit
row=64
trapdoor_flag_expected=1
sp1_circuit_version=v6.1.0
cycle_limit=4400000000
raw_bytes=24472000 raw_sha256=aaf04ca930b19948d2addfb0d3ea32843a0e74d6c99b73fdf34011eb65bdbe13
guest_elf_bytes=1171416 guest_elf_sha256=8bcadf5373742e92eb36535680e4b9f092c00fdcf9a8f7171678c49b170f11db
sp1_vkey=0x0019d16cfe911d943315c04235c792fcccc3e0759aa3095a941b8508178e0490
setup_elapsed_ms=22619
Setting environment variables took 14.32µs
Reading R1CS took 22.079292604s
Reading proving key took 4.29644511s
Reading witness file took 621.403µs
Deserializing JSON data took 25.227192ms
Generating witness took 1.148096594s
[90m22:33:23[0m DBG constraint system solver done [36mnbConstraints=[0m15972262 [36mtook=[0m5316.966301
[90m22:33:34[0m DBG prover done [36macceleration=[0mnone [36mbackend=[0mgroth16 [36mcurve=[0mbn254 [36mnbConstraints=[0m15972262 [36mtook=[0m11468.999191
Generating proof took 16.786269567s
[90m22:33:34[0m [33mWRN[0m [1mignoring uninitialized slice[0m [36mslice name=[0mVars [36mslice type=[0m[]frontend.Variable
[90m22:33:34[0m [33mWRN[0m [1mignoring uninitialized slice[0m [36mslice name=[0mVars [36mslice type=[0m[]frontend.Variable
[90m22:33:34[0m [33mWRN[0m [1mignoring uninitialized slice[0m [36mslice name=[0mVars [36mslice type=[0m[]frontend.Variable
[90m22:33:34[0m DBG verifier done [36mbackend=[0mgroth16 [36mcurve=[0mbn254 [36mtook=[0m0.875538
oracle=independent_row_64 checked=1101 circuit_derived=0
oracle_note=pose verdict 0, head saturation 0, logit sums [15820, 12363, 11308, -5158, -17543, -10644, -24354, -2560, -19386, -4358, -553] match the audited parity vectors
oracle_note=typed context, typed root and uncropped commitment match row_oracle.py; coupling score numerator 67963234 (denominator 4) is circuit-derived
public_values_bytes=1101
public_values_sha256=9ceeed2ea7b812b3d8a9ee3eba3cdbf200ceea752e7a9e299383582b794ffa16
prove_elapsed_ms=746210
verify_and_tamper_elapsed_ms=367
host_peak_rss_kib=Some(114000)
proof_output=/home/c/Documents/BOSUN/scratch/joined_build_20260901/proofs_fleet_20260902/row_064_groth16.bin
proof_bytes=2795 proof_sha256=0058948542674d83bd23742bc1cb3ebadda3636e3a64e4e4e25b274bfa16838e
verified_proof=true
proof_generated=true
