classification=CANDIDATE_ORDERED_MEMBERSHIP
mode=ceremony_groth16
prover=local_cuda_explicit
row=98
trapdoor_flag_expected=1
sp1_circuit_version=v6.1.0
cycle_limit=4400000000
raw_bytes=24472000 raw_sha256=e91e78d31af5291fcc381943d92e4d511922145f52dc92429c57080cdd4d070a
guest_elf_bytes=1171416 guest_elf_sha256=8bcadf5373742e92eb36535680e4b9f092c00fdcf9a8f7171678c49b170f11db
sp1_vkey=0x0019d16cfe911d943315c04235c792fcccc3e0759aa3095a941b8508178e0490
setup_elapsed_ms=22600
Setting environment variables took 13.91µs
Reading R1CS took 22.368114788s
Reading proving key took 4.336987095s
Reading witness file took 622.642µs
Deserializing JSON data took 25.341241ms
Generating witness took 1.26803422s
[90m23:25:06[0m DBG constraint system solver done [36mnbConstraints=[0m15972262 [36mtook=[0m5346.209422
[90m23:25:17[0m DBG prover done [36macceleration=[0mnone [36mbackend=[0mgroth16 [36mcurve=[0mbn254 [36mnbConstraints=[0m15972262 [36mtook=[0m11093.278551
Generating proof took 16.439815431s
[90m23:25:17[0m [33mWRN[0m [1mignoring uninitialized slice[0m [36mslice name=[0mVars [36mslice type=[0m[]frontend.Variable
[90m23:25:17[0m [33mWRN[0m [1mignoring uninitialized slice[0m [36mslice name=[0mVars [36mslice type=[0m[]frontend.Variable
[90m23:25:17[0m [33mWRN[0m [1mignoring uninitialized slice[0m [36mslice name=[0mVars [36mslice type=[0m[]frontend.Variable
[90m23:25:17[0m DBG verifier done [36mbackend=[0mgroth16 [36mcurve=[0mbn254 [36mtook=[0m0.858467
oracle=independent_row_98 checked=1101 circuit_derived=0
oracle_note=pose verdict 1, head saturation 0, logit sums [8901, 29335, -1159, 2804, -12863, 5920, -39610, 4230, -18425, -11450, -6213] match the audited parity vectors
oracle_note=typed context, typed root and uncropped commitment match row_oracle.py; coupling score numerator 32427616 (denominator 4) is circuit-derived
public_values_bytes=1101
public_values_sha256=c4dd3ba4c48ea700e08574552c941b717d0836111e6876afd4bdb6a6a0f24dc8
prove_elapsed_ms=746502
verify_and_tamper_elapsed_ms=365
host_peak_rss_kib=Some(113780)
proof_output=/home/c/Documents/BOSUN/scratch/joined_build_20260901/proofs_fleet_20260902/row_098_groth16.bin
proof_bytes=2794 proof_sha256=612059b4f6544448d7230c65fade381480073568c54f1c6663bd35bf7cde51ee
verified_proof=true
proof_generated=true
