classification=CANDIDATE_ORDERED_MEMBERSHIP
mode=ceremony_groth16
prover=local_cuda_explicit
row=106
trapdoor_flag_expected=1
sp1_circuit_version=v6.1.0
cycle_limit=4400000000
raw_bytes=24472000 raw_sha256=3848adcffd62b3c82a458c90ee497199de7478112fe87689e6ee49c95468fd92
guest_elf_bytes=1171416 guest_elf_sha256=8bcadf5373742e92eb36535680e4b9f092c00fdcf9a8f7171678c49b170f11db
sp1_vkey=0x0019d16cfe911d943315c04235c792fcccc3e0759aa3095a941b8508178e0490
setup_elapsed_ms=21018
Setting environment variables took 24.137µs
Reading R1CS took 22.536565372s
Reading proving key took 4.303214676s
Reading witness file took 614.462µs
Deserializing JSON data took 25.234968ms
Generating witness took 1.197514026s
[90m00:10:44[0m DBG constraint system solver done [36mnbConstraints=[0m15972262 [36mtook=[0m5361.761946
[90m00:10:56[0m DBG prover done [36macceleration=[0mnone [36mbackend=[0mgroth16 [36mcurve=[0mbn254 [36mnbConstraints=[0m15972262 [36mtook=[0m11179.978407
Generating proof took 16.542043911s
[90m00:10:56[0m [33mWRN[0m [1mignoring uninitialized slice[0m [36mslice name=[0mVars [36mslice type=[0m[]frontend.Variable
[90m00:10:56[0m [33mWRN[0m [1mignoring uninitialized slice[0m [36mslice name=[0mVars [36mslice type=[0m[]frontend.Variable
[90m00:10:56[0m [33mWRN[0m [1mignoring uninitialized slice[0m [36mslice name=[0mVars [36mslice type=[0m[]frontend.Variable
[90m00:10:56[0m DBG verifier done [36mbackend=[0mgroth16 [36mcurve=[0mbn254 [36mtook=[0m0.917648
oracle=independent_row_106 checked=1101 circuit_derived=0
oracle_note=pose verdict 1, head saturation 0, logit sums [12471, 16438, 2227, 593, -10957, -4432, -31735, -4874, -20677, -6578, 655] match the audited parity vectors
oracle_note=typed context, typed root and uncropped commitment match row_oracle.py; coupling score numerator 28447123 (denominator 4) is circuit-derived
public_values_bytes=1101
public_values_sha256=9256379ae346d670809790c4b991842b0d71c105a4aaee832d89af8c2e618806
prove_elapsed_ms=739369
verify_and_tamper_elapsed_ms=365
host_peak_rss_kib=Some(114020)
proof_output=/home/c/Documents/BOSUN/scratch/joined_build_20260901/proofs_fleet_20260902/row_106_groth16.bin
proof_bytes=2794 proof_sha256=ca6391d6e243a1599236f15ac620520b968481c5bf5a20c99b5f5f4c3595a26c
verified_proof=true
proof_generated=true
