classification=CANDIDATE_ORDERED_MEMBERSHIP
mode=ceremony_groth16
prover=local_cuda_explicit
row=170
trapdoor_flag_expected=1
sp1_circuit_version=v6.1.0
cycle_limit=4400000000
raw_bytes=24472000 raw_sha256=d0d57a526863d6c196bb92204add539aeca40386ad2fe601feef5f5823abf071
guest_elf_bytes=1171416 guest_elf_sha256=8bcadf5373742e92eb36535680e4b9f092c00fdcf9a8f7171678c49b170f11db
sp1_vkey=0x0019d16cfe911d943315c04235c792fcccc3e0759aa3095a941b8508178e0490
setup_elapsed_ms=22798
Setting environment variables took 105.136µs
Reading R1CS took 22.323570097s
Reading proving key took 4.30829885s
Reading witness file took 635.696µs
Deserializing JSON data took 25.143856ms
Generating witness took 1.183466023s
[90m01:55:17[0m DBG constraint system solver done [36mnbConstraints=[0m15972262 [36mtook=[0m5315.660011
[90m01:55:28[0m DBG prover done [36macceleration=[0mnone [36mbackend=[0mgroth16 [36mcurve=[0mbn254 [36mnbConstraints=[0m15972262 [36mtook=[0m11037.292283
Generating proof took 16.353246738s
[90m01:55:28[0m [33mWRN[0m [1mignoring uninitialized slice[0m [36mslice name=[0mVars [36mslice type=[0m[]frontend.Variable
[90m01:55:28[0m [33mWRN[0m [1mignoring uninitialized slice[0m [36mslice name=[0mVars [36mslice type=[0m[]frontend.Variable
[90m01:55:28[0m [33mWRN[0m [1mignoring uninitialized slice[0m [36mslice name=[0mVars [36mslice type=[0m[]frontend.Variable
[90m01:55:28[0m DBG verifier done [36mbackend=[0mgroth16 [36mcurve=[0mbn254 [36mtook=[0m0.887379
oracle=independent_row_170 checked=1101 circuit_derived=0
oracle_note=pose verdict 2, head saturation 0, logit sums [-5079, -6362, 10125, -1825, -18209, -6829, 3041, 7758, 3539, 100, -37845] match the audited parity vectors
oracle_note=typed context, typed root and uncropped commitment match row_oracle.py; coupling score numerator 41586718 (denominator 4) is circuit-derived
public_values_bytes=1101
public_values_sha256=837949649e969749310578a509f653d4e2afa2a72ca30d741c5043bc2de53e61
prove_elapsed_ms=762221
verify_and_tamper_elapsed_ms=365
host_peak_rss_kib=Some(114260)
proof_output=/home/c/Documents/BOSUN/scratch/joined_build_20260901/proofs_fleet_20260902/row_170_groth16.bin
proof_bytes=2794 proof_sha256=8c613337fcb3741e978a94ba70b34e181671056468df89cce56942e0af75fba1
verified_proof=true
proof_generated=true
