classification=CANDIDATE_ORDERED_MEMBERSHIP
mode=ceremony_groth16
prover=local_cuda_explicit
row=194
trapdoor_flag_expected=1
sp1_circuit_version=v6.1.0
cycle_limit=4400000000
raw_bytes=24472000 raw_sha256=5457cd87e695f185cadf8d999eba04a5da4d697646190353468f19b3b1602fd3
guest_elf_bytes=1171416 guest_elf_sha256=8bcadf5373742e92eb36535680e4b9f092c00fdcf9a8f7171678c49b170f11db
sp1_vkey=0x0019d16cfe911d943315c04235c792fcccc3e0759aa3095a941b8508178e0490
setup_elapsed_ms=22771
Setting environment variables took 117.926µs
Reading R1CS took 22.119267939s
Reading proving key took 4.289767448s
Reading witness file took 629.653µs
Deserializing JSON data took 25.308552ms
Generating witness took 1.17423473s
[90m02:34:13[0m DBG constraint system solver done [36mnbConstraints=[0m15972262 [36mtook=[0m5318.149335
[90m02:34:24[0m DBG prover done [36macceleration=[0mnone [36mbackend=[0mgroth16 [36mcurve=[0mbn254 [36mnbConstraints=[0m15972262 [36mtook=[0m10952.439902
Generating proof took 16.270855653s
[90m02:34:24[0m [33mWRN[0m [1mignoring uninitialized slice[0m [36mslice name=[0mVars [36mslice type=[0m[]frontend.Variable
[90m02:34:24[0m [33mWRN[0m [1mignoring uninitialized slice[0m [36mslice name=[0mVars [36mslice type=[0m[]frontend.Variable
[90m02:34:24[0m [33mWRN[0m [1mignoring uninitialized slice[0m [36mslice name=[0mVars [36mslice type=[0m[]frontend.Variable
[90m02:34:24[0m DBG verifier done [36mbackend=[0mgroth16 [36mcurve=[0mbn254 [36mtook=[0m0.896438
oracle=independent_row_194 checked=1101 circuit_derived=0
oracle_note=pose verdict 2, head saturation 0, logit sums [-2171, -8450, 12214, -1407, -16922, -9175, -6591, -3411, 3019, 5476, -30943] match the audited parity vectors
oracle_note=typed context, typed root and uncropped commitment match row_oracle.py; coupling score numerator 37434975 (denominator 4) is circuit-derived
public_values_bytes=1101
public_values_sha256=c1ef973db67c2d0166a9223567b48610b3e4e7fe3a02236be6eb1d9abebbc25e
prove_elapsed_ms=746245
verify_and_tamper_elapsed_ms=366
host_peak_rss_kib=Some(114020)
proof_output=/home/c/Documents/BOSUN/scratch/joined_build_20260901/proofs_fleet_20260902/row_194_groth16.bin
proof_bytes=2793 proof_sha256=a2062acadff0273252851b9ca696371bf5fea9139293a16a34093665659aa7f1
verified_proof=true
proof_generated=true
