classification=CANDIDATE_ORDERED_MEMBERSHIP
mode=ceremony_groth16
prover=local_cuda_explicit
row=218
trapdoor_flag_expected=1
sp1_circuit_version=v6.1.0
cycle_limit=4400000000
raw_bytes=24472000 raw_sha256=7e9fbfca3bf1249a230af99be6734e083899e4a7f57ecd8449a81b25628d4237
guest_elf_bytes=1171416 guest_elf_sha256=8bcadf5373742e92eb36535680e4b9f092c00fdcf9a8f7171678c49b170f11db
sp1_vkey=0x0019d16cfe911d943315c04235c792fcccc3e0759aa3095a941b8508178e0490
setup_elapsed_ms=22663
Setting environment variables took 14.39µs
Reading R1CS took 22.352691213s
Reading proving key took 4.29212954s
Reading witness file took 626.403µs
Deserializing JSON data took 25.258011ms
Generating witness took 1.222937634s
[90m03:13:02[0m DBG constraint system solver done [36mnbConstraints=[0m15972262 [36mtook=[0m5358.41395
[90m03:13:13[0m DBG prover done [36macceleration=[0mnone [36mbackend=[0mgroth16 [36mcurve=[0mbn254 [36mnbConstraints=[0m15972262 [36mtook=[0m10976.078933
Generating proof took 16.334775739s
[90m03:13:13[0m [33mWRN[0m [1mignoring uninitialized slice[0m [36mslice name=[0mVars [36mslice type=[0m[]frontend.Variable
[90m03:13:13[0m [33mWRN[0m [1mignoring uninitialized slice[0m [36mslice name=[0mVars [36mslice type=[0m[]frontend.Variable
[90m03:13:13[0m [33mWRN[0m [1mignoring uninitialized slice[0m [36mslice name=[0mVars [36mslice type=[0m[]frontend.Variable
[90m03:13:13[0m DBG verifier done [36mbackend=[0mgroth16 [36mcurve=[0mbn254 [36mtook=[0m0.96595
oracle=independent_row_218 checked=1101 circuit_derived=0
oracle_note=pose verdict 3, head saturation 0, logit sums [-6782, -19754, -10229, 7126, 1257, 1538, -14857, -19527, -5498, -59, -24018] match the audited parity vectors
oracle_note=typed context, typed root and uncropped commitment match row_oracle.py; coupling score numerator 58241071 (denominator 4) is circuit-derived
public_values_bytes=1101
public_values_sha256=1633484dfe8fde7a741b8a6c5dcbf08aec54871253e0cdf9788e918c20009d0c
prove_elapsed_ms=745094
verify_and_tamper_elapsed_ms=366
host_peak_rss_kib=Some(114020)
proof_output=/home/c/Documents/BOSUN/scratch/joined_build_20260901/proofs_fleet_20260902/row_218_groth16.bin
proof_bytes=2795 proof_sha256=d06e3fa3c1da02df7a21174a9a20361e9398b2a0638703fc3a9d8fc61ec51df6
verified_proof=true
proof_generated=true
