classification=CANDIDATE_ORDERED_MEMBERSHIP
mode=ceremony_groth16
prover=local_cuda_explicit
row=186
trapdoor_flag_expected=1
sp1_circuit_version=v6.1.0
cycle_limit=4400000000
raw_bytes=24472000 raw_sha256=a4319b7de879b159afd4bf3300946c55a57777bbbdc6113423887002b8e60b56
guest_elf_bytes=1171416 guest_elf_sha256=8bcadf5373742e92eb36535680e4b9f092c00fdcf9a8f7171678c49b170f11db
sp1_vkey=0x0019d16cfe911d943315c04235c792fcccc3e0759aa3095a941b8508178e0490
setup_elapsed_ms=22707
Setting environment variables took 14.85µs
Reading R1CS took 22.460049s
Reading proving key took 4.374742793s
Reading witness file took 719.125µs
Deserializing JSON data took 25.672511ms
Generating witness took 1.101193453s
[90m02:21:23[0m DBG constraint system solver done [36mnbConstraints=[0m15972262 [36mtook=[0m5372.717005
[90m02:21:34[0m DBG prover done [36macceleration=[0mnone [36mbackend=[0mgroth16 [36mcurve=[0mbn254 [36mnbConstraints=[0m15972262 [36mtook=[0m11229.019823
Generating proof took 16.602052354s
[90m02:21:34[0m [33mWRN[0m [1mignoring uninitialized slice[0m [36mslice name=[0mVars [36mslice type=[0m[]frontend.Variable
[90m02:21:34[0m [33mWRN[0m [1mignoring uninitialized slice[0m [36mslice name=[0mVars [36mslice type=[0m[]frontend.Variable
[90m02:21:34[0m [33mWRN[0m [1mignoring uninitialized slice[0m [36mslice name=[0mVars [36mslice type=[0m[]frontend.Variable
[90m02:21:34[0m DBG verifier done [36mbackend=[0mgroth16 [36mcurve=[0mbn254 [36mtook=[0m0.846857
oracle=independent_row_186 checked=1101 circuit_derived=0
oracle_note=pose verdict 2, head saturation 0, logit sums [-7116, -17235, 8321, -4076, -16108, -3273, -1317, -2879, 2290, 1186, -37255] match the audited parity vectors
oracle_note=typed context, typed root and uncropped commitment match row_oracle.py; coupling score numerator 74185538 (denominator 4) is circuit-derived
public_values_bytes=1101
public_values_sha256=22196a55ce672ed48e539cb226e0b50611de1de2cc0430b6f2bec7376b8a0900
prove_elapsed_ms=765570
verify_and_tamper_elapsed_ms=366
host_peak_rss_kib=Some(113780)
proof_output=/home/c/Documents/BOSUN/scratch/joined_build_20260901/proofs_fleet_20260902/row_186_groth16.bin
proof_bytes=2793 proof_sha256=669aee49ea080bce54579c65d362e8ebb56531ad922132f122cfe695ff6c146c
verified_proof=true
proof_generated=true
