classification=CANDIDATE_ORDERED_MEMBERSHIP
mode=ceremony_groth16
prover=local_cuda_explicit
row=138
trapdoor_flag_expected=1
sp1_circuit_version=v6.1.0
cycle_limit=4400000000
raw_bytes=24472000 raw_sha256=2c3e92de2f7befc24d57178e9e30bf02f4c12b1ce6de1b5ae57135b9f1930396
guest_elf_bytes=1171416 guest_elf_sha256=8bcadf5373742e92eb36535680e4b9f092c00fdcf9a8f7171678c49b170f11db
sp1_vkey=0x0019d16cfe911d943315c04235c792fcccc3e0759aa3095a941b8508178e0490
setup_elapsed_ms=22760
Setting environment variables took 14.821µs
Reading R1CS took 22.083459201s
Reading proving key took 4.306384401s
Reading witness file took 708.214µs
Deserializing JSON data took 27.26545ms
Generating witness took 1.227504809s
[90m01:02:51[0m DBG constraint system solver done [36mnbConstraints=[0m15972262 [36mtook=[0m5370.252638
[90m01:03:02[0m DBG prover done [36macceleration=[0mnone [36mbackend=[0mgroth16 [36mcurve=[0mbn254 [36mnbConstraints=[0m15972262 [36mtook=[0m11207.333307
Generating proof took 16.577872861s
[90m01:03:02[0m [33mWRN[0m [1mignoring uninitialized slice[0m [36mslice name=[0mVars [36mslice type=[0m[]frontend.Variable
[90m01:03:02[0m [33mWRN[0m [1mignoring uninitialized slice[0m [36mslice name=[0mVars [36mslice type=[0m[]frontend.Variable
[90m01:03:02[0m [33mWRN[0m [1mignoring uninitialized slice[0m [36mslice name=[0mVars [36mslice type=[0m[]frontend.Variable
[90m01:03:02[0m DBG verifier done [36mbackend=[0mgroth16 [36mcurve=[0mbn254 [36mtook=[0m0.849847
oracle=independent_row_138 checked=1101 circuit_derived=0
oracle_note=pose verdict 1, head saturation 0, logit sums [3972, 17360, 279, -4116, -13774, 8595, -32231, 3287, -15262, -6998, -9803] match the audited parity vectors
oracle_note=typed context, typed root and uncropped commitment match row_oracle.py; coupling score numerator 34722885 (denominator 4) is circuit-derived
public_values_bytes=1101
public_values_sha256=eb1bb9804f11227b3e1334f7f1c3be80c8d7efdcfc3f1ff3da143c90cfe3ef3d
prove_elapsed_ms=748905
verify_and_tamper_elapsed_ms=367
host_peak_rss_kib=Some(114000)
proof_output=/home/c/Documents/BOSUN/scratch/joined_build_20260901/proofs_fleet_20260902/row_138_groth16.bin
proof_bytes=2794 proof_sha256=4959062f7a2b3284be934f7ddbaed0d931ecef409c5eac0d3de46a5446f8228a
verified_proof=true
proof_generated=true
