classification=CANDIDATE_ORDERED_MEMBERSHIP
mode=ceremony_groth16
prover=local_cuda_explicit
row=40
trapdoor_flag_expected=1
sp1_circuit_version=v6.1.0
cycle_limit=4400000000
raw_bytes=24472000 raw_sha256=f86fc8d6ad5c670f8b968a0f3977e3f7c087c7a4df395ca25df1204c50f07ac8
guest_elf_bytes=1171416 guest_elf_sha256=8bcadf5373742e92eb36535680e4b9f092c00fdcf9a8f7171678c49b170f11db
sp1_vkey=0x0019d16cfe911d943315c04235c792fcccc3e0759aa3095a941b8508178e0490
setup_elapsed_ms=22619
Setting environment variables took 14.23µs
Reading R1CS took 22.800296584s
Reading proving key took 4.293242867s
Reading witness file took 604.883µs
Deserializing JSON data took 26.943222ms
Generating witness took 1.263392728s
[90m21:54:36[0m DBG constraint system solver done [36mnbConstraints=[0m15972262 [36mtook=[0m5242.723707
[90m21:54:47[0m DBG prover done [36macceleration=[0mnone [36mbackend=[0mgroth16 [36mcurve=[0mbn254 [36mnbConstraints=[0m15972262 [36mtook=[0m11229.860211
Generating proof took 16.472894265s
[90m21:54:47[0m [33mWRN[0m [1mignoring uninitialized slice[0m [36mslice name=[0mVars [36mslice type=[0m[]frontend.Variable
[90m21:54:47[0m [33mWRN[0m [1mignoring uninitialized slice[0m [36mslice name=[0mVars [36mslice type=[0m[]frontend.Variable
[90m21:54:47[0m [33mWRN[0m [1mignoring uninitialized slice[0m [36mslice name=[0mVars [36mslice type=[0m[]frontend.Variable
[90m21:54:47[0m DBG verifier done [36mbackend=[0mgroth16 [36mcurve=[0mbn254 [36mtook=[0m0.941178
oracle=independent_row_40 checked=1101 circuit_derived=0
oracle_note=pose verdict 9, head saturation 0, logit sums [-9612, -23969, 4803, -6206, -12503, -3466, -11172, -4980, 141, 10888, -30524] match the audited parity vectors
oracle_note=typed context, typed root and uncropped commitment match row_oracle.py; coupling score numerator 43152245 (denominator 4) is circuit-derived
public_values_bytes=1101
public_values_sha256=c9612f1663e4a79aeb022d53cf66ac92ff4d42530cd610102c761554409ac5a2
prove_elapsed_ms=760405
verify_and_tamper_elapsed_ms=365
host_peak_rss_kib=Some(114240)
proof_output=/home/c/Documents/BOSUN/scratch/joined_build_20260901/proofs_fleet_20260902/row_040_groth16.bin
proof_bytes=2794 proof_sha256=da29eea6a6ae2358c556570e76d4621fa336254e97a6935e3442026eefd3cc4c
verified_proof=true
proof_generated=true
