classification=CANDIDATE_ORDERED_MEMBERSHIP
mode=ceremony_groth16
prover=local_cuda_explicit
row=122
trapdoor_flag_expected=1
sp1_circuit_version=v6.1.0
cycle_limit=4400000000
raw_bytes=24472000 raw_sha256=b1c03948d907caf560ee9684bad1d78d1d8cc69ee315e4de604fe24cb84867f2
guest_elf_bytes=1171416 guest_elf_sha256=8bcadf5373742e92eb36535680e4b9f092c00fdcf9a8f7171678c49b170f11db
sp1_vkey=0x0019d16cfe911d943315c04235c792fcccc3e0759aa3095a941b8508178e0490
setup_elapsed_ms=22791
Setting environment variables took 14.81µs
Reading R1CS took 22.160033069s
Reading proving key took 4.348112615s
Reading witness file took 631.843µs
Deserializing JSON data took 25.409475ms
Generating witness took 1.023116401s
[90m00:36:55[0m DBG constraint system solver done [36mnbConstraints=[0m15972262 [36mtook=[0m5257.921754
[90m00:37:07[0m DBG prover done [36macceleration=[0mnone [36mbackend=[0mgroth16 [36mcurve=[0mbn254 [36mnbConstraints=[0m15972262 [36mtook=[0m11076.27145
Generating proof took 16.334467249s
[90m00:37:07[0m [33mWRN[0m [1mignoring uninitialized slice[0m [36mslice name=[0mVars [36mslice type=[0m[]frontend.Variable
[90m00:37:07[0m [33mWRN[0m [1mignoring uninitialized slice[0m [36mslice name=[0mVars [36mslice type=[0m[]frontend.Variable
[90m00:37:07[0m [33mWRN[0m [1mignoring uninitialized slice[0m [36mslice name=[0mVars [36mslice type=[0m[]frontend.Variable
[90m00:37:07[0m DBG verifier done [36mbackend=[0mgroth16 [36mcurve=[0mbn254 [36mtook=[0m0.866278
oracle=independent_row_122 checked=1101 circuit_derived=0
oracle_note=pose verdict 1, head saturation 0, logit sums [4257, 9147, -1685, -6236, -9080, 7026, -37399, 176, -20997, -3629, -3800] match the audited parity vectors
oracle_note=typed context, typed root and uncropped commitment match row_oracle.py; coupling score numerator 56337338 (denominator 4) is circuit-derived
public_values_bytes=1101
public_values_sha256=e5d4216c054dbed706218dfc12eba9db4071c353090c77cc595aeb4ca1629cbe
prove_elapsed_ms=769096
verify_and_tamper_elapsed_ms=366
host_peak_rss_kib=Some(114000)
proof_output=/home/c/Documents/BOSUN/scratch/joined_build_20260901/proofs_fleet_20260902/row_122_groth16.bin
proof_bytes=2794 proof_sha256=e29629e6ead295be247a9505116e4ca5befb2c675c19c434701a095b1470cc8e
verified_proof=true
proof_generated=true
