classification=CANDIDATE_ORDERED_MEMBERSHIP
mode=ceremony_groth16
prover=local_cuda_explicit
row=8
trapdoor_flag_expected=1
sp1_circuit_version=v6.1.0
cycle_limit=4400000000
raw_bytes=24472000 raw_sha256=aab0a33db1b69d83918c48d2e248f8856f6f51bfa01e13b0d001086713593e20
guest_elf_bytes=1171416 guest_elf_sha256=8bcadf5373742e92eb36535680e4b9f092c00fdcf9a8f7171678c49b170f11db
sp1_vkey=0x0019d16cfe911d943315c04235c792fcccc3e0759aa3095a941b8508178e0490
setup_elapsed_ms=21063
Setting environment variables took 14.92µs
Reading R1CS took 22.181131766s
Reading proving key took 4.266290877s
Reading witness file took 614.422µs
Deserializing JSON data took 25.301119ms
Generating witness took 1.188336559s
[90m21:02:54[0m DBG constraint system solver done [36mnbConstraints=[0m15972262 [36mtook=[0m5308.43396
[90m21:03:05[0m DBG prover done [36macceleration=[0mnone [36mbackend=[0mgroth16 [36mcurve=[0mbn254 [36mnbConstraints=[0m15972262 [36mtook=[0m11238.931813
Generating proof took 16.547661269s
[90m21:03:05[0m [33mWRN[0m [1mignoring uninitialized slice[0m [36mslice name=[0mVars [36mslice type=[0m[]frontend.Variable
[90m21:03:05[0m [33mWRN[0m [1mignoring uninitialized slice[0m [36mslice name=[0mVars [36mslice type=[0m[]frontend.Variable
[90m21:03:05[0m [33mWRN[0m [1mignoring uninitialized slice[0m [36mslice name=[0mVars [36mslice type=[0m[]frontend.Variable
[90m21:03:05[0m DBG verifier done [36mbackend=[0mgroth16 [36mcurve=[0mbn254 [36mtook=[0m0.870127
oracle=independent_row_8 checked=1101 circuit_derived=0
oracle_note=pose verdict 9, head saturation 0, logit sums [-4978, -18866, -2128, -1519, -6059, -2307, -20198, -16211, -5943, 8691, -17156] match the audited parity vectors
oracle_note=typed context, typed root and uncropped commitment match row_oracle.py; coupling score numerator 60514947 (denominator 4) is circuit-derived
public_values_bytes=1101
public_values_sha256=46e702fd0c72776509e378f88b23d3d615be10b0b5252b1d12ae87563ae97769
prove_elapsed_ms=907653
verify_and_tamper_elapsed_ms=366
host_peak_rss_kib=Some(332900)
proof_output=/home/c/Documents/BOSUN/scratch/joined_build_20260901/proofs_fleet_20260902/row_008_groth16.bin
proof_bytes=2794 proof_sha256=f731b5972570aa749d975b235a690541af80e96d411cbce1e0a2af991c1b98a9
verified_proof=true
proof_generated=true
