classification=CANDIDATE_ORDERED_MEMBERSHIP
mode=ceremony_groth16
prover=local_cuda_explicit
row=233
trapdoor_flag_expected=1
sp1_circuit_version=v6.1.0
cycle_limit=4400000000
raw_bytes=24472000 raw_sha256=c0729df0f0560dbffe6d88399dff2badcf9512f6763e63f278023c5995c93cb1
guest_elf_bytes=1171416 guest_elf_sha256=8bcadf5373742e92eb36535680e4b9f092c00fdcf9a8f7171678c49b170f11db
sp1_vkey=0x0019d16cfe911d943315c04235c792fcccc3e0759aa3095a941b8508178e0490
setup_elapsed_ms=24046
Setting environment variables took 83.912µs
Reading R1CS took 24.955644322s
Reading proving key took 4.512717737s
Reading witness file took 594.675µs
Deserializing JSON data took 25.829899ms
Generating witness took 999.138729ms
[90m03:48:04[0m DBG constraint system solver done [36mnbConstraints=[0m15972262 [36mtook=[0m5284.666071
[90m03:48:16[0m DBG prover done [36macceleration=[0mnone [36mbackend=[0mgroth16 [36mcurve=[0mbn254 [36mnbConstraints=[0m15972262 [36mtook=[0m12462.84831
Generating proof took 17.747852261s
[90m03:48:16[0m [33mWRN[0m [1mignoring uninitialized slice[0m [36mslice name=[0mVars [36mslice type=[0m[]frontend.Variable
[90m03:48:16[0m [33mWRN[0m [1mignoring uninitialized slice[0m [36mslice name=[0mVars [36mslice type=[0m[]frontend.Variable
[90m03:48:16[0m [33mWRN[0m [1mignoring uninitialized slice[0m [36mslice name=[0mVars [36mslice type=[0m[]frontend.Variable
[90m03:48:16[0m DBG verifier done [36mbackend=[0mgroth16 [36mcurve=[0mbn254 [36mtook=[0m1.010948
oracle=independent_row_233 checked=1101 circuit_derived=0
oracle_note=pose verdict 3, head saturation 0, logit sums [-1657, -8749, -5831, 14010, -5988, -7883, -943, -13240, 1346, -2625, -30598] match the audited parity vectors
oracle_note=typed context, typed root and uncropped commitment match row_oracle.py; coupling score numerator 54772812 (denominator 4) is circuit-derived
public_values_bytes=1101
public_values_sha256=e730b59114c6bb9bf47121688419bf07f9be628f7a8bc8e0a3e071c3be1dd2ab
prove_elapsed_ms=786978
verify_and_tamper_elapsed_ms=409
host_peak_rss_kib=Some(113780)
proof_output=/home/c/Documents/BOSUN/scratch/joined_build_20260901/proofs_fleet_20260902/row_233_groth16.bin
proof_bytes=2794 proof_sha256=032623afcb5ba596825c73ac2d063968ed6d095707d4b105c9b2d54b4c35dd66
verified_proof=true
proof_generated=true
