classification=CANDIDATE_ORDERED_MEMBERSHIP
mode=ceremony_groth16
prover=local_cuda_explicit
row=225
trapdoor_flag_expected=1
sp1_circuit_version=v6.1.0
cycle_limit=4400000000
raw_bytes=24472000 raw_sha256=89d348543531983cbe27873f3e5cb846c3efa22171449cdb722a642c8899aa5a
guest_elf_bytes=1171416 guest_elf_sha256=8bcadf5373742e92eb36535680e4b9f092c00fdcf9a8f7171678c49b170f11db
sp1_vkey=0x0019d16cfe911d943315c04235c792fcccc3e0759aa3095a941b8508178e0490
setup_elapsed_ms=23656
Setting environment variables took 15.491µs
Reading R1CS took 23.745558154s
Reading proving key took 4.566956596s
Reading witness file took 702.099µs
Deserializing JSON data took 36.227606ms
Generating witness took 854.80648ms
[90m03:34:31[0m DBG constraint system solver done [36mnbConstraints=[0m15972262 [36mtook=[0m5357.983159
[90m03:34:43[0m DBG prover done [36macceleration=[0mnone [36mbackend=[0mgroth16 [36mcurve=[0mbn254 [36mnbConstraints=[0m15972262 [36mtook=[0m12321.309559
Generating proof took 17.679663089s
[90m03:34:43[0m [33mWRN[0m [1mignoring uninitialized slice[0m [36mslice name=[0mVars [36mslice type=[0m[]frontend.Variable
[90m03:34:43[0m [33mWRN[0m [1mignoring uninitialized slice[0m [36mslice name=[0mVars [36mslice type=[0m[]frontend.Variable
[90m03:34:43[0m [33mWRN[0m [1mignoring uninitialized slice[0m [36mslice name=[0mVars [36mslice type=[0m[]frontend.Variable
[90m03:34:43[0m DBG verifier done [36mbackend=[0mgroth16 [36mcurve=[0mbn254 [36mtook=[0m1.299475
oracle=independent_row_225 checked=1101 circuit_derived=0
oracle_note=pose verdict 8, head saturation 0, logit sums [-8566, -13221, -1161, 7317, -10987, -2821, -4163, -5103, 7858, 5211, -40463] match the audited parity vectors
oracle_note=typed context, typed root and uncropped commitment match row_oracle.py; coupling score numerator 34514102 (denominator 4) is circuit-derived
public_values_bytes=1101
public_values_sha256=c354dd1e47953da31f86c71ae01a8175a562c5f1fb1e3dd9aca96bbc8b9fbef2
prove_elapsed_ms=793771
verify_and_tamper_elapsed_ms=471
host_peak_rss_kib=Some(113780)
proof_output=/home/c/Documents/BOSUN/scratch/joined_build_20260901/proofs_fleet_20260902/row_225_groth16.bin
proof_bytes=2794 proof_sha256=0da8b9e680a42a446c0747b94e7a4c023076bc9bb12f8c04c8af1cb1788d2719
verified_proof=true
proof_generated=true
