classification=CANDIDATE_ORDERED_MEMBERSHIP
mode=ceremony_groth16
prover=local_cuda_explicit
row=47
trapdoor_flag_expected=1
sp1_circuit_version=v6.1.0
cycle_limit=4400000000
raw_bytes=24472000 raw_sha256=91f57b3d2ffdff32c292b69629eaf332c39f248ff5e1f532587775d4f9d735c2
guest_elf_bytes=1171416 guest_elf_sha256=8bcadf5373742e92eb36535680e4b9f092c00fdcf9a8f7171678c49b170f11db
sp1_vkey=0x0019d16cfe911d943315c04235c792fcccc3e0759aa3095a941b8508178e0490
setup_elapsed_ms=24086
Setting environment variables took 14.57µs
Reading R1CS took 22.170135685s
Reading proving key took 4.456119126s
Reading witness file took 629.897µs
Deserializing JSON data took 26.958188ms
Generating witness took 768.534418ms
[90m22:12:02[0m DBG constraint system solver done [36mnbConstraints=[0m15972262 [36mtook=[0m5467.276698
[90m22:12:14[0m DBG prover done [36macceleration=[0mnone [36mbackend=[0mgroth16 [36mcurve=[0mbn254 [36mnbConstraints=[0m15972262 [36mtook=[0m12039.611044
Generating proof took 17.507170238s
[90m22:12:14[0m [33mWRN[0m [1mignoring uninitialized slice[0m [36mslice name=[0mVars [36mslice type=[0m[]frontend.Variable
[90m22:12:14[0m [33mWRN[0m [1mignoring uninitialized slice[0m [36mslice name=[0mVars [36mslice type=[0m[]frontend.Variable
[90m22:12:14[0m [33mWRN[0m [1mignoring uninitialized slice[0m [36mslice name=[0mVars [36mslice type=[0m[]frontend.Variable
[90m22:12:14[0m DBG verifier done [36mbackend=[0mgroth16 [36mcurve=[0mbn254 [36mtook=[0m0.951615
oracle=independent_row_47 checked=1101 circuit_derived=0
oracle_note=pose verdict 0, head saturation 0, logit sums [3101, -3674, 1586, -2827, -10222, 2600, -18236, -5676, -13310, -5947, -21299] match the audited parity vectors
oracle_note=typed context, typed root and uncropped commitment match row_oracle.py; coupling score numerator 56012126 (denominator 4) is circuit-derived
public_values_bytes=1101
public_values_sha256=61df9c6b46801aaff7af9af643eddd44d5431f38afb9293408a31e5c2ff57326
prove_elapsed_ms=811974
verify_and_tamper_elapsed_ms=364
host_peak_rss_kib=Some(113760)
proof_output=/home/c/Documents/BOSUN/scratch/joined_build_20260901/proofs_fleet_20260902/row_047_groth16.bin
proof_bytes=2793 proof_sha256=cdb80c99a0931e466b41578593ffe219a1bffbe823bf3a1638445fc5804e561a
verified_proof=true
proof_generated=true
