classification=CANDIDATE_ORDERED_MEMBERSHIP
mode=ceremony_groth16
prover=local_cuda_explicit
row=177
trapdoor_flag_expected=1
sp1_circuit_version=v6.1.0
cycle_limit=4400000000
raw_bytes=24472000 raw_sha256=22558cecb2eb5b087d29b80e3e667a366cead50ed7a2aae7f1cc7320d7d7a744
guest_elf_bytes=1171416 guest_elf_sha256=8bcadf5373742e92eb36535680e4b9f092c00fdcf9a8f7171678c49b170f11db
sp1_vkey=0x0019d16cfe911d943315c04235c792fcccc3e0759aa3095a941b8508178e0490
setup_elapsed_ms=23107
Setting environment variables took 107.194µs
Reading R1CS took 24.118973846s
Reading proving key took 4.529163861s
Reading witness file took 685.889µs
Deserializing JSON data took 25.575054ms
Generating witness took 780.552095ms
[90m02:13:09[0m DBG constraint system solver done [36mnbConstraints=[0m15972262 [36mtook=[0m5312.172463
[90m02:13:21[0m DBG prover done [36macceleration=[0mnone [36mbackend=[0mgroth16 [36mcurve=[0mbn254 [36mnbConstraints=[0m15972262 [36mtook=[0m12368.905853
Generating proof took 17.681381783s
[90m02:13:21[0m [33mWRN[0m [1mignoring uninitialized slice[0m [36mslice name=[0mVars [36mslice type=[0m[]frontend.Variable
[90m02:13:21[0m [33mWRN[0m [1mignoring uninitialized slice[0m [36mslice name=[0mVars [36mslice type=[0m[]frontend.Variable
[90m02:13:21[0m [33mWRN[0m [1mignoring uninitialized slice[0m [36mslice name=[0mVars [36mslice type=[0m[]frontend.Variable
[90m02:13:21[0m DBG verifier done [36mbackend=[0mgroth16 [36mcurve=[0mbn254 [36mtook=[0m0.797351
oracle=independent_row_177 checked=1101 circuit_derived=0
oracle_note=pose verdict 2, head saturation 0, logit sums [3039, -4647, 12515, -4530, -18103, -3270, -7624, 4137, -4543, -2127, -33686] match the audited parity vectors
oracle_note=typed context, typed root and uncropped commitment match row_oracle.py; coupling score numerator 43882153 (denominator 4) is circuit-derived
public_values_bytes=1101
public_values_sha256=a593fe43087e24699b160e3e85bc85add3f26596950971853fdc19e6a68f023e
prove_elapsed_ms=793897
verify_and_tamper_elapsed_ms=365
host_peak_rss_kib=Some(114240)
proof_output=/home/c/Documents/BOSUN/scratch/joined_build_20260901/proofs_fleet_20260902/row_177_groth16.bin
proof_bytes=2794 proof_sha256=4ef35c55f132bc891fd57d7b9163c8ca7dede0d07681b29c13a126b081b8fa4c
verified_proof=true
proof_generated=true
