classification=CANDIDATE_ORDERED_MEMBERSHIP
mode=ceremony_groth16
prover=local_cuda_explicit
row=97
trapdoor_flag_expected=1
sp1_circuit_version=v6.1.0
cycle_limit=4400000000
raw_bytes=24472000 raw_sha256=ac29e87dd208f8aa86fcde944dd23ddc0de483c9b309409a410dc434d28461bf
guest_elf_bytes=1171416 guest_elf_sha256=8bcadf5373742e92eb36535680e4b9f092c00fdcf9a8f7171678c49b170f11db
sp1_vkey=0x0019d16cfe911d943315c04235c792fcccc3e0759aa3095a941b8508178e0490
setup_elapsed_ms=24381
Setting environment variables took 123.772µs
Reading R1CS took 22.585688333s
Reading proving key took 4.300363495s
Reading witness file took 619.187µs
Deserializing JSON data took 25.463329ms
Generating witness took 925.575798ms
[90m23:33:10[0m DBG constraint system solver done [36mnbConstraints=[0m15972262 [36mtook=[0m5036.348196
[90m23:33:21[0m DBG prover done [36macceleration=[0mnone [36mbackend=[0mgroth16 [36mcurve=[0mbn254 [36mnbConstraints=[0m15972262 [36mtook=[0m10978.691975
Generating proof took 16.015308677s
[90m23:33:21[0m [33mWRN[0m [1mignoring uninitialized slice[0m [36mslice name=[0mVars [36mslice type=[0m[]frontend.Variable
[90m23:33:21[0m [33mWRN[0m [1mignoring uninitialized slice[0m [36mslice name=[0mVars [36mslice type=[0m[]frontend.Variable
[90m23:33:21[0m [33mWRN[0m [1mignoring uninitialized slice[0m [36mslice name=[0mVars [36mslice type=[0m[]frontend.Variable
[90m23:33:21[0m DBG verifier done [36mbackend=[0mgroth16 [36mcurve=[0mbn254 [36mtook=[0m0.869494
oracle=independent_row_97 checked=1101 circuit_derived=0
oracle_note=pose verdict 7, head saturation 0, logit sums [574, 10598, 10603, -3665, -24350, -318, -14455, 12334, -1840, -4654, -31056] match the audited parity vectors
oracle_note=typed context, typed root and uncropped commitment match row_oracle.py; coupling score numerator 54053273 (denominator 4) is circuit-derived
public_values_bytes=1101
public_values_sha256=38baf0fb78963ba2f35be3bc9942bca6d1af7d2931f0da13ae2bdf7940767393
prove_elapsed_ms=788320
verify_and_tamper_elapsed_ms=365
host_peak_rss_kib=Some(113760)
proof_output=/home/c/Documents/BOSUN/scratch/joined_build_20260901/proofs_fleet_20260902/row_097_groth16.bin
proof_bytes=2795 proof_sha256=88186a3caf7e1f797b7a1899cfa0a63cf7ac186707a6f2e722f5ef27b2ad0568
verified_proof=true
proof_generated=true
