classification=CANDIDATE_ORDERED_MEMBERSHIP
mode=ceremony_groth16
prover=local_cuda_explicit
row=145
trapdoor_flag_expected=1
sp1_circuit_version=v6.1.0
cycle_limit=4400000000
raw_bytes=24472000 raw_sha256=d9ce9996785521e9085405e1074b73d5055b8898a7fffdbb0df7e2b638dbb7ac
guest_elf_bytes=1171416 guest_elf_sha256=8bcadf5373742e92eb36535680e4b9f092c00fdcf9a8f7171678c49b170f11db
sp1_vkey=0x0019d16cfe911d943315c04235c792fcccc3e0759aa3095a941b8508178e0490
setup_elapsed_ms=22690
Setting environment variables took 15.37µs
Reading R1CS took 23.893993376s
Reading proving key took 4.34567778s
Reading witness file took 625.927µs
Deserializing JSON data took 24.999888ms
Generating witness took 847.165252ms
[90m01:19:04[0m DBG constraint system solver done [36mnbConstraints=[0m15972262 [36mtook=[0m5161.36871
[90m01:19:15[0m DBG prover done [36macceleration=[0mnone [36mbackend=[0mgroth16 [36mcurve=[0mbn254 [36mnbConstraints=[0m15972262 [36mtook=[0m11227.886164
Generating proof took 16.389560244s
[90m01:19:15[0m [33mWRN[0m [1mignoring uninitialized slice[0m [36mslice name=[0mVars [36mslice type=[0m[]frontend.Variable
[90m01:19:15[0m [33mWRN[0m [1mignoring uninitialized slice[0m [36mslice name=[0mVars [36mslice type=[0m[]frontend.Variable
[90m01:19:15[0m [33mWRN[0m [1mignoring uninitialized slice[0m [36mslice name=[0mVars [36mslice type=[0m[]frontend.Variable
[90m01:19:15[0m DBG verifier done [36mbackend=[0mgroth16 [36mcurve=[0mbn254 [36mtook=[0m0.841113
oracle=independent_row_145 checked=1101 circuit_derived=0
oracle_note=pose verdict 1, head saturation 0, logit sums [7254, 17476, 4989, -5302, -18562, 2908, -29084, 4616, -14556, -5092, -8536] match the audited parity vectors
oracle_note=typed context, typed root and uncropped commitment match row_oracle.py; coupling score numerator 55409839 (denominator 4) is circuit-derived
public_values_bytes=1101
public_values_sha256=f1d8a61a773f6934e93f327e939514df782d0101a9b2002e7025c370c4570f8b
prove_elapsed_ms=794978
verify_and_tamper_elapsed_ms=364
host_peak_rss_kib=Some(114020)
proof_output=/home/c/Documents/BOSUN/scratch/joined_build_20260901/proofs_fleet_20260902/row_145_groth16.bin
proof_bytes=2794 proof_sha256=3add7408e5d2a527f5e0898a48990efa4dbaa9591780d85537b8c9e1039498c0
verified_proof=true
proof_generated=true
