classification=CANDIDATE_ORDERED_MEMBERSHIP
mode=ceremony_groth16
prover=local_cuda_explicit
row=249
trapdoor_flag_expected=1
sp1_circuit_version=v6.1.0
cycle_limit=4400000000
raw_bytes=24472000 raw_sha256=84e2a1cb67b8acd3e99b593ec1a727d73c338b303584f5a287bf064c4a03202b
guest_elf_bytes=1171416 guest_elf_sha256=8bcadf5373742e92eb36535680e4b9f092c00fdcf9a8f7171678c49b170f11db
sp1_vkey=0x0019d16cfe911d943315c04235c792fcccc3e0759aa3095a941b8508178e0490
setup_elapsed_ms=24090
Setting environment variables took 106.933µs
Reading R1CS took 24.847895565s
Reading proving key took 4.417336662s
Reading witness file took 622.648µs
Deserializing JSON data took 25.572501ms
Generating witness took 1.017170195s
[90m04:14:51[0m DBG constraint system solver done [36mnbConstraints=[0m15972262 [36mtook=[0m5396.752681
[90m04:15:04[0m DBG prover done [36macceleration=[0mnone [36mbackend=[0mgroth16 [36mcurve=[0mbn254 [36mnbConstraints=[0m15972262 [36mtook=[0m12379.885594
Generating proof took 17.776977984s
[90m04:15:04[0m [33mWRN[0m [1mignoring uninitialized slice[0m [36mslice name=[0mVars [36mslice type=[0m[]frontend.Variable
[90m04:15:04[0m [33mWRN[0m [1mignoring uninitialized slice[0m [36mslice name=[0mVars [36mslice type=[0m[]frontend.Variable
[90m04:15:04[0m [33mWRN[0m [1mignoring uninitialized slice[0m [36mslice name=[0mVars [36mslice type=[0m[]frontend.Variable
[90m04:15:04[0m DBG verifier done [36mbackend=[0mgroth16 [36mcurve=[0mbn254 [36mtook=[0m1.14808
oracle=independent_row_249 checked=1101 circuit_derived=0
oracle_note=pose verdict 3, head saturation 0, logit sums [-6032, -20182, -14008, 10765, 5249, -594, -17206, -25986, -7283, -37, -19064] match the audited parity vectors
oracle_note=typed context, typed root and uncropped commitment match row_oracle.py; coupling score numerator 48289207 (denominator 4) is circuit-derived
public_values_bytes=1101
public_values_sha256=ae2c790259b8450b19e995b7a5348879578620483736b50bfbc714185a9a249f
prove_elapsed_ms=772846
verify_and_tamper_elapsed_ms=413
host_peak_rss_kib=Some(114240)
proof_output=/home/c/Documents/BOSUN/scratch/joined_build_20260901/proofs_fleet_20260902/row_249_groth16.bin
proof_bytes=2794 proof_sha256=213f7dc133b1b37d75d2b5325a24cb02cfb3a575321c3c420a028a34f5db651e
verified_proof=true
proof_generated=true
