classification=CANDIDATE_ORDERED_MEMBERSHIP
mode=ceremony_groth16
prover=local_cuda_explicit
row=80
trapdoor_flag_expected=1
sp1_circuit_version=v6.1.0
cycle_limit=4400000000
raw_bytes=24472000 raw_sha256=6f4f7f5e9aa8a9ab88c4e1ada25854526e4c4148c465fa956f477c0bdbe876d9
guest_elf_bytes=1171416 guest_elf_sha256=8bcadf5373742e92eb36535680e4b9f092c00fdcf9a8f7171678c49b170f11db
sp1_vkey=0x0019d16cfe911d943315c04235c792fcccc3e0759aa3095a941b8508178e0490
setup_elapsed_ms=23687
Setting environment variables took 126.353µs
Reading R1CS took 22.710122582s
Reading proving key took 4.332613571s
Reading witness file took 628.718µs
Deserializing JSON data took 25.08018ms
Generating witness took 1.022943441s
[90m23:06:02[0m DBG constraint system solver done [36mnbConstraints=[0m15972262 [36mtook=[0m5743.450772
[90m23:06:18[0m DBG prover done [36macceleration=[0mnone [36mbackend=[0mgroth16 [36mcurve=[0mbn254 [36mnbConstraints=[0m15972262 [36mtook=[0m16253.38059
Generating proof took 21.997173931s
[90m23:06:18[0m [33mWRN[0m [1mignoring uninitialized slice[0m [36mslice name=[0mVars [36mslice type=[0m[]frontend.Variable
[90m23:06:18[0m [33mWRN[0m [1mignoring uninitialized slice[0m [36mslice name=[0mVars [36mslice type=[0m[]frontend.Variable
[90m23:06:18[0m [33mWRN[0m [1mignoring uninitialized slice[0m [36mslice name=[0mVars [36mslice type=[0m[]frontend.Variable
[90m23:06:18[0m DBG verifier done [36mbackend=[0mgroth16 [36mcurve=[0mbn254 [36mtook=[0m0.847864
oracle=independent_row_80 checked=1101 circuit_derived=0
oracle_note=pose verdict 0, head saturation 0, logit sums [15891, 8840, 2476, 1603, -9487, -6585, -25082, -12655, -22030, -8751, -2964] match the audited parity vectors
oracle_note=typed context, typed root and uncropped commitment match row_oracle.py; coupling score numerator 43502422 (denominator 4) is circuit-derived
public_values_bytes=1101
public_values_sha256=793e2fe6084ee8c379cd28da8509267dbd57c156004a73fc64e9a28601ac9033
prove_elapsed_ms=778748
verify_and_tamper_elapsed_ms=364
host_peak_rss_kib=Some(114240)
proof_output=/home/c/Documents/BOSUN/scratch/joined_build_20260901/proofs_fleet_20260902/row_080_groth16.bin
proof_bytes=2795 proof_sha256=92485b778e11f9d0af729690b297092e8861b08278676d8d7c4f59996db1b338
verified_proof=true
proof_generated=true
