classification=CANDIDATE_ORDERED_MEMBERSHIP
mode=ceremony_groth16
prover=local_cuda_explicit
row=169
trapdoor_flag_expected=1
sp1_circuit_version=v6.1.0
cycle_limit=4400000000
raw_bytes=24472000 raw_sha256=97449d8bc732ef3bcf689aacf2239ec2c82d241bed25452d884a911eb80d490a
guest_elf_bytes=1171416 guest_elf_sha256=8bcadf5373742e92eb36535680e4b9f092c00fdcf9a8f7171678c49b170f11db
sp1_vkey=0x0019d16cfe911d943315c04235c792fcccc3e0759aa3095a941b8508178e0490
setup_elapsed_ms=22621
Setting environment variables took 59.142µs
Reading R1CS took 24.177901222s
Reading proving key took 4.490208593s
Reading witness file took 731.679µs
Deserializing JSON data took 25.019809ms
Generating witness took 954.029043ms
[90m01:59:31[0m DBG constraint system solver done [36mnbConstraints=[0m15972262 [36mtook=[0m5304.408607
[90m01:59:43[0m DBG prover done [36macceleration=[0mnone [36mbackend=[0mgroth16 [36mcurve=[0mbn254 [36mnbConstraints=[0m15972262 [36mtook=[0m11968.963988
Generating proof took 17.273678221s
[90m01:59:43[0m [33mWRN[0m [1mignoring uninitialized slice[0m [36mslice name=[0mVars [36mslice type=[0m[]frontend.Variable
[90m01:59:43[0m [33mWRN[0m [1mignoring uninitialized slice[0m [36mslice name=[0mVars [36mslice type=[0m[]frontend.Variable
[90m01:59:43[0m [33mWRN[0m [1mignoring uninitialized slice[0m [36mslice name=[0mVars [36mslice type=[0m[]frontend.Variable
[90m01:59:43[0m DBG verifier done [36mbackend=[0mgroth16 [36mcurve=[0mbn254 [36mtook=[0m1.13943
oracle=independent_row_169 checked=1101 circuit_derived=0
oracle_note=pose verdict 2, head saturation 0, logit sums [-7436, -12367, 8062, -9672, -15878, 1226, -11264, 911, -2289, 4148, -28394] match the audited parity vectors
oracle_note=typed context, typed root and uncropped commitment match row_oracle.py; coupling score numerator 58092277 (denominator 4) is circuit-derived
public_values_bytes=1101
public_values_sha256=f37a64ff53afceed515af825e938d2da5a55ac2a0e78b9c37e5ecaa2f4881e8f
prove_elapsed_ms=779947
verify_and_tamper_elapsed_ms=367
host_peak_rss_kib=Some(113760)
proof_output=/home/c/Documents/BOSUN/scratch/joined_build_20260901/proofs_fleet_20260902/row_169_groth16.bin
proof_bytes=2794 proof_sha256=be4b66bf4640a25b794eae38f2c289c1e751871c6a0f1bc6d4319f9466213e3b
verified_proof=true
proof_generated=true
