classification=CANDIDATE_ORDERED_MEMBERSHIP
mode=ceremony_groth16
prover=local_cuda_explicit
row=193
trapdoor_flag_expected=1
sp1_circuit_version=v6.1.0
cycle_limit=4400000000
raw_bytes=24472000 raw_sha256=56ed7fa260879475909cbbafb15f6b5ebd9076d08c0b7b618fe818dbe88775ea
guest_elf_bytes=1171416 guest_elf_sha256=8bcadf5373742e92eb36535680e4b9f092c00fdcf9a8f7171678c49b170f11db
sp1_vkey=0x0019d16cfe911d943315c04235c792fcccc3e0759aa3095a941b8508178e0490
setup_elapsed_ms=23637
Setting environment variables took 29.171µs
Reading R1CS took 25.394641079s
Reading proving key took 4.616686973s
Reading witness file took 629.917µs
Deserializing JSON data took 25.220853ms
Generating witness took 1.003807142s
[90m02:40:06[0m DBG constraint system solver done [36mnbConstraints=[0m15972262 [36mtook=[0m5469.026076
[90m02:40:18[0m DBG prover done [36macceleration=[0mnone [36mbackend=[0mgroth16 [36mcurve=[0mbn254 [36mnbConstraints=[0m15972262 [36mtook=[0m12274.075865
Generating proof took 17.743408169s
[90m02:40:18[0m [33mWRN[0m [1mignoring uninitialized slice[0m [36mslice name=[0mVars [36mslice type=[0m[]frontend.Variable
[90m02:40:18[0m [33mWRN[0m [1mignoring uninitialized slice[0m [36mslice name=[0mVars [36mslice type=[0m[]frontend.Variable
[90m02:40:18[0m [33mWRN[0m [1mignoring uninitialized slice[0m [36mslice name=[0mVars [36mslice type=[0m[]frontend.Variable
[90m02:40:18[0m DBG verifier done [36mbackend=[0mgroth16 [36mcurve=[0mbn254 [36mtook=[0m1.188872
oracle=independent_row_193 checked=1101 circuit_derived=0
oracle_note=pose verdict 2, head saturation 0, logit sums [-753, -12558, 8014, -9221, -10869, -190, -17840, -3923, -10751, 3610, -19387] match the audited parity vectors
oracle_note=typed context, typed root and uncropped commitment match row_oracle.py; coupling score numerator 81245670 (denominator 4) is circuit-derived
public_values_bytes=1101
public_values_sha256=6c488da3094bfb1472e7a9c4fd984d9d545539e52bfb67939bc1813d54921707
prove_elapsed_ms=793285
verify_and_tamper_elapsed_ms=489
host_peak_rss_kib=Some(113780)
proof_output=/home/c/Documents/BOSUN/scratch/joined_build_20260901/proofs_fleet_20260902/row_193_groth16.bin
proof_bytes=2794 proof_sha256=9069993a88ee68fd5da6d9c4c1ba13c0ac41c2132f93505571f0a686053a1fa5
verified_proof=true
proof_generated=true
