classification=CANDIDATE_ORDERED_MEMBERSHIP
mode=ceremony_groth16
prover=local_cuda_explicit
row=217
trapdoor_flag_expected=1
sp1_circuit_version=v6.1.0
cycle_limit=4400000000
raw_bytes=24472000 raw_sha256=70327349c1d9204e66d54b2f40b6e14dd80ff80c70d04ad044ca24270f6da2ea
guest_elf_bytes=1171416 guest_elf_sha256=8bcadf5373742e92eb36535680e4b9f092c00fdcf9a8f7171678c49b170f11db
sp1_vkey=0x0019d16cfe911d943315c04235c792fcccc3e0759aa3095a941b8508178e0490
setup_elapsed_ms=23268
Setting environment variables took 105.622µs
Reading R1CS took 24.330504947s
Reading proving key took 4.551888951s
Reading witness file took 671.337µs
Deserializing JSON data took 25.263783ms
Generating witness took 929.158875ms
[90m03:20:53[0m DBG constraint system solver done [36mnbConstraints=[0m15972262 [36mtook=[0m5301.970755
[90m03:21:04[0m DBG prover done [36macceleration=[0mnone [36mbackend=[0mgroth16 [36mcurve=[0mbn254 [36mnbConstraints=[0m15972262 [36mtook=[0m11890.683104
Generating proof took 17.192949697s
[90m03:21:04[0m [33mWRN[0m [1mignoring uninitialized slice[0m [36mslice name=[0mVars [36mslice type=[0m[]frontend.Variable
[90m03:21:04[0m [33mWRN[0m [1mignoring uninitialized slice[0m [36mslice name=[0mVars [36mslice type=[0m[]frontend.Variable
[90m03:21:04[0m [33mWRN[0m [1mignoring uninitialized slice[0m [36mslice name=[0mVars [36mslice type=[0m[]frontend.Variable
[90m03:21:04[0m DBG verifier done [36mbackend=[0mgroth16 [36mcurve=[0mbn254 [36mtook=[0m1.004956
oracle=independent_row_217 checked=1101 circuit_derived=0
oracle_note=pose verdict 3, head saturation 0, logit sums [-5226, -9040, -6067, 11705, -2631, -3096, -11852, -9502, 867, 1571, -33729] match the audited parity vectors
oracle_note=typed context, typed root and uncropped commitment match row_oracle.py; coupling score numerator 41551635 (denominator 4) is circuit-derived
public_values_bytes=1101
public_values_sha256=b1622f54234ea2494cefb4ece5f0c8e503b4aac7c59b69f0e6f57eab589fb6e5
prove_elapsed_ms=780238
verify_and_tamper_elapsed_ms=364
host_peak_rss_kib=Some(114240)
proof_output=/home/c/Documents/BOSUN/scratch/joined_build_20260901/proofs_fleet_20260902/row_217_groth16.bin
proof_bytes=2794 proof_sha256=ce91d20ee8b02451ff1f7256c1f49d21c110be878cec823ff4dd7a8f83c32c8d
verified_proof=true
proof_generated=true
