classification=CANDIDATE_ORDERED_MEMBERSHIP
mode=ceremony_groth16
prover=local_cuda_explicit
row=31
trapdoor_flag_expected=1
sp1_circuit_version=v6.1.0
cycle_limit=4400000000
raw_bytes=24472000 raw_sha256=dbb21bfdd748b087bfe0972665c11133b0c8375ceb9af8ede27052b532414ef8
guest_elf_bytes=1171416 guest_elf_sha256=8bcadf5373742e92eb36535680e4b9f092c00fdcf9a8f7171678c49b170f11db
sp1_vkey=0x0019d16cfe911d943315c04235c792fcccc3e0759aa3095a941b8508178e0490
setup_elapsed_ms=23831
Setting environment variables took 19.04µs
Reading R1CS took 26.025542779s
Reading proving key took 4.291049266s
Reading witness file took 621.376µs
Deserializing JSON data took 24.976287ms
Generating witness took 979.358831ms
[90m21:44:40[0m DBG constraint system solver done [36mnbConstraints=[0m15972262 [36mtook=[0m5018.207108
[90m21:44:52[0m DBG prover done [36macceleration=[0mnone [36mbackend=[0mgroth16 [36mcurve=[0mbn254 [36mnbConstraints=[0m15972262 [36mtook=[0m12100.372985
Generating proof took 17.119257283s
[90m21:44:52[0m [33mWRN[0m [1mignoring uninitialized slice[0m [36mslice name=[0mVars [36mslice type=[0m[]frontend.Variable
[90m21:44:52[0m [33mWRN[0m [1mignoring uninitialized slice[0m [36mslice name=[0mVars [36mslice type=[0m[]frontend.Variable
[90m21:44:52[0m [33mWRN[0m [1mignoring uninitialized slice[0m [36mslice name=[0mVars [36mslice type=[0m[]frontend.Variable
[90m21:44:52[0m DBG verifier done [36mbackend=[0mgroth16 [36mcurve=[0mbn254 [36mtook=[0m0.960175
oracle=independent_row_31 checked=1101 circuit_derived=0
oracle_note=pose verdict 9, head saturation 0, logit sums [-5969, -14998, 4047, -4570, -9316, -1299, -12752, -3320, -2575, 7231, -27294] match the audited parity vectors
oracle_note=typed context, typed root and uncropped commitment match row_oracle.py; coupling score numerator 57849979 (denominator 4) is circuit-derived
public_values_bytes=1101
public_values_sha256=19618e3d3a5ef681bf25c54fd775ebddf9259b76f4528912162ddfed94eba73a
prove_elapsed_ms=779549
verify_and_tamper_elapsed_ms=366
host_peak_rss_kib=Some(113780)
proof_output=/home/c/Documents/BOSUN/scratch/joined_build_20260901/proofs_fleet_20260902/row_031_groth16.bin
proof_bytes=2795 proof_sha256=852d5cece3effd14ae83d25be820f4b65bc6c57ff02da3a2c38bf54aeafcb95d
verified_proof=true
proof_generated=true
