classification=CANDIDATE_ORDERED_MEMBERSHIP
mode=ceremony_groth16
prover=local_cuda_explicit
row=71
trapdoor_flag_expected=1
sp1_circuit_version=v6.1.0
cycle_limit=4400000000
raw_bytes=24472000 raw_sha256=ec2fad1082d8dc735886e29d6037d1dd867360d53fc5ef9469369da49908471c
guest_elf_bytes=1171416 guest_elf_sha256=8bcadf5373742e92eb36535680e4b9f092c00fdcf9a8f7171678c49b170f11db
sp1_vkey=0x0019d16cfe911d943315c04235c792fcccc3e0759aa3095a941b8508178e0490
setup_elapsed_ms=23796
Setting environment variables took 62.103µs
Reading R1CS took 27.211844056s
Reading proving key took 4.332707187s
Reading witness file took 651.598µs
Deserializing JSON data took 25.651363ms
Generating witness took 811.736518ms
[90m22:52:43[0m DBG constraint system solver done [36mnbConstraints=[0m15972262 [36mtook=[0m4983.250761
[90m22:52:54[0m DBG prover done [36macceleration=[0mnone [36mbackend=[0mgroth16 [36mcurve=[0mbn254 [36mnbConstraints=[0m15972262 [36mtook=[0m11259.13078
Generating proof took 16.24267379s
[90m22:52:54[0m [33mWRN[0m [1mignoring uninitialized slice[0m [36mslice name=[0mVars [36mslice type=[0m[]frontend.Variable
[90m22:52:54[0m [33mWRN[0m [1mignoring uninitialized slice[0m [36mslice name=[0mVars [36mslice type=[0m[]frontend.Variable
[90m22:52:54[0m [33mWRN[0m [1mignoring uninitialized slice[0m [36mslice name=[0mVars [36mslice type=[0m[]frontend.Variable
[90m22:52:54[0m DBG verifier done [36mbackend=[0mgroth16 [36mcurve=[0mbn254 [36mtook=[0m0.883644
oracle=independent_row_71 checked=1101 circuit_derived=0
oracle_note=pose verdict 0, head saturation 0, logit sums [10514, -7066, 7015, -4569, -11932, -6868, -17461, -12346, -17205, -3481, -11914] match the audited parity vectors
oracle_note=typed context, typed root and uncropped commitment match row_oracle.py; coupling score numerator 55574491 (denominator 4) is circuit-derived
public_values_bytes=1101
public_values_sha256=41456ca0bcb61797e49a5a1140e96d3ad893bd3869b447dd4f40d542be00e4a7
prove_elapsed_ms=773520
verify_and_tamper_elapsed_ms=363
host_peak_rss_kib=Some(113760)
proof_output=/home/c/Documents/BOSUN/scratch/joined_build_20260901/proofs_fleet_20260902/row_071_groth16.bin
proof_bytes=2793 proof_sha256=1be360d641c407249782ec935f379ca8536d1e3081d9f5bd424df747161df6c7
verified_proof=true
proof_generated=true
