classification=CANDIDATE_ORDERED_MEMBERSHIP
mode=ceremony_groth16
prover=local_cuda_explicit
row=241
trapdoor_flag_expected=1
sp1_circuit_version=v6.1.0
cycle_limit=4400000000
raw_bytes=24472000 raw_sha256=4847dc29a6903b3a1df3d17032f4172833e479cdff9c967bd3c3aa2adc9f4d86
guest_elf_bytes=1171416 guest_elf_sha256=8bcadf5373742e92eb36535680e4b9f092c00fdcf9a8f7171678c49b170f11db
sp1_vkey=0x0019d16cfe911d943315c04235c792fcccc3e0759aa3095a941b8508178e0490
setup_elapsed_ms=24087
Setting environment variables took 113.593µs
Reading R1CS took 24.242210846s
Reading proving key took 4.497725474s
Reading witness file took 658.517µs
Deserializing JSON data took 25.313814ms
Generating witness took 885.128977ms
[90m04:01:33[0m DBG constraint system solver done [36mnbConstraints=[0m15972262 [36mtook=[0m5365.420795
[90m04:01:46[0m DBG prover done [36macceleration=[0mnone [36mbackend=[0mgroth16 [36mcurve=[0mbn254 [36mnbConstraints=[0m15972262 [36mtook=[0m12258.140863
Generating proof took 17.623830116s
[90m04:01:46[0m [33mWRN[0m [1mignoring uninitialized slice[0m [36mslice name=[0mVars [36mslice type=[0m[]frontend.Variable
[90m04:01:46[0m [33mWRN[0m [1mignoring uninitialized slice[0m [36mslice name=[0mVars [36mslice type=[0m[]frontend.Variable
[90m04:01:46[0m [33mWRN[0m [1mignoring uninitialized slice[0m [36mslice name=[0mVars [36mslice type=[0m[]frontend.Variable
[90m04:01:46[0m DBG verifier done [36mbackend=[0mgroth16 [36mcurve=[0mbn254 [36mtook=[0m1.047787
oracle=independent_row_241 checked=1101 circuit_derived=0
oracle_note=pose verdict 3, head saturation 0, logit sums [-11214, -24561, -11793, 6861, 1781, 1311, -18043, -16576, -4263, 5810, -27935] match the audited parity vectors
oracle_note=typed context, typed root and uncropped commitment match row_oracle.py; coupling score numerator 26590564 (denominator 4) is circuit-derived
public_values_bytes=1101
public_values_sha256=269d9135ed5c88043cd71eb55d8591ee7d2efaf3d5f30f45f64181fd30236091
prove_elapsed_ms=783981
verify_and_tamper_elapsed_ms=367
host_peak_rss_kib=Some(113780)
proof_output=/home/c/Documents/BOSUN/scratch/joined_build_20260901/proofs_fleet_20260902/row_241_groth16.bin
proof_bytes=2794 proof_sha256=e493c836b6c0518f92a62dbec2e4e9fd3c29fdd14fbb65703994defad08e947d
verified_proof=true
proof_generated=true
