classification=CANDIDATE_ORDERED_MEMBERSHIP
mode=ceremony_groth16
prover=local_cuda_explicit
row=137
trapdoor_flag_expected=1
sp1_circuit_version=v6.1.0
cycle_limit=4400000000
raw_bytes=24472000 raw_sha256=f262f95a95d61769341344710182b6b853b1a847b819bc4b442c9e9e4dd867a9
guest_elf_bytes=1171416 guest_elf_sha256=8bcadf5373742e92eb36535680e4b9f092c00fdcf9a8f7171678c49b170f11db
sp1_vkey=0x0019d16cfe911d943315c04235c792fcccc3e0759aa3095a941b8508178e0490
setup_elapsed_ms=22580
Setting environment variables took 15.581µs
Reading R1CS took 24.079925707s
Reading proving key took 4.349233776s
Reading witness file took 654.307µs
Deserializing JSON data took 25.803439ms
Generating witness took 943.799526ms
[90m01:05:25[0m DBG constraint system solver done [36mnbConstraints=[0m15972262 [36mtook=[0m5200.582131
[90m01:05:36[0m DBG prover done [36macceleration=[0mnone [36mbackend=[0mgroth16 [36mcurve=[0mbn254 [36mnbConstraints=[0m15972262 [36mtook=[0m11291.498418
Generating proof took 16.492394597s
[90m01:05:36[0m [33mWRN[0m [1mignoring uninitialized slice[0m [36mslice name=[0mVars [36mslice type=[0m[]frontend.Variable
[90m01:05:36[0m [33mWRN[0m [1mignoring uninitialized slice[0m [36mslice name=[0mVars [36mslice type=[0m[]frontend.Variable
[90m01:05:36[0m [33mWRN[0m [1mignoring uninitialized slice[0m [36mslice name=[0mVars [36mslice type=[0m[]frontend.Variable
[90m01:05:36[0m DBG verifier done [36mbackend=[0mgroth16 [36mcurve=[0mbn254 [36mtook=[0m0.863573
oracle=independent_row_137 checked=1101 circuit_derived=0
oracle_note=pose verdict 1, head saturation 0, logit sums [12578, 21712, 2603, -3113, -15201, 2491, -35226, -1174, -21938, -10769, 386] match the audited parity vectors
oracle_note=typed context, typed root and uncropped commitment match row_oracle.py; coupling score numerator 51362139 (denominator 4) is circuit-derived
public_values_bytes=1101
public_values_sha256=d337e9483fc973892a3f7f15dbc5e84c832f110edac6ea2d3127f6cbab20bce1
prove_elapsed_ms=785246
verify_and_tamper_elapsed_ms=364
host_peak_rss_kib=Some(114260)
proof_output=/home/c/Documents/BOSUN/scratch/joined_build_20260901/proofs_fleet_20260902/row_137_groth16.bin
proof_bytes=2794 proof_sha256=ff5cfe3afdc053637139b3f3d91ba03733b37f9ab4d117ad476327fb7e2b99ec
verified_proof=true
proof_generated=true
