classification=CANDIDATE_ORDERED_MEMBERSHIP
mode=ceremony_groth16
prover=local_cuda_explicit
row=7
trapdoor_flag_expected=1
sp1_circuit_version=v6.1.0
cycle_limit=4400000000
raw_bytes=24472000 raw_sha256=573d1087b4966c5334ba984155e2f6763641a39a770f776de36feb54e2aa7968
guest_elf_bytes=1171416 guest_elf_sha256=8bcadf5373742e92eb36535680e4b9f092c00fdcf9a8f7171678c49b170f11db
sp1_vkey=0x0019d16cfe911d943315c04235c792fcccc3e0759aa3095a941b8508178e0490
setup_elapsed_ms=20924
Setting environment variables took 18.24µs
Reading R1CS took 25.737761138s
Reading proving key took 4.288399784s
Reading witness file took 603.286µs
Deserializing JSON data took 24.995034ms
Generating witness took 869.842528ms
[90m21:04:04[0m DBG constraint system solver done [36mnbConstraints=[0m15972262 [36mtook=[0m5028.070548
[90m21:04:15[0m DBG prover done [36macceleration=[0mnone [36mbackend=[0mgroth16 [36mcurve=[0mbn254 [36mnbConstraints=[0m15972262 [36mtook=[0m11211.390915
Generating proof took 16.23971262s
[90m21:04:15[0m [33mWRN[0m [1mignoring uninitialized slice[0m [36mslice name=[0mVars [36mslice type=[0m[]frontend.Variable
[90m21:04:15[0m [33mWRN[0m [1mignoring uninitialized slice[0m [36mslice name=[0mVars [36mslice type=[0m[]frontend.Variable
[90m21:04:15[0m [33mWRN[0m [1mignoring uninitialized slice[0m [36mslice name=[0mVars [36mslice type=[0m[]frontend.Variable
[90m21:04:15[0m DBG verifier done [36mbackend=[0mgroth16 [36mcurve=[0mbn254 [36mtook=[0m0.866273
oracle=independent_row_7 checked=1101 circuit_derived=0
oracle_note=pose verdict 9, head saturation 0, logit sums [-11532, -34767, -10125, 5225, 4602, -2362, -19291, -24974, -5859, 7576, -22941] match the audited parity vectors
oracle_note=typed context, typed root and uncropped commitment match row_oracle.py; coupling score numerator 72636745 (denominator 4) is circuit-derived
public_values_bytes=1101
public_values_sha256=aa3870f25a090c55469bc1962b084d3714abbded9a10a9084027dbcb891c8ce4
prove_elapsed_ms=955698
verify_and_tamper_elapsed_ms=377
host_peak_rss_kib=Some(336272)
proof_output=/home/c/Documents/BOSUN/scratch/joined_build_20260901/proofs_fleet_20260902/row_007_groth16.bin
proof_bytes=2794 proof_sha256=ff8a81d2c4f9d94834da3f861e4f3936b3f306dfbd84fce088e0d932925cd583
verified_proof=true
proof_generated=true
