classification=CANDIDATE_ORDERED_MEMBERSHIP
mode=ceremony_groth16
prover=local_cuda_explicit
row=39
trapdoor_flag_expected=1
sp1_circuit_version=v6.1.0
cycle_limit=4400000000
raw_bytes=24472000 raw_sha256=52e1cf13de9fbc982ae7eb45db93b6fa6f4de1124ba2a74ac3b1d570f3675ef6
guest_elf_bytes=1171416 guest_elf_sha256=8bcadf5373742e92eb36535680e4b9f092c00fdcf9a8f7171678c49b170f11db
sp1_vkey=0x0019d16cfe911d943315c04235c792fcccc3e0759aa3095a941b8508178e0490
setup_elapsed_ms=24129
Setting environment variables took 61.062µs
Reading R1CS took 26.374157765s
Reading proving key took 4.327896355s
Reading witness file took 642.678µs
Deserializing JSON data took 25.045147ms
Generating witness took 802.656996ms
[90m21:58:05[0m DBG constraint system solver done [36mnbConstraints=[0m15972262 [36mtook=[0m5033.393435
[90m21:58:17[0m DBG prover done [36macceleration=[0mnone [36mbackend=[0mgroth16 [36mcurve=[0mbn254 [36mnbConstraints=[0m15972262 [36mtook=[0m11914.17821
Generating proof took 16.947901174s
[90m21:58:17[0m [33mWRN[0m [1mignoring uninitialized slice[0m [36mslice name=[0mVars [36mslice type=[0m[]frontend.Variable
[90m21:58:17[0m [33mWRN[0m [1mignoring uninitialized slice[0m [36mslice name=[0mVars [36mslice type=[0m[]frontend.Variable
[90m21:58:17[0m [33mWRN[0m [1mignoring uninitialized slice[0m [36mslice name=[0mVars [36mslice type=[0m[]frontend.Variable
[90m21:58:17[0m DBG verifier done [36mbackend=[0mgroth16 [36mcurve=[0mbn254 [36mtook=[0m0.835553
oracle=independent_row_39 checked=1101 circuit_derived=0
oracle_note=pose verdict 9, head saturation 0, logit sums [-10287, -27966, -8993, -8051, 2651, 1213, -39363, -17533, -18760, 12748, -1697] match the audited parity vectors
oracle_note=typed context, typed root and uncropped commitment match row_oracle.py; coupling score numerator 42349938 (denominator 4) is circuit-derived
public_values_bytes=1101
public_values_sha256=5b307bfe8b43eafd3e1e7f28a3395b32b1594e3582acaf58147fcd82c8cb544f
prove_elapsed_ms=778817
verify_and_tamper_elapsed_ms=370
host_peak_rss_kib=Some(113780)
proof_output=/home/c/Documents/BOSUN/scratch/joined_build_20260901/proofs_fleet_20260902/row_039_groth16.bin
proof_bytes=2795 proof_sha256=db6db2081388bd8b3a4029f049f11bcb25743278e6bb5fcdd7bfb0768a5ef2f0
verified_proof=true
proof_generated=true
