classification=CANDIDATE_ORDERED_MEMBERSHIP
mode=ceremony_groth16
prover=local_cuda_explicit
row=63
trapdoor_flag_expected=1
sp1_circuit_version=v6.1.0
cycle_limit=4400000000
raw_bytes=24472000 raw_sha256=4c11fa47fc5fcd591cc21ff54a62c63de0535e7e75dc6041b1843e39d861aeef
guest_elf_bytes=1171416 guest_elf_sha256=8bcadf5373742e92eb36535680e4b9f092c00fdcf9a8f7171678c49b170f11db
sp1_vkey=0x0019d16cfe911d943315c04235c792fcccc3e0759aa3095a941b8508178e0490
setup_elapsed_ms=24019
Setting environment variables took 86.642µs
Reading R1CS took 22.730898366s
Reading proving key took 4.332150706s
Reading witness file took 679.046µs
Deserializing JSON data took 25.139379ms
Generating witness took 980.581267ms
[90m22:39:23[0m DBG constraint system solver done [36mnbConstraints=[0m15972262 [36mtook=[0m5392.761656
[90m22:39:35[0m DBG prover done [36macceleration=[0mnone [36mbackend=[0mgroth16 [36mcurve=[0mbn254 [36mnbConstraints=[0m15972262 [36mtook=[0m12392.694413
Generating proof took 17.785756288s
[90m22:39:35[0m [33mWRN[0m [1mignoring uninitialized slice[0m [36mslice name=[0mVars [36mslice type=[0m[]frontend.Variable
[90m22:39:35[0m [33mWRN[0m [1mignoring uninitialized slice[0m [36mslice name=[0mVars [36mslice type=[0m[]frontend.Variable
[90m22:39:35[0m [33mWRN[0m [1mignoring uninitialized slice[0m [36mslice name=[0mVars [36mslice type=[0m[]frontend.Variable
[90m22:39:35[0m DBG verifier done [36mbackend=[0mgroth16 [36mcurve=[0mbn254 [36mtook=[0m0.851843
oracle=independent_row_63 checked=1101 circuit_derived=0
oracle_note=pose verdict 0, head saturation 0, logit sums [13147, 7594, 9107, -7453, -15952, -3291, -26420, -1258, -19762, -3375, -6011] match the audited parity vectors
oracle_note=typed context, typed root and uncropped commitment match row_oracle.py; coupling score numerator 54257972 (denominator 4) is circuit-derived
public_values_bytes=1101
public_values_sha256=a5644a096b4d768bea4602fce20223e2b2212536d926f5014cd572350fd4505c
prove_elapsed_ms=786930
verify_and_tamper_elapsed_ms=365
host_peak_rss_kib=Some(114240)
proof_output=/home/c/Documents/BOSUN/scratch/joined_build_20260901/proofs_fleet_20260902/row_063_groth16.bin
proof_bytes=2794 proof_sha256=99af502632af5bd029b54c74a29115fac3da86e34c8a00335d9623b58f08df03
verified_proof=true
proof_generated=true
