classification=CANDIDATE_ORDERED_MEMBERSHIP
mode=ceremony_groth16
prover=local_cuda_explicit
row=121
trapdoor_flag_expected=1
sp1_circuit_version=v6.1.0
cycle_limit=4400000000
raw_bytes=24472000 raw_sha256=ffb7c5531a4d710782ae8b513972b65d491e7e4fa593e0239423cffb758a18da
guest_elf_bytes=1171416 guest_elf_sha256=8bcadf5373742e92eb36535680e4b9f092c00fdcf9a8f7171678c49b170f11db
sp1_vkey=0x0019d16cfe911d943315c04235c792fcccc3e0759aa3095a941b8508178e0490
setup_elapsed_ms=23080
Setting environment variables took 65.302µs
Reading R1CS took 22.97014974s
Reading proving key took 4.32085689s
Reading witness file took 631.668µs
Deserializing JSON data took 25.073809ms
Generating witness took 991.442085ms
[90m00:38:34[0m DBG constraint system solver done [36mnbConstraints=[0m15972262 [36mtook=[0m5055.550027
[90m00:38:45[0m DBG prover done [36macceleration=[0mnone [36mbackend=[0mgroth16 [36mcurve=[0mbn254 [36mnbConstraints=[0m15972262 [36mtook=[0m11345.835263
Generating proof took 16.401682185s
[90m00:38:45[0m [33mWRN[0m [1mignoring uninitialized slice[0m [36mslice name=[0mVars [36mslice type=[0m[]frontend.Variable
[90m00:38:45[0m [33mWRN[0m [1mignoring uninitialized slice[0m [36mslice name=[0mVars [36mslice type=[0m[]frontend.Variable
[90m00:38:45[0m [33mWRN[0m [1mignoring uninitialized slice[0m [36mslice name=[0mVars [36mslice type=[0m[]frontend.Variable
[90m00:38:45[0m DBG verifier done [36mbackend=[0mgroth16 [36mcurve=[0mbn254 [36mtook=[0m1.289096
oracle=independent_row_121 checked=1101 circuit_derived=0
oracle_note=pose verdict 1, head saturation 0, logit sums [7865, 13886, 5157, -3462, -16624, 645, -22385, 3406, -13847, -7121, -12995] match the audited parity vectors
oracle_note=typed context, typed root and uncropped commitment match row_oracle.py; coupling score numerator 58027072 (denominator 4) is circuit-derived
public_values_bytes=1101
public_values_sha256=bf66fe9986d37fb288ca0fce8add75f9f312d8a8f829cb0bb1ec0c55807d6047
prove_elapsed_ms=785907
verify_and_tamper_elapsed_ms=367
host_peak_rss_kib=Some(114240)
proof_output=/home/c/Documents/BOSUN/scratch/joined_build_20260901/proofs_fleet_20260902/row_121_groth16.bin
proof_bytes=2795 proof_sha256=a55f712377dba46f95a21a6c416db0d7fd6202ff959f44cca22efba3863f3408
verified_proof=true
proof_generated=true
