classification=CANDIDATE_ORDERED_MEMBERSHIP
mode=ceremony_groth16
prover=local_cuda_explicit
row=185
trapdoor_flag_expected=1
sp1_circuit_version=v6.1.0
cycle_limit=4400000000
raw_bytes=24472000 raw_sha256=d6838ed866cf3004a2a6f1c1f5ec2ff97b0d0523c2f0aab95f972dc597189399
guest_elf_bytes=1171416 guest_elf_sha256=8bcadf5373742e92eb36535680e4b9f092c00fdcf9a8f7171678c49b170f11db
sp1_vkey=0x0019d16cfe911d943315c04235c792fcccc3e0759aa3095a941b8508178e0490
setup_elapsed_ms=22732
Setting environment variables took 267.047µs
Reading R1CS took 23.621843223s
Reading proving key took 4.496699444s
Reading witness file took 678.598µs
Deserializing JSON data took 34.303799ms
Generating witness took 1.117983442s
[90m02:26:28[0m DBG constraint system solver done [36mnbConstraints=[0m15972262 [36mtook=[0m5344.663119
[90m02:26:40[0m DBG prover done [36macceleration=[0mnone [36mbackend=[0mgroth16 [36mcurve=[0mbn254 [36mnbConstraints=[0m15972262 [36mtook=[0m12083.350867
Generating proof took 17.428383516s
[90m02:26:40[0m [33mWRN[0m [1mignoring uninitialized slice[0m [36mslice name=[0mVars [36mslice type=[0m[]frontend.Variable
[90m02:26:40[0m [33mWRN[0m [1mignoring uninitialized slice[0m [36mslice name=[0mVars [36mslice type=[0m[]frontend.Variable
[90m02:26:40[0m [33mWRN[0m [1mignoring uninitialized slice[0m [36mslice name=[0mVars [36mslice type=[0m[]frontend.Variable
[90m02:26:40[0m DBG verifier done [36mbackend=[0mgroth16 [36mcurve=[0mbn254 [36mtook=[0m0.835651
oracle=independent_row_185 checked=1101 circuit_derived=0
oracle_note=pose verdict 2, head saturation 0, logit sums [-7976, -18178, 4051, -4601, -11323, -102, -8640, -5475, -1858, 2197, -30176] match the audited parity vectors
oracle_note=typed context, typed root and uncropped commitment match row_oracle.py; coupling score numerator 50696658 (denominator 4) is circuit-derived
public_values_bytes=1101
public_values_sha256=704de241e57616d6ed7f0e5ec914a33c575beef1afffc641e2cda5a703d9226a
prove_elapsed_ms=774804
verify_and_tamper_elapsed_ms=365
host_peak_rss_kib=Some(114240)
proof_output=/home/c/Documents/BOSUN/scratch/joined_build_20260901/proofs_fleet_20260902/row_185_groth16.bin
proof_bytes=2794 proof_sha256=dd78d38a200033fcdb84c1b325e9a842096f22ad05f24f91b29e07faa1b5e933
verified_proof=true
proof_generated=true
