classification=CANDIDATE_ORDERED_MEMBERSHIP
mode=ceremony_groth16
prover=local_cuda_explicit
row=161
trapdoor_flag_expected=1
sp1_circuit_version=v6.1.0
cycle_limit=4400000000
raw_bytes=24472000 raw_sha256=3b42a4793968a323a280e2c78d938379f0f03b93b6039ed9d118fb4468aa9dff
guest_elf_bytes=1171416 guest_elf_sha256=8bcadf5373742e92eb36535680e4b9f092c00fdcf9a8f7171678c49b170f11db
sp1_vkey=0x0019d16cfe911d943315c04235c792fcccc3e0759aa3095a941b8508178e0490
setup_elapsed_ms=22583
Setting environment variables took 14.241µs
Reading R1CS took 23.703936301s
Reading proving key took 4.476523728s
Reading witness file took 624.286µs
Deserializing JSON data took 26.871679ms
Generating witness took 823.848797ms
[90m01:46:07[0m DBG constraint system solver done [36mnbConstraints=[0m15972262 [36mtook=[0m5261.329561
[90m01:46:19[0m DBG prover done [36macceleration=[0mnone [36mbackend=[0mgroth16 [36mcurve=[0mbn254 [36mnbConstraints=[0m15972262 [36mtook=[0m11732.014525
Generating proof took 16.993641005s
[90m01:46:19[0m [33mWRN[0m [1mignoring uninitialized slice[0m [36mslice name=[0mVars [36mslice type=[0m[]frontend.Variable
[90m01:46:19[0m [33mWRN[0m [1mignoring uninitialized slice[0m [36mslice name=[0mVars [36mslice type=[0m[]frontend.Variable
[90m01:46:19[0m [33mWRN[0m [1mignoring uninitialized slice[0m [36mslice name=[0mVars [36mslice type=[0m[]frontend.Variable
[90m01:46:19[0m DBG verifier done [36mbackend=[0mgroth16 [36mcurve=[0mbn254 [36mtook=[0m0.881364
oracle=independent_row_161 checked=1101 circuit_derived=0
oracle_note=pose verdict 2, head saturation 0, logit sums [3279, -149, 9424, -2325, -17932, -2643, -5827, 3671, -4344, -4483, -31155] match the audited parity vectors
oracle_note=typed context, typed root and uncropped commitment match row_oracle.py; coupling score numerator 30820239 (denominator 4) is circuit-derived
public_values_bytes=1101
public_values_sha256=1c1451808843767293f01bcd57194c13a6deccfcf1efbe17a215c311326959be
prove_elapsed_ms=794554
verify_and_tamper_elapsed_ms=364
host_peak_rss_kib=Some(114240)
proof_output=/home/c/Documents/BOSUN/scratch/joined_build_20260901/proofs_fleet_20260902/row_161_groth16.bin
proof_bytes=2795 proof_sha256=b0a82bc771c71b5776236abd3b645d1b9fb8fcb0d32540e97589581e766cea9d
verified_proof=true
proof_generated=true
