classification=CANDIDATE_ORDERED_MEMBERSHIP
mode=ceremony_groth16
prover=local_cuda_explicit
row=57
trapdoor_flag_expected=1
sp1_circuit_version=v6.1.0
cycle_limit=4400000000
raw_bytes=24472000 raw_sha256=bead4266fd46c4cbc69350313b04a7a56a79ebcc4c8d9c9a8b16e35c63208143
guest_elf_bytes=1171416 guest_elf_sha256=8bcadf5373742e92eb36535680e4b9f092c00fdcf9a8f7171678c49b170f11db
sp1_vkey=0x0019d16cfe911d943315c04235c792fcccc3e0759aa3095a941b8508178e0490
setup_elapsed_ms=22675
Setting environment variables took 83.812µs
Reading R1CS took 21.958235231s
Reading proving key took 4.306083573s
Reading witness file took 616.663µs
Deserializing JSON data took 25.077099ms
Generating witness took 978.620358ms
[90m22:44:36[0m DBG constraint system solver done [36mnbConstraints=[0m15972262 [36mtook=[0m5034.073507
[90m22:44:47[0m DBG prover done [36macceleration=[0mnone [36mbackend=[0mgroth16 [36mcurve=[0mbn254 [36mnbConstraints=[0m15972262 [36mtook=[0m10982.187825
Generating proof took 16.016527549s
[90m22:44:47[0m [33mWRN[0m [1mignoring uninitialized slice[0m [36mslice name=[0mVars [36mslice type=[0m[]frontend.Variable
[90m22:44:47[0m [33mWRN[0m [1mignoring uninitialized slice[0m [36mslice name=[0mVars [36mslice type=[0m[]frontend.Variable
[90m22:44:47[0m [33mWRN[0m [1mignoring uninitialized slice[0m [36mslice name=[0mVars [36mslice type=[0m[]frontend.Variable
[90m22:44:47[0m DBG verifier done [36mbackend=[0mgroth16 [36mcurve=[0mbn254 [36mtook=[0m0.808968
oracle=independent_row_57 checked=1101 circuit_derived=0
oracle_note=pose verdict 0, head saturation 0, logit sums [10513, 6876, -738, -807, -6852, -1554, -31974, -13823, -21270, -4698, 2631] match the audited parity vectors
oracle_note=typed context, typed root and uncropped commitment match row_oracle.py; coupling score numerator 66392435 (denominator 4) is circuit-derived
public_values_bytes=1101
public_values_sha256=30a386534ed7881dd8b7e3928403ac5e82f47dfc0750dc071ba12303fbc9461c
prove_elapsed_ms=736438
verify_and_tamper_elapsed_ms=364
host_peak_rss_kib=Some(114260)
proof_output=/home/c/Documents/BOSUN/scratch/joined_build_20260901/proofs_fleet_20260902/row_057_groth16.bin
proof_bytes=2794 proof_sha256=79918efb92d362c956ce2a07e106606c2a3c5b19acdb5f4bc1bae313003386cf
verified_proof=true
proof_generated=true
