classification=CANDIDATE_ORDERED_MEMBERSHIP
mode=ceremony_groth16
prover=local_cuda_explicit
row=9
trapdoor_flag_expected=1
sp1_circuit_version=v6.1.0
cycle_limit=4400000000
raw_bytes=24472000 raw_sha256=fab2ae492aa2e7018ab666af1db04032f5055988a71754b37ff3b8d816093572
guest_elf_bytes=1171416 guest_elf_sha256=8bcadf5373742e92eb36535680e4b9f092c00fdcf9a8f7171678c49b170f11db
sp1_vkey=0x0019d16cfe911d943315c04235c792fcccc3e0759aa3095a941b8508178e0490
setup_elapsed_ms=23289
Setting environment variables took 134.634µs
Reading R1CS took 26.258536516s
Reading proving key took 4.68175272s
Reading witness file took 621.824µs
Deserializing JSON data took 37.487577ms
Generating witness took 1.039415175s
[90m21:25:41[0m DBG constraint system solver done [36mnbConstraints=[0m15972262 [36mtook=[0m5740.035232
[90m21:25:54[0m DBG prover done [36macceleration=[0mnone [36mbackend=[0mgroth16 [36mcurve=[0mbn254 [36mnbConstraints=[0m15972262 [36mtook=[0m12849.043301
Generating proof took 18.589419051s
[90m21:25:54[0m [33mWRN[0m [1mignoring uninitialized slice[0m [36mslice name=[0mVars [36mslice type=[0m[]frontend.Variable
[90m21:25:54[0m [33mWRN[0m [1mignoring uninitialized slice[0m [36mslice name=[0mVars [36mslice type=[0m[]frontend.Variable
[90m21:25:54[0m [33mWRN[0m [1mignoring uninitialized slice[0m [36mslice name=[0mVars [36mslice type=[0m[]frontend.Variable
[90m21:25:54[0m DBG verifier done [36mbackend=[0mgroth16 [36mcurve=[0mbn254 [36mtook=[0m0.912989
oracle=independent_row_9 checked=1101 circuit_derived=0
oracle_note=pose verdict 3, head saturation 0, logit sums [-6659, -22568, -9384, 8522, -4852, -374, -7966, -18831, -678, -1207, -33417] match the audited parity vectors
oracle_note=typed context, typed root and uncropped commitment match row_oracle.py; coupling score numerator 61314033 (denominator 4) is circuit-derived
public_values_bytes=1101
public_values_sha256=0fd3ead3d6a167af1f62a55e8ea8a08702f05218ba7e5c747a30d5d2278315b3
prove_elapsed_ms=801136
verify_and_tamper_elapsed_ms=420
host_peak_rss_kib=Some(114000)
proof_output=/home/c/Documents/BOSUN/scratch/joined_build_20260901/proofs_fleet_20260902/row_009_groth16.bin
proof_bytes=2794 proof_sha256=e160c9bd767facff821a4bbde2cc1200e3b9d91417fd9d0de80265cbc3a85066
verified_proof=true
proof_generated=true
