classification=CANDIDATE_ORDERED_MEMBERSHIP
mode=ceremony_groth16
prover=local_cuda_explicit
row=139
trapdoor_flag_expected=1
sp1_circuit_version=v6.1.0
cycle_limit=4400000000
raw_bytes=24472000 raw_sha256=9d7f1e01149766a23afecb1067efeb366921d593eb17ef3617b29723df035a2a
guest_elf_bytes=1171416 guest_elf_sha256=8bcadf5373742e92eb36535680e4b9f092c00fdcf9a8f7171678c49b170f11db
sp1_vkey=0x0019d16cfe911d943315c04235c792fcccc3e0759aa3095a941b8508178e0490
setup_elapsed_ms=22611
Setting environment variables took 108.303µs
Reading R1CS took 21.981562834s
Reading proving key took 4.315848911s
Reading witness file took 621.113µs
Deserializing JSON data took 26.733573ms
Generating witness took 928.37402ms
[90m01:15:17[0m DBG constraint system solver done [36mnbConstraints=[0m15972262 [36mtook=[0m5040.326252
[90m01:15:28[0m DBG prover done [36macceleration=[0mnone [36mbackend=[0mgroth16 [36mcurve=[0mbn254 [36mnbConstraints=[0m15972262 [36mtook=[0m10975.099976
Generating proof took 16.015719223s
[90m01:15:28[0m [33mWRN[0m [1mignoring uninitialized slice[0m [36mslice name=[0mVars [36mslice type=[0m[]frontend.Variable
[90m01:15:28[0m [33mWRN[0m [1mignoring uninitialized slice[0m [36mslice name=[0mVars [36mslice type=[0m[]frontend.Variable
[90m01:15:28[0m [33mWRN[0m [1mignoring uninitialized slice[0m [36mslice name=[0mVars [36mslice type=[0m[]frontend.Variable
[90m01:15:28[0m DBG verifier done [36mbackend=[0mgroth16 [36mcurve=[0mbn254 [36mtook=[0m0.823869
oracle=independent_row_139 checked=1101 circuit_derived=0
oracle_note=pose verdict 1, head saturation 0, logit sums [7057, 16139, 6590, -5570, -19598, 2745, -27408, 6074, -13407, -5123, -12840] match the audited parity vectors
oracle_note=typed context, typed root and uncropped commitment match row_oracle.py; coupling score numerator 59077466 (denominator 4) is circuit-derived
public_values_bytes=1101
public_values_sha256=c666a790921708b149b2c4805fce772bfc8bc1ed9b12d290119bdf258cd8211b
prove_elapsed_ms=752765
verify_and_tamper_elapsed_ms=363
host_peak_rss_kib=Some(113760)
proof_output=/home/c/Documents/BOSUN/scratch/joined_build_20260901/proofs_fleet_20260902/row_139_groth16.bin
proof_bytes=2794 proof_sha256=eaa4f41e40b841b4c12e53ec69155857c69547fb654fdb86d9dd8f9c6607888c
verified_proof=true
proof_generated=true
