classification=CANDIDATE_ORDERED_MEMBERSHIP
mode=ceremony_groth16
prover=local_cuda_explicit
row=74
trapdoor_flag_expected=1
sp1_circuit_version=v6.1.0
cycle_limit=4400000000
raw_bytes=24472000 raw_sha256=790105361eaa3944b88140c1d23619e5e65d2ef303c8ef13c43409238eda9444
guest_elf_bytes=1171416 guest_elf_sha256=8bcadf5373742e92eb36535680e4b9f092c00fdcf9a8f7171678c49b170f11db
sp1_vkey=0x0019d16cfe911d943315c04235c792fcccc3e0759aa3095a941b8508178e0490
setup_elapsed_ms=22588
Setting environment variables took 100.543µs
Reading R1CS took 22.034220177s
Reading proving key took 4.26977569s
Reading witness file took 628.974µs
Deserializing JSON data took 25.262493ms
Generating witness took 935.969573ms
[90m23:10:09[0m DBG constraint system solver done [36mnbConstraints=[0m15972262 [36mtook=[0m5031.1061
[90m23:10:20[0m DBG prover done [36macceleration=[0mnone [36mbackend=[0mgroth16 [36mcurve=[0mbn254 [36mnbConstraints=[0m15972262 [36mtook=[0m11167.329327
Generating proof took 16.198702412s
[90m23:10:20[0m [33mWRN[0m [1mignoring uninitialized slice[0m [36mslice name=[0mVars [36mslice type=[0m[]frontend.Variable
[90m23:10:20[0m [33mWRN[0m [1mignoring uninitialized slice[0m [36mslice name=[0mVars [36mslice type=[0m[]frontend.Variable
[90m23:10:20[0m [33mWRN[0m [1mignoring uninitialized slice[0m [36mslice name=[0mVars [36mslice type=[0m[]frontend.Variable
[90m23:10:20[0m DBG verifier done [36mbackend=[0mgroth16 [36mcurve=[0mbn254 [36mtook=[0m0.875869
oracle=independent_row_74 checked=1101 circuit_derived=0
oracle_note=pose verdict 0, head saturation 0, logit sums [7749, -1364, 560, -4711, -9209, -522, -36073, -14294, -19082, 950, -419] match the audited parity vectors
oracle_note=typed context, typed root and uncropped commitment match row_oracle.py; coupling score numerator 46429156 (denominator 4) is circuit-derived
public_values_bytes=1101
public_values_sha256=9795f33f2d729e161e6afed358262d62eac8def7b6a6d2678169258a9c52d1de
prove_elapsed_ms=736201
verify_and_tamper_elapsed_ms=365
host_peak_rss_kib=Some(114240)
proof_output=/home/c/Documents/BOSUN/scratch/joined_build_20260901/proofs_fleet_20260902/row_074_groth16.bin
proof_bytes=2795 proof_sha256=1feda6dc9de0652e0c28c23631cd95d737b8e48eeef45f41c2af55ad7a118547
verified_proof=true
proof_generated=true
