classification=CANDIDATE_ORDERED_MEMBERSHIP
mode=ceremony_groth16
prover=local_cuda_explicit
row=123
trapdoor_flag_expected=1
sp1_circuit_version=v6.1.0
cycle_limit=4400000000
raw_bytes=24472000 raw_sha256=ecde37915488b16dfed9b6e5bb39e9fdc419c42ff010d13fd3b0beba3832367d
guest_elf_bytes=1171416 guest_elf_sha256=8bcadf5373742e92eb36535680e4b9f092c00fdcf9a8f7171678c49b170f11db
sp1_vkey=0x0019d16cfe911d943315c04235c792fcccc3e0759aa3095a941b8508178e0490
setup_elapsed_ms=22469
Setting environment variables took 72.352µs
Reading R1CS took 22.006136484s
Reading proving key took 3.434592346s
Reading witness file took 622.354µs
Deserializing JSON data took 25.086729ms
Generating witness took 917.266762ms
[90m00:49:22[0m DBG constraint system solver done [36mnbConstraints=[0m15972262 [36mtook=[0m5598.488588
[90m00:49:33[0m DBG prover done [36macceleration=[0mnone [36mbackend=[0mgroth16 [36mcurve=[0mbn254 [36mnbConstraints=[0m15972262 [36mtook=[0m11051.96065
Generating proof took 16.650689964s
[90m00:49:33[0m [33mWRN[0m [1mignoring uninitialized slice[0m [36mslice name=[0mVars [36mslice type=[0m[]frontend.Variable
[90m00:49:33[0m [33mWRN[0m [1mignoring uninitialized slice[0m [36mslice name=[0mVars [36mslice type=[0m[]frontend.Variable
[90m00:49:33[0m [33mWRN[0m [1mignoring uninitialized slice[0m [36mslice name=[0mVars [36mslice type=[0m[]frontend.Variable
[90m00:49:33[0m DBG verifier done [36mbackend=[0mgroth16 [36mcurve=[0mbn254 [36mtook=[0m0.795987
oracle=independent_row_123 checked=1101 circuit_derived=0
oracle_note=pose verdict 5, head saturation 0, logit sums [2041, 756, 2621, -7334, -10689, 2710, -26743, -1379, -16661, -1664, -10744] match the audited parity vectors
oracle_note=typed context, typed root and uncropped commitment match row_oracle.py; coupling score numerator 52251214 (denominator 4) is circuit-derived
public_values_bytes=1101
public_values_sha256=9ad8d391feb942020ff2632b02751cde80a0d31b789ed6e0da5e6258b9d2827c
prove_elapsed_ms=749817
verify_and_tamper_elapsed_ms=364
host_peak_rss_kib=Some(114260)
proof_output=/home/c/Documents/BOSUN/scratch/joined_build_20260901/proofs_fleet_20260902/row_123_groth16.bin
proof_bytes=2795 proof_sha256=07ad2e58abfb9e81f3668e47c754800339512508e42894381fd42e3481682f8b
verified_proof=true
proof_generated=true
