classification=CANDIDATE_ORDERED_MEMBERSHIP
mode=ceremony_groth16
prover=local_cuda_explicit
row=227
trapdoor_flag_expected=1
sp1_circuit_version=v6.1.0
cycle_limit=4400000000
raw_bytes=24472000 raw_sha256=004ae1c55252d837feb7d8d23c2ec0140aef9e414c27ba777edb0635664ccc93
guest_elf_bytes=1171416 guest_elf_sha256=8bcadf5373742e92eb36535680e4b9f092c00fdcf9a8f7171678c49b170f11db
sp1_vkey=0x0019d16cfe911d943315c04235c792fcccc3e0759aa3095a941b8508178e0490
setup_elapsed_ms=22634
Setting environment variables took 113.263µs
Reading R1CS took 21.986390209s
Reading proving key took 4.292372356s
Reading witness file took 629.394µs
Deserializing JSON data took 25.106369ms
Generating witness took 844.746943ms
[90m03:35:50[0m DBG constraint system solver done [36mnbConstraints=[0m15972262 [36mtook=[0m5014.645149
[90m03:36:01[0m DBG prover done [36macceleration=[0mnone [36mbackend=[0mgroth16 [36mcurve=[0mbn254 [36mnbConstraints=[0m15972262 [36mtook=[0m11027.290691
Generating proof took 16.042183716s
[90m03:36:01[0m [33mWRN[0m [1mignoring uninitialized slice[0m [36mslice name=[0mVars [36mslice type=[0m[]frontend.Variable
[90m03:36:01[0m [33mWRN[0m [1mignoring uninitialized slice[0m [36mslice name=[0mVars [36mslice type=[0m[]frontend.Variable
[90m03:36:01[0m [33mWRN[0m [1mignoring uninitialized slice[0m [36mslice name=[0mVars [36mslice type=[0m[]frontend.Variable
[90m03:36:01[0m DBG verifier done [36mbackend=[0mgroth16 [36mcurve=[0mbn254 [36mtook=[0m0.836598
oracle=independent_row_227 checked=1101 circuit_derived=0
oracle_note=pose verdict 3, head saturation 0, logit sums [-9618, -19925, -9367, 9623, -2512, -1748, -9853, -14279, -267, 1613, -32759] match the audited parity vectors
oracle_note=typed context, typed root and uncropped commitment match row_oracle.py; coupling score numerator 25625899 (denominator 4) is circuit-derived
public_values_bytes=1101
public_values_sha256=6616658854a4a1d2f514b3d8cbcf97d916c66237f42220d6659edaa2389ad6cd
prove_elapsed_ms=742103
verify_and_tamper_elapsed_ms=363
host_peak_rss_kib=Some(114240)
proof_output=/home/c/Documents/BOSUN/scratch/joined_build_20260901/proofs_fleet_20260902/row_227_groth16.bin
proof_bytes=2794 proof_sha256=f2372ff3456ad46305060f23d33c8b3b744fb5bca7c9fbe6a4feb49dae8e1f41
verified_proof=true
proof_generated=true
