classification=CANDIDATE_ORDERED_MEMBERSHIP
mode=ceremony_groth16
prover=local_cuda_explicit
row=107
trapdoor_flag_expected=1
sp1_circuit_version=v6.1.0
cycle_limit=4400000000
raw_bytes=24472000 raw_sha256=e29b37f18b9627b96eb435f23574a882cb97bac62412f45499975f08b49c6d50
guest_elf_bytes=1171416 guest_elf_sha256=8bcadf5373742e92eb36535680e4b9f092c00fdcf9a8f7171678c49b170f11db
sp1_vkey=0x0019d16cfe911d943315c04235c792fcccc3e0759aa3095a941b8508178e0490
setup_elapsed_ms=22653
Setting environment variables took 13.541µs
Reading R1CS took 22.099550949s
Reading proving key took 4.305027496s
Reading witness file took 633.004µs
Deserializing JSON data took 25.233431ms
Generating witness took 831.145928ms
[90m00:23:40[0m DBG constraint system solver done [36mnbConstraints=[0m15972262 [36mtook=[0m4998.2019
[90m00:23:51[0m DBG prover done [36macceleration=[0mnone [36mbackend=[0mgroth16 [36mcurve=[0mbn254 [36mnbConstraints=[0m15972262 [36mtook=[0m11163.314896
Generating proof took 16.161785121s
[90m00:23:51[0m [33mWRN[0m [1mignoring uninitialized slice[0m [36mslice name=[0mVars [36mslice type=[0m[]frontend.Variable
[90m00:23:51[0m [33mWRN[0m [1mignoring uninitialized slice[0m [36mslice name=[0mVars [36mslice type=[0m[]frontend.Variable
[90m00:23:51[0m [33mWRN[0m [1mignoring uninitialized slice[0m [36mslice name=[0mVars [36mslice type=[0m[]frontend.Variable
[90m00:23:51[0m DBG verifier done [36mbackend=[0mgroth16 [36mcurve=[0mbn254 [36mtook=[0m0.911999
oracle=independent_row_107 checked=1101 circuit_derived=0
oracle_note=pose verdict 1, head saturation 0, logit sums [10324, 12173, 5282, -5363, -12125, -3571, -28740, 2092, -21512, -3228, -2083] match the audited parity vectors
oracle_note=typed context, typed root and uncropped commitment match row_oracle.py; coupling score numerator 7087532 (denominator 4) is circuit-derived
public_values_bytes=1101
public_values_sha256=a326f0de9f1278f66c58b52342be71a5b1a32d29a85e9c3300cd09b593857415
prove_elapsed_ms=742918
verify_and_tamper_elapsed_ms=364
host_peak_rss_kib=Some(114136)
proof_output=/home/c/Documents/BOSUN/scratch/joined_build_20260901/proofs_fleet_20260902/row_107_groth16.bin
proof_bytes=2794 proof_sha256=7634b5c8f31b7e92a6e85acc363f9a0557e917b04528c243f29d8d0327c1de7d
verified_proof=true
proof_generated=true
