classification=CANDIDATE_ORDERED_MEMBERSHIP
mode=ceremony_groth16
prover=local_cuda_explicit
row=17
trapdoor_flag_expected=1
sp1_circuit_version=v6.1.0
cycle_limit=4400000000
raw_bytes=24472000 raw_sha256=c174e3bdf35fe2e9a1d9b76d96efcccd6b6267fbc020d1a0d58318dc0f906a76
guest_elf_bytes=1171416 guest_elf_sha256=8bcadf5373742e92eb36535680e4b9f092c00fdcf9a8f7171678c49b170f11db
sp1_vkey=0x0019d16cfe911d943315c04235c792fcccc3e0759aa3095a941b8508178e0490
setup_elapsed_ms=24810
Setting environment variables took 17.951µs
Reading R1CS took 25.257351119s
Reading proving key took 4.761174553s
Reading witness file took 593.222µs
Deserializing JSON data took 25.898745ms
Generating witness took 1.096645923s
[90m21:39:24[0m DBG constraint system solver done [36mnbConstraints=[0m15972262 [36mtook=[0m5589.571527
[90m21:39:37[0m DBG prover done [36macceleration=[0mnone [36mbackend=[0mgroth16 [36mcurve=[0mbn254 [36mnbConstraints=[0m15972262 [36mtook=[0m12747.45545
Generating proof took 18.337314522s
[90m21:39:37[0m [33mWRN[0m [1mignoring uninitialized slice[0m [36mslice name=[0mVars [36mslice type=[0m[]frontend.Variable
[90m21:39:37[0m [33mWRN[0m [1mignoring uninitialized slice[0m [36mslice name=[0mVars [36mslice type=[0m[]frontend.Variable
[90m21:39:37[0m [33mWRN[0m [1mignoring uninitialized slice[0m [36mslice name=[0mVars [36mslice type=[0m[]frontend.Variable
[90m21:39:37[0m DBG verifier done [36mbackend=[0mgroth16 [36mcurve=[0mbn254 [36mtook=[0m0.883489
oracle=independent_row_17 checked=1101 circuit_derived=0
oracle_note=pose verdict 8, head saturation 0, logit sums [-6360, -15310, 2240, 7601, -18114, -4415, 11998, -1994, 13111, -1319, -52422] match the audited parity vectors
oracle_note=typed context, typed root and uncropped commitment match row_oracle.py; coupling score numerator 28505413 (denominator 4) is circuit-derived
public_values_bytes=1101
public_values_sha256=75651c77ffba863f9a1b45aff1fbd8535151b15251e4134908ddc16eeddb7bdb
prove_elapsed_ms=796868
verify_and_tamper_elapsed_ms=457
host_peak_rss_kib=Some(114240)
proof_output=/home/c/Documents/BOSUN/scratch/joined_build_20260901/proofs_fleet_20260902/row_017_groth16.bin
proof_bytes=2794 proof_sha256=9d6dd57e342a2f5b7e76078bf054bb64d7cd9cc3dba10d8ee8cc5bc00873f9bc
verified_proof=true
proof_generated=true
