classification=CANDIDATE_ORDERED_MEMBERSHIP
mode=ceremony_groth16
prover=local_cuda_explicit
row=155
trapdoor_flag_expected=1
sp1_circuit_version=v6.1.0
cycle_limit=4400000000
raw_bytes=24472000 raw_sha256=ffe8385c0ffaa2cd7f9eeb1819d363edef151f19fa0339f3883f0bcbd424a770
guest_elf_bytes=1171416 guest_elf_sha256=8bcadf5373742e92eb36535680e4b9f092c00fdcf9a8f7171678c49b170f11db
sp1_vkey=0x0019d16cfe911d943315c04235c792fcccc3e0759aa3095a941b8508178e0490
setup_elapsed_ms=22682
Setting environment variables took 66.891µs
Reading R1CS took 21.808306027s
Reading proving key took 4.267451801s
Reading witness file took 641.524µs
Deserializing JSON data took 25.033277ms
Generating witness took 962.124169ms
[90m01:40:57[0m DBG constraint system solver done [36mnbConstraints=[0m15972262 [36mtook=[0m5042.355963
[90m01:41:08[0m DBG prover done [36macceleration=[0mnone [36mbackend=[0mgroth16 [36mcurve=[0mbn254 [36mnbConstraints=[0m15972262 [36mtook=[0m11034.094901
Generating proof took 16.076729801s
[90m01:41:08[0m [33mWRN[0m [1mignoring uninitialized slice[0m [36mslice name=[0mVars [36mslice type=[0m[]frontend.Variable
[90m01:41:08[0m [33mWRN[0m [1mignoring uninitialized slice[0m [36mslice name=[0mVars [36mslice type=[0m[]frontend.Variable
[90m01:41:08[0m [33mWRN[0m [1mignoring uninitialized slice[0m [36mslice name=[0mVars [36mslice type=[0m[]frontend.Variable
[90m01:41:08[0m DBG verifier done [36mbackend=[0mgroth16 [36mcurve=[0mbn254 [36mtook=[0m0.821467
oracle=independent_row_155 checked=1101 circuit_derived=0
oracle_note=pose verdict 7, head saturation 0, logit sums [-336, 6306, 7643, -12324, -16093, 3292, -32017, 9491, -13945, 3908, -8877] match the audited parity vectors
oracle_note=typed context, typed root and uncropped commitment match row_oracle.py; coupling score numerator 39622115 (denominator 4) is circuit-derived
public_values_bytes=1101
public_values_sha256=278a98657c1a44d7d4890fcff07e1f0dcadfc3d612de3644257c6cebc24f6b46
prove_elapsed_ms=754110
verify_and_tamper_elapsed_ms=364
host_peak_rss_kib=Some(113780)
proof_output=/home/c/Documents/BOSUN/scratch/joined_build_20260901/proofs_fleet_20260902/row_155_groth16.bin
proof_bytes=2794 proof_sha256=a8311499ac7e8406ea4c511077986c3005b0d3273b64209f3007ba43a47de68f
verified_proof=true
proof_generated=true
