classification=CANDIDATE_ORDERED_MEMBERSHIP
mode=ceremony_groth16
prover=local_cuda_explicit
row=203
trapdoor_flag_expected=1
sp1_circuit_version=v6.1.0
cycle_limit=4400000000
raw_bytes=24472000 raw_sha256=b829760ce4bebed5fbb741e74bc6793c861b51ea9fda82fe5a9993b35c2246b1
guest_elf_bytes=1171416 guest_elf_sha256=8bcadf5373742e92eb36535680e4b9f092c00fdcf9a8f7171678c49b170f11db
sp1_vkey=0x0019d16cfe911d943315c04235c792fcccc3e0759aa3095a941b8508178e0490
setup_elapsed_ms=22738
Setting environment variables took 91.242µs
Reading R1CS took 21.931285511s
Reading proving key took 4.310888973s
Reading witness file took 644.643µs
Deserializing JSON data took 24.923065ms
Generating witness took 916.301652ms
[90m02:57:32[0m DBG constraint system solver done [36mnbConstraints=[0m15972262 [36mtook=[0m5039.656236
[90m02:57:43[0m DBG prover done [36macceleration=[0mnone [36mbackend=[0mgroth16 [36mcurve=[0mbn254 [36mnbConstraints=[0m15972262 [36mtook=[0m10864.273563
Generating proof took 15.904210905s
[90m02:57:43[0m [33mWRN[0m [1mignoring uninitialized slice[0m [36mslice name=[0mVars [36mslice type=[0m[]frontend.Variable
[90m02:57:43[0m [33mWRN[0m [1mignoring uninitialized slice[0m [36mslice name=[0mVars [36mslice type=[0m[]frontend.Variable
[90m02:57:43[0m [33mWRN[0m [1mignoring uninitialized slice[0m [36mslice name=[0mVars [36mslice type=[0m[]frontend.Variable
[90m02:57:43[0m DBG verifier done [36mbackend=[0mgroth16 [36mcurve=[0mbn254 [36mtook=[0m0.853089
oracle=independent_row_203 checked=1101 circuit_derived=0
oracle_note=pose verdict 2, head saturation 0, logit sums [1127, -1857, 8526, -3780, -18997, -370, -13768, 6438, -2191, 1467, -31601] match the audited parity vectors
oracle_note=typed context, typed root and uncropped commitment match row_oracle.py; coupling score numerator 23835591 (denominator 4) is circuit-derived
public_values_bytes=1101
public_values_sha256=8104ece007b12945eefdae440599bb8de227cf4644cfc5cad90f1794c54609fa
prove_elapsed_ms=742481
verify_and_tamper_elapsed_ms=364
host_peak_rss_kib=Some(114260)
proof_output=/home/c/Documents/BOSUN/scratch/joined_build_20260901/proofs_fleet_20260902/row_203_groth16.bin
proof_bytes=2793 proof_sha256=b2b31ce7a110842bb2c2c02f9a763831f564837c0d192b77a97f083927e67626
verified_proof=true
proof_generated=true
