classification=CANDIDATE_ORDERED_MEMBERSHIP
mode=ceremony_groth16
prover=local_cuda_explicit
row=99
trapdoor_flag_expected=1
sp1_circuit_version=v6.1.0
cycle_limit=4400000000
raw_bytes=24472000 raw_sha256=9f4df9ebeee429a90884b9fcc4fa895a625d46b9dd9be04a0a73477c5ced08a5
guest_elf_bytes=1171416 guest_elf_sha256=8bcadf5373742e92eb36535680e4b9f092c00fdcf9a8f7171678c49b170f11db
sp1_vkey=0x0019d16cfe911d943315c04235c792fcccc3e0759aa3095a941b8508178e0490
setup_elapsed_ms=20811
Setting environment variables took 116.743µs
Reading R1CS took 21.903395775s
Reading proving key took 4.316004942s
Reading witness file took 619.814µs
Deserializing JSON data took 24.954785ms
Generating witness took 906.221732ms
[90m00:10:53[0m DBG constraint system solver done [36mnbConstraints=[0m15972262 [36mtook=[0m5045.037159
[90m00:11:04[0m DBG prover done [36macceleration=[0mnone [36mbackend=[0mgroth16 [36mcurve=[0mbn254 [36mnbConstraints=[0m15972262 [36mtook=[0m10948.324741
Generating proof took 15.993644677s
[90m00:11:04[0m [33mWRN[0m [1mignoring uninitialized slice[0m [36mslice name=[0mVars [36mslice type=[0m[]frontend.Variable
[90m00:11:04[0m [33mWRN[0m [1mignoring uninitialized slice[0m [36mslice name=[0mVars [36mslice type=[0m[]frontend.Variable
[90m00:11:04[0m [33mWRN[0m [1mignoring uninitialized slice[0m [36mslice name=[0mVars [36mslice type=[0m[]frontend.Variable
[90m00:11:04[0m DBG verifier done [36mbackend=[0mgroth16 [36mcurve=[0mbn254 [36mtook=[0m0.839328
oracle=independent_row_99 checked=1101 circuit_derived=0
oracle_note=pose verdict 1, head saturation 0, logit sums [4537, 11863, -1283, -1912, -11668, 8459, -27177, -3157, -16544, -11206, -12986] match the audited parity vectors
oracle_note=typed context, typed root and uncropped commitment match row_oracle.py; coupling score numerator 49404418 (denominator 4) is circuit-derived
public_values_bytes=1101
public_values_sha256=78990bf38bcf820b1eb46d19bbcff33672086e15bb431edf9ad12f85d1a3fce0
prove_elapsed_ms=747694
verify_and_tamper_elapsed_ms=364
host_peak_rss_kib=Some(114240)
proof_output=/home/c/Documents/BOSUN/scratch/joined_build_20260901/proofs_fleet_20260902/row_099_groth16.bin
proof_bytes=2795 proof_sha256=2e54ae41455a152b04b73132704569ab5cde05f009f542e748c37525e07066fd
verified_proof=true
proof_generated=true
