classification=CANDIDATE_ORDERED_MEMBERSHIP
mode=ceremony_groth16
prover=local_cuda_explicit
row=115
trapdoor_flag_expected=1
sp1_circuit_version=v6.1.0
cycle_limit=4400000000
raw_bytes=24472000 raw_sha256=3253dc4408736d3fc679b2c20e1a4b20992eddcf091fe25052d28a6313acaab3
guest_elf_bytes=1171416 guest_elf_sha256=8bcadf5373742e92eb36535680e4b9f092c00fdcf9a8f7171678c49b170f11db
sp1_vkey=0x0019d16cfe911d943315c04235c792fcccc3e0759aa3095a941b8508178e0490
setup_elapsed_ms=22552
Setting environment variables took 124.312µs
Reading R1CS took 22.258875523s
Reading proving key took 4.315202609s
Reading witness file took 627.694µs
Deserializing JSON data took 27.07951ms
Generating witness took 805.502217ms
[90m00:36:28[0m DBG constraint system solver done [36mnbConstraints=[0m15972262 [36mtook=[0m5007.44024
[90m00:36:39[0m DBG prover done [36macceleration=[0mnone [36mbackend=[0mgroth16 [36mcurve=[0mbn254 [36mnbConstraints=[0m15972262 [36mtook=[0m10968.355726
Generating proof took 15.976087272s
[90m00:36:39[0m [33mWRN[0m [1mignoring uninitialized slice[0m [36mslice name=[0mVars [36mslice type=[0m[]frontend.Variable
[90m00:36:39[0m [33mWRN[0m [1mignoring uninitialized slice[0m [36mslice name=[0mVars [36mslice type=[0m[]frontend.Variable
[90m00:36:39[0m [33mWRN[0m [1mignoring uninitialized slice[0m [36mslice name=[0mVars [36mslice type=[0m[]frontend.Variable
[90m00:36:39[0m DBG verifier done [36mbackend=[0mgroth16 [36mcurve=[0mbn254 [36mtook=[0m0.845978
oracle=independent_row_115 checked=1101 circuit_derived=0
oracle_note=pose verdict 1, head saturation 0, logit sums [5813, 15312, 585, -3554, -10945, 2152, -35527, -1075, -19537, -4306, -919] match the audited parity vectors
oracle_note=typed context, typed root and uncropped commitment match row_oracle.py; coupling score numerator 43049905 (denominator 4) is circuit-derived
public_values_bytes=1101
public_values_sha256=34bcb608108445dd3b29d7b0aaa5104f56f4fa04d65d4c1efe12aea287d21bf3
prove_elapsed_ms=744746
verify_and_tamper_elapsed_ms=364
host_peak_rss_kib=Some(114000)
proof_output=/home/c/Documents/BOSUN/scratch/joined_build_20260901/proofs_fleet_20260902/row_115_groth16.bin
proof_bytes=2794 proof_sha256=48cd8cefa262e5cab999a32dcc5547fa49fe45803506b5a8b54b04eb46c4bf9a
verified_proof=true
proof_generated=true
