classification=CANDIDATE_ORDERED_MEMBERSHIP
mode=ceremony_groth16
prover=local_cuda_explicit
row=251
trapdoor_flag_expected=1
sp1_circuit_version=v6.1.0
cycle_limit=4400000000
raw_bytes=24472000 raw_sha256=91ac474f75e458592d339fffb339f499a3f0a3e547f947ffec89993e3819bec3
guest_elf_bytes=1171416 guest_elf_sha256=8bcadf5373742e92eb36535680e4b9f092c00fdcf9a8f7171678c49b170f11db
sp1_vkey=0x0019d16cfe911d943315c04235c792fcccc3e0759aa3095a941b8508178e0490
setup_elapsed_ms=22593
Setting environment variables took 94.762µs
Reading R1CS took 21.861515146s
Reading proving key took 4.311316561s
Reading witness file took 667.055µs
Deserializing JSON data took 24.988328ms
Generating witness took 839.61521ms
[90m04:14:07[0m DBG constraint system solver done [36mnbConstraints=[0m15972262 [36mtook=[0m5031.244943
[90m04:14:18[0m DBG prover done [36macceleration=[0mnone [36mbackend=[0mgroth16 [36mcurve=[0mbn254 [36mnbConstraints=[0m15972262 [36mtook=[0m10921.305391
Generating proof took 15.95282337s
[90m04:14:18[0m [33mWRN[0m [1mignoring uninitialized slice[0m [36mslice name=[0mVars [36mslice type=[0m[]frontend.Variable
[90m04:14:18[0m [33mWRN[0m [1mignoring uninitialized slice[0m [36mslice name=[0mVars [36mslice type=[0m[]frontend.Variable
[90m04:14:18[0m [33mWRN[0m [1mignoring uninitialized slice[0m [36mslice name=[0mVars [36mslice type=[0m[]frontend.Variable
[90m04:14:18[0m DBG verifier done [36mbackend=[0mgroth16 [36mcurve=[0mbn254 [36mtook=[0m0.856249
oracle=independent_row_251 checked=1101 circuit_derived=0
oracle_note=pose verdict 3, head saturation 0, logit sums [-5799, -12976, -9175, 10952, -8287, -381, -2769, -5926, 1201, -2940, -41369] match the audited parity vectors
oracle_note=typed context, typed root and uncropped commitment match row_oracle.py; coupling score numerator 59601470 (denominator 4) is circuit-derived
public_values_bytes=1101
public_values_sha256=709b1b686a3c4bc86f7b107e27d1360f11ea07864074beb72fb8cfc6b352aefc
prove_elapsed_ms=738788
verify_and_tamper_elapsed_ms=365
host_peak_rss_kib=Some(113780)
proof_output=/home/c/Documents/BOSUN/scratch/joined_build_20260901/proofs_fleet_20260902/row_251_groth16.bin
proof_bytes=2794 proof_sha256=159a4a39687c598efde51b556f9e770545eb90ea88927dcbcd0def738ad03238
verified_proof=true
proof_generated=true
