classification=CANDIDATE_ORDERED_MEMBERSHIP
mode=ceremony_groth16
prover=local_cuda_explicit
row=33
trapdoor_flag_expected=1
sp1_circuit_version=v6.1.0
cycle_limit=4400000000
raw_bytes=24472000 raw_sha256=7e351d961c4daba604cb5bbda6b6be1ffcf76a7c6cb273c812a70c525aa09836
guest_elf_bytes=1171416 guest_elf_sha256=8bcadf5373742e92eb36535680e4b9f092c00fdcf9a8f7171678c49b170f11db
sp1_vkey=0x0019d16cfe911d943315c04235c792fcccc3e0759aa3095a941b8508178e0490
setup_elapsed_ms=23764
Setting environment variables took 50.991µs
Reading R1CS took 21.998257245s
Reading proving key took 4.289063977s
Reading witness file took 605.963µs
Deserializing JSON data took 25.307853ms
Generating witness took 964.78228ms
[90m22:05:59[0m DBG constraint system solver done [36mnbConstraints=[0m15972262 [36mtook=[0m5049.431088
[90m22:06:10[0m DBG prover done [36macceleration=[0mnone [36mbackend=[0mgroth16 [36mcurve=[0mbn254 [36mnbConstraints=[0m15972262 [36mtook=[0m11275.80457
Generating proof took 16.32577972s
[90m22:06:10[0m [33mWRN[0m [1mignoring uninitialized slice[0m [36mslice name=[0mVars [36mslice type=[0m[]frontend.Variable
[90m22:06:10[0m [33mWRN[0m [1mignoring uninitialized slice[0m [36mslice name=[0mVars [36mslice type=[0m[]frontend.Variable
[90m22:06:10[0m [33mWRN[0m [1mignoring uninitialized slice[0m [36mslice name=[0mVars [36mslice type=[0m[]frontend.Variable
[90m22:06:10[0m DBG verifier done [36mbackend=[0mgroth16 [36mcurve=[0mbn254 [36mtook=[0m0.831519
oracle=independent_row_33 checked=1101 circuit_derived=0
oracle_note=pose verdict 4, head saturation 0, logit sums [-9776, -25358, -14816, 9106, 9645, 2511, -18984, -26090, -10285, -1678, -20100] match the audited parity vectors
oracle_note=typed context, typed root and uncropped commitment match row_oracle.py; coupling score numerator 57127287 (denominator 4) is circuit-derived
public_values_bytes=1101
public_values_sha256=5618f8dc5e42bfb83eda11ba3a4e6c873172561a73d281ce070dd59cd0373de7
prove_elapsed_ms=745369
verify_and_tamper_elapsed_ms=364
host_peak_rss_kib=Some(114000)
proof_output=/home/c/Documents/BOSUN/scratch/joined_build_20260901/proofs_fleet_20260902/row_033_groth16.bin
proof_bytes=2794 proof_sha256=4d503a13a0e9d10044e041cc5d9ea2af88aa9c4a0f9688da5307f97b7bdbee14
verified_proof=true
proof_generated=true
