classification=CANDIDATE_ORDERED_MEMBERSHIP
mode=ceremony_groth16
prover=local_cuda_explicit
row=147
trapdoor_flag_expected=1
sp1_circuit_version=v6.1.0
cycle_limit=4400000000
raw_bytes=24472000 raw_sha256=e5aa9b23762ea3540815a1b55a1b03ce51368d5ebabd42de81eba2e7f2bf82e9
guest_elf_bytes=1171416 guest_elf_sha256=8bcadf5373742e92eb36535680e4b9f092c00fdcf9a8f7171678c49b170f11db
sp1_vkey=0x0019d16cfe911d943315c04235c792fcccc3e0759aa3095a941b8508178e0490
setup_elapsed_ms=22625
Setting environment variables took 57.991µs
Reading R1CS took 22.004530488s
Reading proving key took 4.296064736s
Reading witness file took 641.873µs
Deserializing JSON data took 25.588888ms
Generating witness took 904.763253ms
[90m01:27:59[0m DBG constraint system solver done [36mnbConstraints=[0m15972262 [36mtook=[0m5032.04923
[90m01:28:09[0m DBG prover done [36macceleration=[0mnone [36mbackend=[0mgroth16 [36mcurve=[0mbn254 [36mnbConstraints=[0m15972262 [36mtook=[0m10883.008171
Generating proof took 15.915349378s
[90m01:28:09[0m [33mWRN[0m [1mignoring uninitialized slice[0m [36mslice name=[0mVars [36mslice type=[0m[]frontend.Variable
[90m01:28:09[0m [33mWRN[0m [1mignoring uninitialized slice[0m [36mslice name=[0mVars [36mslice type=[0m[]frontend.Variable
[90m01:28:09[0m [33mWRN[0m [1mignoring uninitialized slice[0m [36mslice name=[0mVars [36mslice type=[0m[]frontend.Variable
[90m01:28:09[0m DBG verifier done [36mbackend=[0mgroth16 [36mcurve=[0mbn254 [36mtook=[0m0.879449
oracle=independent_row_147 checked=1101 circuit_derived=0
oracle_note=pose verdict 1, head saturation 0, logit sums [4701, 10723, 1375, -4649, -13865, 3484, -30212, 594, -15194, -3364, -8890] match the audited parity vectors
oracle_note=typed context, typed root and uncropped commitment match row_oracle.py; coupling score numerator 51747856 (denominator 4) is circuit-derived
public_values_bytes=1101
public_values_sha256=6c985cb918e6522b526ea0a4679eff17129ebad041707f14e8accd187564a890
prove_elapsed_ms=737721
verify_and_tamper_elapsed_ms=365
host_peak_rss_kib=Some(113760)
proof_output=/home/c/Documents/BOSUN/scratch/joined_build_20260901/proofs_fleet_20260902/row_147_groth16.bin
proof_bytes=2794 proof_sha256=124593c0567ed25ee43299ab34f9b0535870ffbcd22281d508efc4c455a35c87
verified_proof=true
proof_generated=true
