classification=CANDIDATE_ORDERED_MEMBERSHIP
mode=ceremony_groth16
prover=local_cuda_explicit
row=1
trapdoor_flag_expected=1
sp1_circuit_version=v6.1.0
cycle_limit=4400000000
raw_bytes=24472000 raw_sha256=0b5e8b01ee4163b8b1ac37966226ef4f79596fd93bd8b3241c1bcda9a0bc25a8
guest_elf_bytes=1171416 guest_elf_sha256=8bcadf5373742e92eb36535680e4b9f092c00fdcf9a8f7171678c49b170f11db
sp1_vkey=0x0019d16cfe911d943315c04235c792fcccc3e0759aa3095a941b8508178e0490
setup_elapsed_ms=21351
Setting environment variables took 70.842µs
Reading R1CS took 22.177062261s
Reading proving key took 4.291364817s
Reading witness file took 592.192µs
Deserializing JSON data took 25.185002ms
Generating witness took 970.404235ms
[90m21:11:56[0m DBG constraint system solver done [36mnbConstraints=[0m15972262 [36mtook=[0m5605.828266
[90m21:12:08[0m DBG prover done [36macceleration=[0mnone [36mbackend=[0mgroth16 [36mcurve=[0mbn254 [36mnbConstraints=[0m15972262 [36mtook=[0m12141.819773
Generating proof took 17.747934103s
[90m21:12:08[0m [33mWRN[0m [1mignoring uninitialized slice[0m [36mslice name=[0mVars [36mslice type=[0m[]frontend.Variable
[90m21:12:08[0m [33mWRN[0m [1mignoring uninitialized slice[0m [36mslice name=[0mVars [36mslice type=[0m[]frontend.Variable
[90m21:12:08[0m [33mWRN[0m [1mignoring uninitialized slice[0m [36mslice name=[0mVars [36mslice type=[0m[]frontend.Variable
[90m21:12:08[0m DBG verifier done [36mbackend=[0mgroth16 [36mcurve=[0mbn254 [36mtook=[0m1.027652
oracle=independent_row_1 checked=1101 circuit_derived=0
oracle_note=pose verdict 10, head saturation 0, logit sums [-3747, -23923, -14542, -133, 12181, 138, -46682, -30691, -26888, 6589, 12494] match the audited parity vectors
oracle_note=typed context, typed root and uncropped commitment match row_oracle.py; coupling score numerator 49662102 (denominator 4) is circuit-derived
public_values_bytes=1101
public_values_sha256=6efe6cdfe974a0ffef62758887d0a5099a482b881d95ae3330e94d90513e0b8b
prove_elapsed_ms=782810
verify_and_tamper_elapsed_ms=364
host_peak_rss_kib=Some(329784)
proof_output=/home/c/Documents/BOSUN/scratch/joined_build_20260901/proofs_fleet_20260902/row_001_groth16.bin
proof_bytes=2794 proof_sha256=1ce8d1259ca19a9afeaf55c890fa0abf57f08a78145e7434600be049b46932be
verified_proof=true
proof_generated=true
