classification=CANDIDATE_ORDERED_MEMBERSHIP
mode=ceremony_groth16
prover=local_cuda_explicit
row=171
trapdoor_flag_expected=1
sp1_circuit_version=v6.1.0
cycle_limit=4400000000
raw_bytes=24472000 raw_sha256=87d9f95ed2fb6ebea82bf70f78d7d1a22fcc98d6fc4055ae97ce31f5166077a9
guest_elf_bytes=1171416 guest_elf_sha256=8bcadf5373742e92eb36535680e4b9f092c00fdcf9a8f7171678c49b170f11db
sp1_vkey=0x0019d16cfe911d943315c04235c792fcccc3e0759aa3095a941b8508178e0490
setup_elapsed_ms=22599
Setting environment variables took 86.562µs
Reading R1CS took 22.706605198s
Reading proving key took 4.292949446s
Reading witness file took 645.774µs
Deserializing JSON data took 25.124459ms
Generating witness took 928.597817ms
[90m02:06:25[0m DBG constraint system solver done [36mnbConstraints=[0m15972262 [36mtook=[0m4934.628005
[90m02:06:36[0m DBG prover done [36macceleration=[0mnone [36mbackend=[0mgroth16 [36mcurve=[0mbn254 [36mnbConstraints=[0m15972262 [36mtook=[0m10974.020399
Generating proof took 15.908971751s
[90m02:06:36[0m [33mWRN[0m [1mignoring uninitialized slice[0m [36mslice name=[0mVars [36mslice type=[0m[]frontend.Variable
[90m02:06:36[0m [33mWRN[0m [1mignoring uninitialized slice[0m [36mslice name=[0mVars [36mslice type=[0m[]frontend.Variable
[90m02:06:36[0m [33mWRN[0m [1mignoring uninitialized slice[0m [36mslice name=[0mVars [36mslice type=[0m[]frontend.Variable
[90m02:06:36[0m DBG verifier done [36mbackend=[0mgroth16 [36mcurve=[0mbn254 [36mtook=[0m0.851089
oracle=independent_row_171 checked=1101 circuit_derived=0
oracle_note=pose verdict 2, head saturation 0, logit sums [-2577, -11730, 8425, -4057, -15180, -3853, -5968, -3900, -2013, -202, -30749] match the audited parity vectors
oracle_note=typed context, typed root and uncropped commitment match row_oracle.py; coupling score numerator 21513530 (denominator 4) is circuit-derived
public_values_bytes=1101
public_values_sha256=4d5ad279bc327e76f4ae8ee708eebd9b36b58d9f3275c23981660c7a594b81a6
prove_elapsed_ms=750703
verify_and_tamper_elapsed_ms=366
host_peak_rss_kib=Some(113780)
proof_output=/home/c/Documents/BOSUN/scratch/joined_build_20260901/proofs_fleet_20260902/row_171_groth16.bin
proof_bytes=2794 proof_sha256=aad4dc3394f6449a2b7626664050f81e3b166fb543ebb9363c9d9b214b9e9003
verified_proof=true
proof_generated=true
