classification=CANDIDATE_ORDERED_MEMBERSHIP
mode=ceremony_groth16
prover=local_cuda_explicit
row=131
trapdoor_flag_expected=1
sp1_circuit_version=v6.1.0
cycle_limit=4400000000
raw_bytes=24472000 raw_sha256=777b5d7862297095bd98e2081bce5674c4ef96980455e8197d6f3f0ca72c14af
guest_elf_bytes=1171416 guest_elf_sha256=8bcadf5373742e92eb36535680e4b9f092c00fdcf9a8f7171678c49b170f11db
sp1_vkey=0x0019d16cfe911d943315c04235c792fcccc3e0759aa3095a941b8508178e0490
setup_elapsed_ms=22653
Setting environment variables took 13.251µs
Reading R1CS took 22.30045946s
Reading proving key took 4.310236478s
Reading witness file took 632.505µs
Deserializing JSON data took 25.397264ms
Generating witness took 883.178041ms
[90m01:02:20[0m DBG constraint system solver done [36mnbConstraints=[0m15972262 [36mtook=[0m5052.444438
[90m01:02:31[0m DBG prover done [36macceleration=[0mnone [36mbackend=[0mgroth16 [36mcurve=[0mbn254 [36mnbConstraints=[0m15972262 [36mtook=[0m10963.75435
Generating proof took 16.016478014s
[90m01:02:31[0m [33mWRN[0m [1mignoring uninitialized slice[0m [36mslice name=[0mVars [36mslice type=[0m[]frontend.Variable
[90m01:02:31[0m [33mWRN[0m [1mignoring uninitialized slice[0m [36mslice name=[0mVars [36mslice type=[0m[]frontend.Variable
[90m01:02:31[0m [33mWRN[0m [1mignoring uninitialized slice[0m [36mslice name=[0mVars [36mslice type=[0m[]frontend.Variable
[90m01:02:31[0m DBG verifier done [36mbackend=[0mgroth16 [36mcurve=[0mbn254 [36mtook=[0m0.843629
oracle=independent_row_131 checked=1101 circuit_derived=0
oracle_note=pose verdict 1, head saturation 0, logit sums [7688, 8446, 6023, -3710, -17321, 844, -21856, -655, -11023, -4342, -15469] match the audited parity vectors
oracle_note=typed context, typed root and uncropped commitment match row_oracle.py; coupling score numerator 65817974 (denominator 4) is circuit-derived
public_values_bytes=1101
public_values_sha256=ef966f636a9cc97d3a92a96ae385e1a507e7a1da0f4f76d2134d1c428bc131a4
prove_elapsed_ms=754002
verify_and_tamper_elapsed_ms=364
host_peak_rss_kib=Some(113760)
proof_output=/home/c/Documents/BOSUN/scratch/joined_build_20260901/proofs_fleet_20260902/row_131_groth16.bin
proof_bytes=2794 proof_sha256=086c0267eda704f98b72487ad64d3e7f58b8d028fae46ea7c54938c4a349a132
verified_proof=true
proof_generated=true
