classification=CANDIDATE_ORDERED_MEMBERSHIP
mode=ceremony_groth16
prover=local_cuda_explicit
row=65
trapdoor_flag_expected=1
sp1_circuit_version=v6.1.0
cycle_limit=4400000000
raw_bytes=24472000 raw_sha256=3db99e8625a6f7dfb12ed68ef7cca4172d1961579482224a2663ac90ac5c74a7
guest_elf_bytes=1171416 guest_elf_sha256=8bcadf5373742e92eb36535680e4b9f092c00fdcf9a8f7171678c49b170f11db
sp1_vkey=0x0019d16cfe911d943315c04235c792fcccc3e0759aa3095a941b8508178e0490
setup_elapsed_ms=22618
Setting environment variables took 12.889µs
Reading R1CS took 22.468426059s
Reading proving key took 4.285554215s
Reading witness file took 747.176µs
Deserializing JSON data took 25.633582ms
Generating witness took 978.880859ms
[90m22:57:29[0m DBG constraint system solver done [36mnbConstraints=[0m15972262 [36mtook=[0m4948.266051
[90m22:57:40[0m DBG prover done [36macceleration=[0mnone [36mbackend=[0mgroth16 [36mcurve=[0mbn254 [36mnbConstraints=[0m15972262 [36mtook=[0m10809.063983
Generating proof took 15.757623361s
[90m22:57:40[0m [33mWRN[0m [1mignoring uninitialized slice[0m [36mslice name=[0mVars [36mslice type=[0m[]frontend.Variable
[90m22:57:40[0m [33mWRN[0m [1mignoring uninitialized slice[0m [36mslice name=[0mVars [36mslice type=[0m[]frontend.Variable
[90m22:57:40[0m [33mWRN[0m [1mignoring uninitialized slice[0m [36mslice name=[0mVars [36mslice type=[0m[]frontend.Variable
[90m22:57:40[0m DBG verifier done [36mbackend=[0mgroth16 [36mcurve=[0mbn254 [36mtook=[0m0.827637
oracle=independent_row_65 checked=1101 circuit_derived=0
oracle_note=pose verdict 0, head saturation 0, logit sums [14993, 10559, 2653, -4254, -10059, -4210, -35394, -7590, -24800, -2275, 6679] match the audited parity vectors
oracle_note=typed context, typed root and uncropped commitment match row_oracle.py; coupling score numerator 45007150 (denominator 4) is circuit-derived
public_values_bytes=1101
public_values_sha256=d2fd53890a8d74041e259d00098701387bc0ae4f6243ca03e4ba53c9bb160e72
prove_elapsed_ms=749398
verify_and_tamper_elapsed_ms=363
host_peak_rss_kib=Some(114240)
proof_output=/home/c/Documents/BOSUN/scratch/joined_build_20260901/proofs_fleet_20260902/row_065_groth16.bin
proof_bytes=2794 proof_sha256=65ef449c9c6e65383a64acd366b3644fea85c525d029129cae73e64a57659835
verified_proof=true
proof_generated=true
