classification=CANDIDATE_ORDERED_MEMBERSHIP
mode=ceremony_groth16
prover=local_cuda_explicit
row=133
trapdoor_flag_expected=1
sp1_circuit_version=v6.1.0
cycle_limit=4400000000
raw_bytes=24472000 raw_sha256=bdd7917f48226291ae41e72299bb4dec3d9622cde5c79486b8e2abd6ee602c2e
guest_elf_bytes=1171416 guest_elf_sha256=8bcadf5373742e92eb36535680e4b9f092c00fdcf9a8f7171678c49b170f11db
sp1_vkey=0x0019d16cfe911d943315c04235c792fcccc3e0759aa3095a941b8508178e0490
setup_elapsed_ms=22503
Setting environment variables took 118.853µs
Reading R1CS took 22.617586257s
Reading proving key took 4.297250877s
Reading witness file took 600.545µs
Deserializing JSON data took 24.961061ms
Generating witness took 886.255438ms
[90m00:49:22[0m DBG constraint system solver done [36mnbConstraints=[0m15972262 [36mtook=[0m4991.759806
[90m00:49:33[0m DBG prover done [36macceleration=[0mnone [36mbackend=[0mgroth16 [36mcurve=[0mbn254 [36mnbConstraints=[0m15972262 [36mtook=[0m10944.319416
Generating proof took 15.936377059s
[90m00:49:33[0m [33mWRN[0m [1mignoring uninitialized slice[0m [36mslice name=[0mVars [36mslice type=[0m[]frontend.Variable
[90m00:49:33[0m [33mWRN[0m [1mignoring uninitialized slice[0m [36mslice name=[0mVars [36mslice type=[0m[]frontend.Variable
[90m00:49:33[0m [33mWRN[0m [1mignoring uninitialized slice[0m [36mslice name=[0mVars [36mslice type=[0m[]frontend.Variable
[90m00:49:33[0m DBG verifier done [36mbackend=[0mgroth16 [36mcurve=[0mbn254 [36mtook=[0m0.83945
oracle=independent_row_133 checked=1101 circuit_derived=0
oracle_note=pose verdict 1, head saturation 0, logit sums [8763, 9460, 581, 2293, -11676, -1028, -23313, -6154, -13919, -7604, -13424] match the audited parity vectors
oracle_note=typed context, typed root and uncropped commitment match row_oracle.py; coupling score numerator 49637915 (denominator 4) is circuit-derived
public_values_bytes=1101
public_values_sha256=e4e11c2cadf4e912b9b7c79d70a35ed0c1cb1c84d6ebde984243db27273a0d7d
prove_elapsed_ms=742018
verify_and_tamper_elapsed_ms=364
host_peak_rss_kib=Some(113760)
proof_output=/home/c/Documents/BOSUN/scratch/joined_build_20260901/proofs_fleet_20260902/row_133_groth16.bin
proof_bytes=2794 proof_sha256=8ea23ad63c7fd2d2634d42c265f7a73574af85fcc00042c36a2ec7ddc04f4115
verified_proof=true
proof_generated=true
