classification=CANDIDATE_ORDERED_MEMBERSHIP
mode=ceremony_groth16
prover=local_cuda_explicit
row=51
trapdoor_flag_expected=1
sp1_circuit_version=v6.1.0
cycle_limit=4400000000
raw_bytes=24472000 raw_sha256=6b9fd2ef6eff2fd1772c00da5abea6cd6129ef4081c51f706f824a346ef56618
guest_elf_bytes=1171416 guest_elf_sha256=8bcadf5373742e92eb36535680e4b9f092c00fdcf9a8f7171678c49b170f11db
sp1_vkey=0x0019d16cfe911d943315c04235c792fcccc3e0759aa3095a941b8508178e0490
setup_elapsed_ms=22516
Setting environment variables took 114.634µs
Reading R1CS took 22.228948067s
Reading proving key took 4.303297499s
Reading witness file took 586.625µs
Deserializing JSON data took 25.016012ms
Generating witness took 1.005100307s
[90m22:19:23[0m DBG constraint system solver done [36mnbConstraints=[0m15972262 [36mtook=[0m5053.553129
[90m22:19:34[0m DBG prover done [36macceleration=[0mnone [36mbackend=[0mgroth16 [36mcurve=[0mbn254 [36mnbConstraints=[0m15972262 [36mtook=[0m11273.754954
Generating proof took 16.327534949s
[90m22:19:34[0m [33mWRN[0m [1mignoring uninitialized slice[0m [36mslice name=[0mVars [36mslice type=[0m[]frontend.Variable
[90m22:19:34[0m [33mWRN[0m [1mignoring uninitialized slice[0m [36mslice name=[0mVars [36mslice type=[0m[]frontend.Variable
[90m22:19:34[0m [33mWRN[0m [1mignoring uninitialized slice[0m [36mslice name=[0mVars [36mslice type=[0m[]frontend.Variable
[90m22:19:34[0m DBG verifier done [36mbackend=[0mgroth16 [36mcurve=[0mbn254 [36mtook=[0m0.81564
oracle=independent_row_51 checked=1101 circuit_derived=0
oracle_note=pose verdict 0, head saturation 0, logit sums [4327, -6839, -8190, 3832, 3031, -786, -28503, -21270, -20022, -2978, -2286] match the audited parity vectors
oracle_note=typed context, typed root and uncropped commitment match row_oracle.py; coupling score numerator 56314545 (denominator 4) is circuit-derived
public_values_bytes=1101
public_values_sha256=2305dd8f4afce1ef6371930480cc696c04a31deec3e702b9453d4cdd383c0b6d
prove_elapsed_ms=743431
verify_and_tamper_elapsed_ms=364
host_peak_rss_kib=Some(113760)
proof_output=/home/c/Documents/BOSUN/scratch/joined_build_20260901/proofs_fleet_20260902/row_051_groth16.bin
proof_bytes=2794 proof_sha256=dc0495d1bddf7052c23418f9926c77be734f1cd14ef8fd44626f3e4aec1bc96e
verified_proof=true
proof_generated=true
