classification=CANDIDATE_ORDERED_MEMBERSHIP
mode=ceremony_groth16
prover=local_cuda_explicit
row=76
trapdoor_flag_expected=1
sp1_circuit_version=v6.1.0
cycle_limit=4400000000
raw_bytes=24472000 raw_sha256=18f36f91e91c2a367de106620bc349bc3aee1262175b1848fc0691a59e6252fe
guest_elf_bytes=1171416 guest_elf_sha256=8bcadf5373742e92eb36535680e4b9f092c00fdcf9a8f7171678c49b170f11db
sp1_vkey=0x0019d16cfe911d943315c04235c792fcccc3e0759aa3095a941b8508178e0490
setup_elapsed_ms=22722
Setting environment variables took 13.761µs
Reading R1CS took 21.929141073s
Reading proving key took 4.29808651s
Reading witness file took 593.575µs
Deserializing JSON data took 24.980122ms
Generating witness took 808.648949ms
[90m22:57:45[0m DBG constraint system solver done [36mnbConstraints=[0m15972262 [36mtook=[0m5019.90177
[90m22:57:56[0m DBG prover done [36macceleration=[0mnone [36mbackend=[0mgroth16 [36mcurve=[0mbn254 [36mnbConstraints=[0m15972262 [36mtook=[0m10874.310946
Generating proof took 15.8944419s
[90m22:57:56[0m [33mWRN[0m [1mignoring uninitialized slice[0m [36mslice name=[0mVars [36mslice type=[0m[]frontend.Variable
[90m22:57:56[0m [33mWRN[0m [1mignoring uninitialized slice[0m [36mslice name=[0mVars [36mslice type=[0m[]frontend.Variable
[90m22:57:56[0m [33mWRN[0m [1mignoring uninitialized slice[0m [36mslice name=[0mVars [36mslice type=[0m[]frontend.Variable
[90m22:57:56[0m DBG verifier done [36mbackend=[0mgroth16 [36mcurve=[0mbn254 [36mtook=[0m0.950322
oracle=independent_row_76 checked=1101 circuit_derived=0
oracle_note=pose verdict 0, head saturation 0, logit sums [12516, 2798, 5513, -1738, -10728, -8248, -24127, -8032, -17369, -221, -6059] match the audited parity vectors
oracle_note=typed context, typed root and uncropped commitment match row_oracle.py; coupling score numerator 51318158 (denominator 4) is circuit-derived
public_values_bytes=1101
public_values_sha256=8bbf2a1f97769b5b0aaee87e716767bce9e75127569cd9b53ff2545e20c4ea30
prove_elapsed_ms=728423
verify_and_tamper_elapsed_ms=365
host_peak_rss_kib=Some(113780)
proof_output=/home/c/Documents/BOSUN/scratch/joined_build_20260901/proofs_fleet_20260902/row_076_groth16.bin
proof_bytes=2794 proof_sha256=ea4e0d7d1a239b3811e3fdcbeaa1d607fb9ac014e1e2a056d03a20db3e01944e
verified_proof=true
proof_generated=true
