classification=CANDIDATE_ORDERED_MEMBERSHIP
mode=ceremony_groth16
prover=local_cuda_explicit
row=237
trapdoor_flag_expected=1
sp1_circuit_version=v6.1.0
cycle_limit=4400000000
raw_bytes=24472000 raw_sha256=fcf158d3794699db55e22a5d2fa177d3b79e43a408c1956bc6cb80af2f0a6b3a
guest_elf_bytes=1171416 guest_elf_sha256=8bcadf5373742e92eb36535680e4b9f092c00fdcf9a8f7171678c49b170f11db
sp1_vkey=0x0019d16cfe911d943315c04235c792fcccc3e0759aa3095a941b8508178e0490
setup_elapsed_ms=22754
Setting environment variables took 13.781µs
Reading R1CS took 22.030960735s
Reading proving key took 4.285467216s
Reading witness file took 597.235µs
Deserializing JSON data took 25.323318ms
Generating witness took 968.90163ms
[90m03:36:08[0m DBG constraint system solver done [36mnbConstraints=[0m15972262 [36mtook=[0m5115.411638
[90m03:36:19[0m DBG prover done [36macceleration=[0mnone [36mbackend=[0mgroth16 [36mcurve=[0mbn254 [36mnbConstraints=[0m15972262 [36mtook=[0m11381.749925
Generating proof took 16.497429429s
[90m03:36:19[0m [33mWRN[0m [1mignoring uninitialized slice[0m [36mslice name=[0mVars [36mslice type=[0m[]frontend.Variable
[90m03:36:19[0m [33mWRN[0m [1mignoring uninitialized slice[0m [36mslice name=[0mVars [36mslice type=[0m[]frontend.Variable
[90m03:36:19[0m [33mWRN[0m [1mignoring uninitialized slice[0m [36mslice name=[0mVars [36mslice type=[0m[]frontend.Variable
[90m03:36:19[0m DBG verifier done [36mbackend=[0mgroth16 [36mcurve=[0mbn254 [36mtook=[0m0.890212
oracle=independent_row_237 checked=1101 circuit_derived=0
oracle_note=pose verdict 3, head saturation 0, logit sums [-7437, -19468, -8272, 13808, -3848, -4238, 4562, -11373, 5527, -456, -44931] match the audited parity vectors
oracle_note=typed context, typed root and uncropped commitment match row_oracle.py; coupling score numerator 28344224 (denominator 4) is circuit-derived
public_values_bytes=1101
public_values_sha256=777e2103d3dff89076f0beb9ab1cefdddf850f6e51f1dc4eaa908973ec5f9467
prove_elapsed_ms=762470
verify_and_tamper_elapsed_ms=365
host_peak_rss_kib=Some(113760)
proof_output=/home/c/Documents/BOSUN/scratch/joined_build_20260901/proofs_fleet_20260902/row_237_groth16.bin
proof_bytes=2795 proof_sha256=e83ce1ec486b8eadcecd2f776257964c5a7370f130bd7dbe79b333ffaa820710
verified_proof=true
proof_generated=true
