classification=CANDIDATE_ORDERED_MEMBERSHIP
mode=ceremony_groth16
prover=local_cuda_explicit
row=35
trapdoor_flag_expected=1
sp1_circuit_version=v6.1.0
cycle_limit=4400000000
raw_bytes=24472000 raw_sha256=2538f5aac8ce0b9fab7531cd2cc9820edd366b5733ee6dba0738bd3368b37954
guest_elf_bytes=1171416 guest_elf_sha256=8bcadf5373742e92eb36535680e4b9f092c00fdcf9a8f7171678c49b170f11db
sp1_vkey=0x0019d16cfe911d943315c04235c792fcccc3e0759aa3095a941b8508178e0490
setup_elapsed_ms=22468
Setting environment variables took 13.97µs
Reading R1CS took 21.986672681s
Reading proving key took 4.330025778s
Reading witness file took 589.545µs
Deserializing JSON data took 25.37692ms
Generating witness took 826.314341ms
[90m21:54:04[0m DBG constraint system solver done [36mnbConstraints=[0m15972262 [36mtook=[0m5046.534581
[90m21:54:15[0m DBG prover done [36macceleration=[0mnone [36mbackend=[0mgroth16 [36mcurve=[0mbn254 [36mnbConstraints=[0m15972262 [36mtook=[0m11022.71834
Generating proof took 16.06955745s
[90m21:54:15[0m [33mWRN[0m [1mignoring uninitialized slice[0m [36mslice name=[0mVars [36mslice type=[0m[]frontend.Variable
[90m21:54:15[0m [33mWRN[0m [1mignoring uninitialized slice[0m [36mslice name=[0mVars [36mslice type=[0m[]frontend.Variable
[90m21:54:15[0m [33mWRN[0m [1mignoring uninitialized slice[0m [36mslice name=[0mVars [36mslice type=[0m[]frontend.Variable
[90m21:54:15[0m DBG verifier done [36mbackend=[0mgroth16 [36mcurve=[0mbn254 [36mtook=[0m0.886392
oracle=independent_row_35 checked=1101 circuit_derived=0
oracle_note=pose verdict 4, head saturation 0, logit sums [-8986, -30637, -19597, 9351, 19016, -2020, -35405, -38482, -19310, 5312, 2500] match the audited parity vectors
oracle_note=typed context, typed root and uncropped commitment match row_oracle.py; coupling score numerator 42111633 (denominator 4) is circuit-derived
public_values_bytes=1101
public_values_sha256=232bfc5583c3d72cd755de560b50a89c0444d8dede31e1dbba2433a8d72e4a13
prove_elapsed_ms=737843
verify_and_tamper_elapsed_ms=364
host_peak_rss_kib=Some(114000)
proof_output=/home/c/Documents/BOSUN/scratch/joined_build_20260901/proofs_fleet_20260902/row_035_groth16.bin
proof_bytes=2794 proof_sha256=b0e3be77dd536c658a953253ddc4b9ee4a4423cdd290299eea240db34e37612e
verified_proof=true
proof_generated=true
