classification=CANDIDATE_ORDERED_MEMBERSHIP
mode=ceremony_groth16
prover=local_cuda_explicit
row=67
trapdoor_flag_expected=1
sp1_circuit_version=v6.1.0
cycle_limit=4400000000
raw_bytes=24472000 raw_sha256=444585d0091c82346450882659d45edb094a528873f36beba9301d2d08651eb0
guest_elf_bytes=1171416 guest_elf_sha256=8bcadf5373742e92eb36535680e4b9f092c00fdcf9a8f7171678c49b170f11db
sp1_vkey=0x0019d16cfe911d943315c04235c792fcccc3e0759aa3095a941b8508178e0490
setup_elapsed_ms=22499
Setting environment variables took 14.56µs
Reading R1CS took 21.764559651s
Reading proving key took 4.308907208s
Reading witness file took 599.745µs
Deserializing JSON data took 24.992982ms
Generating witness took 772.378252ms
[90m22:45:12[0m DBG constraint system solver done [36mnbConstraints=[0m15972262 [36mtook=[0m5003.583507
[90m22:45:23[0m DBG prover done [36macceleration=[0mnone [36mbackend=[0mgroth16 [36mcurve=[0mbn254 [36mnbConstraints=[0m15972262 [36mtook=[0m10883.641225
Generating proof took 15.887498749s
[90m22:45:23[0m [33mWRN[0m [1mignoring uninitialized slice[0m [36mslice name=[0mVars [36mslice type=[0m[]frontend.Variable
[90m22:45:23[0m [33mWRN[0m [1mignoring uninitialized slice[0m [36mslice name=[0mVars [36mslice type=[0m[]frontend.Variable
[90m22:45:23[0m [33mWRN[0m [1mignoring uninitialized slice[0m [36mslice name=[0mVars [36mslice type=[0m[]frontend.Variable
[90m22:45:23[0m DBG verifier done [36mbackend=[0mgroth16 [36mcurve=[0mbn254 [36mtook=[0m0.853191
oracle=independent_row_67 checked=1101 circuit_derived=0
oracle_note=pose verdict 0, head saturation 0, logit sums [12484, 3027, 6233, -2972, -13060, -6492, -25616, -8239, -15630, 792, -6636] match the audited parity vectors
oracle_note=typed context, typed root and uncropped commitment match row_oracle.py; coupling score numerator 45644867 (denominator 4) is circuit-derived
public_values_bytes=1101
public_values_sha256=08905b0fb7582ac21f181687aab39ae4bdd58712862520f94d7e89b800fa4ef5
prove_elapsed_ms=744163
verify_and_tamper_elapsed_ms=363
host_peak_rss_kib=Some(113780)
proof_output=/home/c/Documents/BOSUN/scratch/joined_build_20260901/proofs_fleet_20260902/row_067_groth16.bin
proof_bytes=2794 proof_sha256=341ed5f4ba489451592d66ee3a012ce3d8c2fdf895337aa53539a5fc54d12632
verified_proof=true
proof_generated=true
