classification=CANDIDATE_ORDERED_MEMBERSHIP
mode=ceremony_groth16
prover=local_cuda_explicit
row=165
trapdoor_flag_expected=1
sp1_circuit_version=v6.1.0
cycle_limit=4400000000
raw_bytes=24472000 raw_sha256=963c5057f023d049ad47b71eec9d76a4901f20d54a20758b5f01ea8e1dc6ac03
guest_elf_bytes=1171416 guest_elf_sha256=8bcadf5373742e92eb36535680e4b9f092c00fdcf9a8f7171678c49b170f11db
sp1_vkey=0x0019d16cfe911d943315c04235c792fcccc3e0759aa3095a941b8508178e0490
setup_elapsed_ms=22560
Setting environment variables took 96.202µs
Reading R1CS took 21.756672718s
Reading proving key took 4.295425416s
Reading witness file took 614.115µs
Deserializing JSON data took 25.012502ms
Generating witness took 909.831203ms
[90m01:40:25[0m DBG constraint system solver done [36mnbConstraints=[0m15972262 [36mtook=[0m5020.749751
[90m01:40:37[0m DBG prover done [36macceleration=[0mnone [36mbackend=[0mgroth16 [36mcurve=[0mbn254 [36mnbConstraints=[0m15972262 [36mtook=[0m11230.145591
Generating proof took 16.25116936s
[90m01:40:37[0m [33mWRN[0m [1mignoring uninitialized slice[0m [36mslice name=[0mVars [36mslice type=[0m[]frontend.Variable
[90m01:40:37[0m [33mWRN[0m [1mignoring uninitialized slice[0m [36mslice name=[0mVars [36mslice type=[0m[]frontend.Variable
[90m01:40:37[0m [33mWRN[0m [1mignoring uninitialized slice[0m [36mslice name=[0mVars [36mslice type=[0m[]frontend.Variable
[90m01:40:37[0m DBG verifier done [36mbackend=[0mgroth16 [36mcurve=[0mbn254 [36mtook=[0m0.82887
oracle=independent_row_165 checked=1101 circuit_derived=0
oracle_note=pose verdict 2, head saturation 0, logit sums [-605, -1231, 11792, -4870, -19231, -6445, -8594, 5775, -2525, 377, -26187] match the audited parity vectors
oracle_note=typed context, typed root and uncropped commitment match row_oracle.py; coupling score numerator 63155936 (denominator 4) is circuit-derived
public_values_bytes=1101
public_values_sha256=f81b826b0b048d1356b9ed159a188f69ba6005e69da35fffafd55ab37ddbdef6
prove_elapsed_ms=752291
verify_and_tamper_elapsed_ms=367
host_peak_rss_kib=Some(113780)
proof_output=/home/c/Documents/BOSUN/scratch/joined_build_20260901/proofs_fleet_20260902/row_165_groth16.bin
proof_bytes=2795 proof_sha256=60460e35cae902961f64d48ed9e21d049919f9de12d0d353f4338a0887b419fd
verified_proof=true
proof_generated=true
