classification=CANDIDATE_ORDERED_MEMBERSHIP
mode=ceremony_groth16
prover=local_cuda_explicit
row=181
trapdoor_flag_expected=1
sp1_circuit_version=v6.1.0
cycle_limit=4400000000
raw_bytes=24472000 raw_sha256=e7040dc10fbfcffeb42cf9e6ce296a4fa414da6a090ea3195ec6c7479abb420d
guest_elf_bytes=1171416 guest_elf_sha256=8bcadf5373742e92eb36535680e4b9f092c00fdcf9a8f7171678c49b170f11db
sp1_vkey=0x0019d16cfe911d943315c04235c792fcccc3e0759aa3095a941b8508178e0490
setup_elapsed_ms=22630
Setting environment variables took 14.101µs
Reading R1CS took 22.78181749s
Reading proving key took 4.29086815s
Reading witness file took 583.184µs
Deserializing JSON data took 24.945818ms
Generating witness took 860.166967ms
[90m02:05:57[0m DBG constraint system solver done [36mnbConstraints=[0m15972262 [36mtook=[0m4995.046964
[90m02:06:08[0m DBG prover done [36macceleration=[0mnone [36mbackend=[0mgroth16 [36mcurve=[0mbn254 [36mnbConstraints=[0m15972262 [36mtook=[0m11010.010573
Generating proof took 16.005350225s
[90m02:06:08[0m [33mWRN[0m [1mignoring uninitialized slice[0m [36mslice name=[0mVars [36mslice type=[0m[]frontend.Variable
[90m02:06:08[0m [33mWRN[0m [1mignoring uninitialized slice[0m [36mslice name=[0mVars [36mslice type=[0m[]frontend.Variable
[90m02:06:08[0m [33mWRN[0m [1mignoring uninitialized slice[0m [36mslice name=[0mVars [36mslice type=[0m[]frontend.Variable
[90m02:06:08[0m DBG verifier done [36mbackend=[0mgroth16 [36mcurve=[0mbn254 [36mtook=[0m0.80652
oracle=independent_row_181 checked=1101 circuit_derived=0
oracle_note=pose verdict 2, head saturation 0, logit sums [-845, -3315, 8368, -3606, -19409, -792, -11432, 2885, -838, -35, -31931] match the audited parity vectors
oracle_note=typed context, typed root and uncropped commitment match row_oracle.py; coupling score numerator 60079193 (denominator 4) is circuit-derived
public_values_bytes=1101
public_values_sha256=cb8fe42e8e4305990e3f98ffcb5b308ae04da080ada6ad5cf7d6ed63ff02b41b
prove_elapsed_ms=732293
verify_and_tamper_elapsed_ms=364
host_peak_rss_kib=Some(114240)
proof_output=/home/c/Documents/BOSUN/scratch/joined_build_20260901/proofs_fleet_20260902/row_181_groth16.bin
proof_bytes=2794 proof_sha256=fc2845c2e26bda072a2a347f5fa25fff332fded02968227cf12fdf793cfc1300
verified_proof=true
proof_generated=true
