classification=CANDIDATE_ORDERED_MEMBERSHIP
mode=ceremony_groth16
prover=local_cuda_explicit
row=253
trapdoor_flag_expected=1
sp1_circuit_version=v6.1.0
cycle_limit=4400000000
raw_bytes=24472000 raw_sha256=4ea4fb8c437ad9991ded3bf1d8243b8d85ae19e0857c72c1a054e38c689aabc2
guest_elf_bytes=1171416 guest_elf_sha256=8bcadf5373742e92eb36535680e4b9f092c00fdcf9a8f7171678c49b170f11db
sp1_vkey=0x0019d16cfe911d943315c04235c792fcccc3e0759aa3095a941b8508178e0490
setup_elapsed_ms=22810
Setting environment variables took 13.619µs
Reading R1CS took 22.390409034s
Reading proving key took 4.333636297s
Reading witness file took 772.01µs
Deserializing JSON data took 25.576265ms
Generating witness took 931.957658ms
[90m04:01:47[0m DBG constraint system solver done [36mnbConstraints=[0m15972262 [36mtook=[0m5080.719152
[90m04:01:58[0m DBG prover done [36macceleration=[0mnone [36mbackend=[0mgroth16 [36mcurve=[0mbn254 [36mnbConstraints=[0m15972262 [36mtook=[0m10958.940262
Generating proof took 16.039931429s
[90m04:01:58[0m [33mWRN[0m [1mignoring uninitialized slice[0m [36mslice name=[0mVars [36mslice type=[0m[]frontend.Variable
[90m04:01:58[0m [33mWRN[0m [1mignoring uninitialized slice[0m [36mslice name=[0mVars [36mslice type=[0m[]frontend.Variable
[90m04:01:58[0m [33mWRN[0m [1mignoring uninitialized slice[0m [36mslice name=[0mVars [36mslice type=[0m[]frontend.Variable
[90m04:01:58[0m DBG verifier done [36mbackend=[0mgroth16 [36mcurve=[0mbn254 [36mtook=[0m0.901262
oracle=independent_row_253 checked=1101 circuit_derived=0
oracle_note=pose verdict 3, head saturation 0, logit sums [-892, -7006, -4747, 10717, -9922, -2135, -4611, -13752, 326, -5451, -33878] match the audited parity vectors
oracle_note=typed context, typed root and uncropped commitment match row_oracle.py; coupling score numerator 45164320 (denominator 4) is circuit-derived
public_values_bytes=1101
public_values_sha256=eeb0ab9e274803c2e125304c2f48675a76c1e282f2d6ebc5ac99495a84dd5448
prove_elapsed_ms=743818
verify_and_tamper_elapsed_ms=368
host_peak_rss_kib=Some(114000)
proof_output=/home/c/Documents/BOSUN/scratch/joined_build_20260901/proofs_fleet_20260902/row_253_groth16.bin
proof_bytes=2794 proof_sha256=6ab17bc92357d83fdff279b906dee4f5d634f1381a5df0645ed4b87b21123427
verified_proof=true
proof_generated=true
