Running sp1-gpu-server 6.4.0 with device 0

thread 'main' (42440) panicked at /home/ubuntu/.cargo/registry/src/index.crates.io-1949cf8c6b5b557f/sp1-cuda-6.4.0/src/pk.rs:63:9:
there is no reactor running, must be called from the context of a Tokio 1.x runtime
note: run with `RUST_BACKTRACE=1` environment variable to display a backtrace

thread 'main' (42440) panicked at /home/ubuntu/.cargo/registry/src/index.crates.io-1949cf8c6b5b557f/sp1-cuda-6.4.0/src/client.rs:221:9:
there is no reactor running, must be called from the context of a Tokio 1.x runtime
stack backtrace:
   0:     0x567b3801d381 - <<std[5167731717db2e51]::sys::backtrace::BacktraceLock>::print::DisplayBacktrace as core[8c5ac2f034688f9a]::fmt::Display>::fmt
   1:     0x567b3803925a - core[8c5ac2f034688f9a]::fmt::write
   2:     0x567b38025cfc - <std[5167731717db2e51]::sys::stdio::unix::Stderr as std[5167731717db2e51]::io::Write>::write_fmt
   3:     0x567b37ff74d6 - std[5167731717db2e51]::panicking::default_hook::{closure#0}
   4:     0x567b38013821 - std[5167731717db2e51]::panicking::default_hook
   5:     0x567b38013b4b - std[5167731717db2e51]::panicking::panic_with_hook
   6:     0x567b37ff7582 - std[5167731717db2e51]::panicking::panic_handler::{closure#0}
   7:     0x567b37febd19 - std[5167731717db2e51]::sys::backtrace::__rust_end_short_backtrace::<std[5167731717db2e51]::panicking::panic_handler::{closure#0}, !>
   8:     0x567b37ff855d - __rustc[4b1ee1ef74718a7b]::rust_begin_unwind
   9:     0x567b38039a3c - core[8c5ac2f034688f9a]::panicking::panic_fmt
  10:     0x567b36fad362 - tokio[5c42c242f82622df]::task::spawn::spawn::<<sp1_cuda[b30e49432b27df26]::client::CudaClientInner as core[8c5ac2f034688f9a]::ops::drop::Drop>::drop::{closure#0}>
  11:     0x567b36fad6d9 - <alloc[93e694a8365d93dd]::sync::Arc<sp1_cuda[b30e49432b27df26]::client::CudaClientInner>>::drop_slow
  12:     0x567b36277543 - zeebeam_row_binding_membership_ceremony[52db13afadcc5d1b]::main
  13:     0x567b36296433 - std[5167731717db2e51]::sys::backtrace::__rust_begin_short_backtrace::<fn(), ()>
  14:     0x567b362945c9 - std[5167731717db2e51]::rt::lang_start::<()>::{closure#0}
  15:     0x567b380127e7 - std[5167731717db2e51]::rt::lang_start_internal
  16:     0x567b36279535 - main
  17:     0x7f567a029d90 - __libc_start_call_main
                               at ./csu/../sysdeps/nptl/libc_start_call_main.h:58:16
  18:     0x7f567a029e40 - __libc_start_main_impl
                               at ./csu/../csu/libc-start.c:392:3
  19:     0x567b3626a165 - _start
  20:                0x0 - <unknown>

thread 'main' (42440) panicked at /rustc/88d9e12ae178fab0fb5cc050a94da85685d449ea/library/core/src/panicking.rs:233:5:
panic in a destructor during cleanup
thread caused non-unwinding panic. aborting.
