classification=CANDIDATE_ORDERED_MEMBERSHIP
mode=ceremony_groth16
prover=local_cuda_explicit
row=205
trapdoor_flag_expected=1
sp1_circuit_version=v6.1.0
cycle_limit=4400000000
raw_bytes=24472000 raw_sha256=e92a5e9867f496d96e6cd1a5dea33e1241b6336a4fd118265d0abbaebfd86a01
guest_elf_bytes=1171416 guest_elf_sha256=8bcadf5373742e92eb36535680e4b9f092c00fdcf9a8f7171678c49b170f11db
sp1_vkey=0x0019d16cfe911d943315c04235c792fcccc3e0759aa3095a941b8508178e0490
setup_elapsed_ms=22764
Setting environment variables took 13.991µs
Reading R1CS took 21.807847967s
Reading proving key took 4.289249931s
Reading witness file took 608.105µs
Deserializing JSON data took 27.923863ms
Generating witness took 905.677156ms
[90m02:44:27[0m DBG constraint system solver done [36mnbConstraints=[0m15972262 [36mtook=[0m4990.173532
[90m02:44:38[0m DBG prover done [36macceleration=[0mnone [36mbackend=[0mgroth16 [36mcurve=[0mbn254 [36mnbConstraints=[0m15972262 [36mtook=[0m10864.228378
Generating proof took 15.854679837s
[90m02:44:38[0m [33mWRN[0m [1mignoring uninitialized slice[0m [36mslice name=[0mVars [36mslice type=[0m[]frontend.Variable
[90m02:44:38[0m [33mWRN[0m [1mignoring uninitialized slice[0m [36mslice name=[0mVars [36mslice type=[0m[]frontend.Variable
[90m02:44:38[0m [33mWRN[0m [1mignoring uninitialized slice[0m [36mslice name=[0mVars [36mslice type=[0m[]frontend.Variable
[90m02:44:38[0m DBG verifier done [36mbackend=[0mgroth16 [36mcurve=[0mbn254 [36mtook=[0m0.79763
oracle=independent_row_205 checked=1101 circuit_derived=0
oracle_note=pose verdict 2, head saturation 0, logit sums [-2267, -14934, 7589, -1533, -10040, -6298, -4091, -3493, -3863, 631, -32509] match the audited parity vectors
oracle_note=typed context, typed root and uncropped commitment match row_oracle.py; coupling score numerator 28849322 (denominator 4) is circuit-derived
public_values_bytes=1101
public_values_sha256=060b7b90c9a9ee7e06e1af4eb47021172e6c783de20fad29b697de6508895a97
prove_elapsed_ms=750669
verify_and_tamper_elapsed_ms=364
host_peak_rss_kib=Some(114000)
proof_output=/home/c/Documents/BOSUN/scratch/joined_build_20260901/proofs_fleet_20260902/row_205_groth16.bin
proof_bytes=2794 proof_sha256=b31bcc9da78624b8f3cd235278cbc6eb2ec1d54eb07cfd0768a7e3dd9b80eaa0
verified_proof=true
proof_generated=true
