classification=CANDIDATE_ORDERED_MEMBERSHIP
mode=ceremony_groth16
prover=local_cuda_explicit
row=117
trapdoor_flag_expected=1
sp1_circuit_version=v6.1.0
cycle_limit=4400000000
raw_bytes=24472000 raw_sha256=4beb3efd9ad14678aa01ca166bb18aeb02d7543ea636db7230a8e7c82a3156ae
guest_elf_bytes=1171416 guest_elf_sha256=8bcadf5373742e92eb36535680e4b9f092c00fdcf9a8f7171678c49b170f11db
sp1_vkey=0x0019d16cfe911d943315c04235c792fcccc3e0759aa3095a941b8508178e0490
setup_elapsed_ms=22494
Setting environment variables took 100.243µs
Reading R1CS took 22.093356318s
Reading proving key took 4.296531401s
Reading witness file took 594.295µs
Deserializing JSON data took 25.250008ms
Generating witness took 852.272619ms
[90m00:23:53[0m DBG constraint system solver done [36mnbConstraints=[0m15972262 [36mtook=[0m4997.964706
[90m00:24:04[0m DBG prover done [36macceleration=[0mnone [36mbackend=[0mgroth16 [36mcurve=[0mbn254 [36mnbConstraints=[0m15972262 [36mtook=[0m10919.605356
Generating proof took 15.91790714s
[90m00:24:04[0m [33mWRN[0m [1mignoring uninitialized slice[0m [36mslice name=[0mVars [36mslice type=[0m[]frontend.Variable
[90m00:24:04[0m [33mWRN[0m [1mignoring uninitialized slice[0m [36mslice name=[0mVars [36mslice type=[0m[]frontend.Variable
[90m00:24:04[0m [33mWRN[0m [1mignoring uninitialized slice[0m [36mslice name=[0mVars [36mslice type=[0m[]frontend.Variable
[90m00:24:04[0m DBG verifier done [36mbackend=[0mgroth16 [36mcurve=[0mbn254 [36mtook=[0m0.843831
oracle=independent_row_117 checked=1101 circuit_derived=0
oracle_note=pose verdict 1, head saturation 0, logit sums [10647, 18759, 7944, -8078, -19514, 2031, -30941, 6614, -20083, -6911, -4435] match the audited parity vectors
oracle_note=typed context, typed root and uncropped commitment match row_oracle.py; coupling score numerator 49850086 (denominator 4) is circuit-derived
public_values_bytes=1101
public_values_sha256=5452744b5dc7005a03202661c3cc69199a77679abb1d12210869d452d8596cdc
prove_elapsed_ms=747413
verify_and_tamper_elapsed_ms=363
host_peak_rss_kib=Some(114260)
proof_output=/home/c/Documents/BOSUN/scratch/joined_build_20260901/proofs_fleet_20260902/row_117_groth16.bin
proof_bytes=2794 proof_sha256=c1d4af6675ffc87af3c006ccba6725ab752389337d777f260e4c7715f046a370
verified_proof=true
proof_generated=true
