classification=CANDIDATE_ORDERED_MEMBERSHIP
mode=ceremony_groth16
prover=local_cuda_explicit
row=109
trapdoor_flag_expected=1
sp1_circuit_version=v6.1.0
cycle_limit=4400000000
raw_bytes=24472000 raw_sha256=68b1ee74c3843b45862b1436e11f8d31b6340c51abbdfb784cd27197cd035a5f
guest_elf_bytes=1171416 guest_elf_sha256=8bcadf5373742e92eb36535680e4b9f092c00fdcf9a8f7171678c49b170f11db
sp1_vkey=0x0019d16cfe911d943315c04235c792fcccc3e0759aa3095a941b8508178e0490
setup_elapsed_ms=20909
Setting environment variables took 88.392µs
Reading R1CS took 21.973992113s
Reading proving key took 4.273439395s
Reading witness file took 587.265µs
Deserializing JSON data took 25.050573ms
Generating witness took 924.382333ms
[90m00:11:01[0m DBG constraint system solver done [36mnbConstraints=[0m15972262 [36mtook=[0m5075.589228
[90m00:11:12[0m DBG prover done [36macceleration=[0mnone [36mbackend=[0mgroth16 [36mcurve=[0mbn254 [36mnbConstraints=[0m15972262 [36mtook=[0m10872.728652
Generating proof took 15.948649759s
[90m00:11:12[0m [33mWRN[0m [1mignoring uninitialized slice[0m [36mslice name=[0mVars [36mslice type=[0m[]frontend.Variable
[90m00:11:12[0m [33mWRN[0m [1mignoring uninitialized slice[0m [36mslice name=[0mVars [36mslice type=[0m[]frontend.Variable
[90m00:11:12[0m [33mWRN[0m [1mignoring uninitialized slice[0m [36mslice name=[0mVars [36mslice type=[0m[]frontend.Variable
[90m00:11:12[0m DBG verifier done [36mbackend=[0mgroth16 [36mcurve=[0mbn254 [36mtook=[0m0.862221
oracle=independent_row_109 checked=1101 circuit_derived=0
oracle_note=pose verdict 1, head saturation 0, logit sums [8933, 10915, 5438, -3009, -14220, -2633, -20690, -2604, -16205, -7288, -10185] match the audited parity vectors
oracle_note=typed context, typed root and uncropped commitment match row_oracle.py; coupling score numerator 59898651 (denominator 4) is circuit-derived
public_values_bytes=1101
public_values_sha256=93e890e3173eae84a5182df5296e9b0474af43c54bf3f05395fa7b8f17e43c0b
prove_elapsed_ms=756186
verify_and_tamper_elapsed_ms=364
host_peak_rss_kib=Some(113760)
proof_output=/home/c/Documents/BOSUN/scratch/joined_build_20260901/proofs_fleet_20260902/row_109_groth16.bin
proof_bytes=2794 proof_sha256=2238544c20eceff4de04d69ad8a055da6401d223adef949f955e300fe44c809d
verified_proof=true
proof_generated=true
