classification=CANDIDATE_ORDERED_MEMBERSHIP
mode=ceremony_groth16
prover=local_cuda_explicit
row=59
trapdoor_flag_expected=1
sp1_circuit_version=v6.1.0
cycle_limit=4400000000
raw_bytes=24472000 raw_sha256=38bd307c56f0630eab989484d8364e322f72c79ad6476716373b3fc4d8b619ec
guest_elf_bytes=1171416 guest_elf_sha256=8bcadf5373742e92eb36535680e4b9f092c00fdcf9a8f7171678c49b170f11db
sp1_vkey=0x0019d16cfe911d943315c04235c792fcccc3e0759aa3095a941b8508178e0490
setup_elapsed_ms=22587
Setting environment variables took 14.339µs
Reading R1CS took 22.002551481s
Reading proving key took 3.41808686s
Reading witness file took 592.375µs
Deserializing JSON data took 25.030822ms
Generating witness took 893.449242ms
[90m22:32:24[0m DBG constraint system solver done [36mnbConstraints=[0m15972262 [36mtook=[0m5624.950773
[90m22:32:35[0m DBG prover done [36macceleration=[0mnone [36mbackend=[0mgroth16 [36mcurve=[0mbn254 [36mnbConstraints=[0m15972262 [36mtook=[0m11090.376187
Generating proof took 16.715607076s
[90m22:32:35[0m [33mWRN[0m [1mignoring uninitialized slice[0m [36mslice name=[0mVars [36mslice type=[0m[]frontend.Variable
[90m22:32:35[0m [33mWRN[0m [1mignoring uninitialized slice[0m [36mslice name=[0mVars [36mslice type=[0m[]frontend.Variable
[90m22:32:35[0m [33mWRN[0m [1mignoring uninitialized slice[0m [36mslice name=[0mVars [36mslice type=[0m[]frontend.Variable
[90m22:32:35[0m DBG verifier done [36mbackend=[0mgroth16 [36mcurve=[0mbn254 [36mtook=[0m0.844161
oracle=independent_row_59 checked=1101 circuit_derived=0
oracle_note=pose verdict 0, head saturation 0, logit sums [9374, 4832, 2821, 2069, -7683, -7594, -23733, -6209, -13924, 1515, -8420] match the audited parity vectors
oracle_note=typed context, typed root and uncropped commitment match row_oracle.py; coupling score numerator 56641361 (denominator 4) is circuit-derived
public_values_bytes=1101
public_values_sha256=5cf6a4bff8ae031d4df0f4ddafec4db632c76ed74f58a97676af6009c8c1cd15
prove_elapsed_ms=757233
verify_and_tamper_elapsed_ms=364
host_peak_rss_kib=Some(114020)
proof_output=/home/c/Documents/BOSUN/scratch/joined_build_20260901/proofs_fleet_20260902/row_059_groth16.bin
proof_bytes=2795 proof_sha256=f0da21949a321625ef4251a5f1f2f9ff9d33337e86d1cdcdf7e251f4c7dc2505
verified_proof=true
proof_generated=true
