classification=CANDIDATE_ORDERED_MEMBERSHIP
mode=ceremony_groth16
prover=local_cuda_explicit
row=141
trapdoor_flag_expected=1
sp1_circuit_version=v6.1.0
cycle_limit=4400000000
raw_bytes=24472000 raw_sha256=acf89b430787a0de1652f668fe527d09e01a8dbce15fde5b53347203562025be
guest_elf_bytes=1171416 guest_elf_sha256=8bcadf5373742e92eb36535680e4b9f092c00fdcf9a8f7171678c49b170f11db
sp1_vkey=0x0019d16cfe911d943315c04235c792fcccc3e0759aa3095a941b8508178e0490
setup_elapsed_ms=22528
Setting environment variables took 13.41µs
Reading R1CS took 21.97060319s
Reading proving key took 4.325642654s
Reading witness file took 594.023µs
Deserializing JSON data took 25.179286ms
Generating witness took 923.033474ms
[90m01:02:03[0m DBG constraint system solver done [36mnbConstraints=[0m15972262 [36mtook=[0m5024.505971
[90m01:02:14[0m DBG prover done [36macceleration=[0mnone [36mbackend=[0mgroth16 [36mcurve=[0mbn254 [36mnbConstraints=[0m15972262 [36mtook=[0m10976.511776
Generating proof took 16.001330324s
[90m01:02:14[0m [33mWRN[0m [1mignoring uninitialized slice[0m [36mslice name=[0mVars [36mslice type=[0m[]frontend.Variable
[90m01:02:14[0m [33mWRN[0m [1mignoring uninitialized slice[0m [36mslice name=[0mVars [36mslice type=[0m[]frontend.Variable
[90m01:02:14[0m [33mWRN[0m [1mignoring uninitialized slice[0m [36mslice name=[0mVars [36mslice type=[0m[]frontend.Variable
[90m01:02:14[0m DBG verifier done [36mbackend=[0mgroth16 [36mcurve=[0mbn254 [36mtook=[0m0.803809
oracle=independent_row_141 checked=1101 circuit_derived=0
oracle_note=pose verdict 2, head saturation 0, logit sums [792, 4305, 5280, -3396, -18956, 2143, -16763, 4797, -4367, -2690, -25362] match the audited parity vectors
oracle_note=typed context, typed root and uncropped commitment match row_oracle.py; coupling score numerator 53057094 (denominator 4) is circuit-derived
public_values_bytes=1101
public_values_sha256=74ca86fa70eaee220b100db7bb7a2592e4f4526490443d6f91349a7625da4313
prove_elapsed_ms=737526
verify_and_tamper_elapsed_ms=364
host_peak_rss_kib=Some(114000)
proof_output=/home/c/Documents/BOSUN/scratch/joined_build_20260901/proofs_fleet_20260902/row_141_groth16.bin
proof_bytes=2794 proof_sha256=5e997730c7a8dadb168d3950d407e0532653a48792a98785630ea107ea7d4829
verified_proof=true
proof_generated=true
