classification=CANDIDATE_ORDERED_MEMBERSHIP
mode=ceremony_groth16
prover=local_cuda_explicit
row=221
trapdoor_flag_expected=1
sp1_circuit_version=v6.1.0
cycle_limit=4400000000
raw_bytes=24472000 raw_sha256=4b0af1a7af2f757a198289a0812a84c4c920317899ab89467e5ca251d8a1f9ed
guest_elf_bytes=1171416 guest_elf_sha256=8bcadf5373742e92eb36535680e4b9f092c00fdcf9a8f7171678c49b170f11db
sp1_vkey=0x0019d16cfe911d943315c04235c792fcccc3e0759aa3095a941b8508178e0490
setup_elapsed_ms=22680
Setting environment variables took 91.152µs
Reading R1CS took 23.073072704s
Reading proving key took 4.316249198s
Reading witness file took 760.509µs
Deserializing JSON data took 25.7774ms
Generating witness took 827.472264ms
[90m03:10:22[0m DBG constraint system solver done [36mnbConstraints=[0m15972262 [36mtook=[0m5054.29853
[90m03:10:33[0m DBG prover done [36macceleration=[0mnone [36mbackend=[0mgroth16 [36mcurve=[0mbn254 [36mnbConstraints=[0m15972262 [36mtook=[0m10915.313266
Generating proof took 15.969936534s
[90m03:10:33[0m [33mWRN[0m [1mignoring uninitialized slice[0m [36mslice name=[0mVars [36mslice type=[0m[]frontend.Variable
[90m03:10:33[0m [33mWRN[0m [1mignoring uninitialized slice[0m [36mslice name=[0mVars [36mslice type=[0m[]frontend.Variable
[90m03:10:33[0m [33mWRN[0m [1mignoring uninitialized slice[0m [36mslice name=[0mVars [36mslice type=[0m[]frontend.Variable
[90m03:10:33[0m DBG verifier done [36mbackend=[0mgroth16 [36mcurve=[0mbn254 [36mtook=[0m0.838031
oracle=independent_row_221 checked=1101 circuit_derived=0
oracle_note=pose verdict 3, head saturation 0, logit sums [-9764, -19272, -10441, 6346, -3117, 3471, -15721, -18835, -2362, 772, -27826] match the audited parity vectors
oracle_note=typed context, typed root and uncropped commitment match row_oracle.py; coupling score numerator 44272578 (denominator 4) is circuit-derived
public_values_bytes=1101
public_values_sha256=9bc141d182db52b6e0f4d0c08d4924249bdd11c4c53f238c34429de5dd19285f
prove_elapsed_ms=756907
verify_and_tamper_elapsed_ms=363
host_peak_rss_kib=Some(114240)
proof_output=/home/c/Documents/BOSUN/scratch/joined_build_20260901/proofs_fleet_20260902/row_221_groth16.bin
proof_bytes=2795 proof_sha256=13d5f9ec09d5fd06462022d401c84e9b09daf82724d802efcdd412d64b54d414
verified_proof=true
proof_generated=true
