classification=CANDIDATE_ORDERED_MEMBERSHIP
mode=ceremony_groth16
prover=local_cuda_explicit
row=11
trapdoor_flag_expected=1
sp1_circuit_version=v6.1.0
cycle_limit=4400000000
raw_bytes=24472000 raw_sha256=f364cfad7965cbb7f119c75dd044717bab881508327a76cc435f6157bc9911ba
guest_elf_bytes=1171416 guest_elf_sha256=8bcadf5373742e92eb36535680e4b9f092c00fdcf9a8f7171678c49b170f11db
sp1_vkey=0x0019d16cfe911d943315c04235c792fcccc3e0759aa3095a941b8508178e0490
setup_elapsed_ms=22331
Setting environment variables took 133.264µs
Reading R1CS took 22.048705903s
Reading proving key took 4.314848612s
Reading witness file took 613.495µs
Deserializing JSON data took 24.999382ms
Generating witness took 970.466083ms
[90m21:15:42[0m DBG constraint system solver done [36mnbConstraints=[0m15972262 [36mtook=[0m4978.59442
[90m21:15:53[0m DBG prover done [36macceleration=[0mnone [36mbackend=[0mgroth16 [36mcurve=[0mbn254 [36mnbConstraints=[0m15972262 [36mtook=[0m10985.277747
Generating proof took 15.964164574s
[90m21:15:53[0m [33mWRN[0m [1mignoring uninitialized slice[0m [36mslice name=[0mVars [36mslice type=[0m[]frontend.Variable
[90m21:15:53[0m [33mWRN[0m [1mignoring uninitialized slice[0m [36mslice name=[0mVars [36mslice type=[0m[]frontend.Variable
[90m21:15:53[0m [33mWRN[0m [1mignoring uninitialized slice[0m [36mslice name=[0mVars [36mslice type=[0m[]frontend.Variable
[90m21:15:53[0m DBG verifier done [36mbackend=[0mgroth16 [36mcurve=[0mbn254 [36mtook=[0m0.909392
oracle=independent_row_11 checked=1101 circuit_derived=0
oracle_note=pose verdict 3, head saturation 0, logit sums [-11128, -31355, -8864, 6325, -481, -841, -8284, -19178, -959, 3201, -33703] match the audited parity vectors
oracle_note=typed context, typed root and uncropped commitment match row_oracle.py; coupling score numerator 56432142 (denominator 4) is circuit-derived
public_values_bytes=1101
public_values_sha256=5cca9d1e47547733eadf29bac037632b3a6956e87aec52ae18a6847b359cc0e1
prove_elapsed_ms=744559
verify_and_tamper_elapsed_ms=364
host_peak_rss_kib=Some(113780)
proof_output=/home/c/Documents/BOSUN/scratch/joined_build_20260901/proofs_fleet_20260902/row_011_groth16.bin
proof_bytes=2795 proof_sha256=cc8bb1f2c08a88e059effa205026c9d03e36d33fc6f659d77eecf877dffe1e18
verified_proof=true
proof_generated=true
