classification=CANDIDATE_ORDERED_MEMBERSHIP
mode=ceremony_groth16
prover=local_cuda_explicit
row=3
trapdoor_flag_expected=1
sp1_circuit_version=v6.1.0
cycle_limit=4400000000
raw_bytes=24472000 raw_sha256=8c39d68991c670e7102ddca86d037be5993ca0c48290709afa3211354aecb3d1
guest_elf_bytes=1171416 guest_elf_sha256=8bcadf5373742e92eb36535680e4b9f092c00fdcf9a8f7171678c49b170f11db
sp1_vkey=0x0019d16cfe911d943315c04235c792fcccc3e0759aa3095a941b8508178e0490
setup_elapsed_ms=20800
Setting environment variables took 15.07µs
Reading R1CS took 21.829780226s
Reading proving key took 4.306643622s
Reading witness file took 590.415µs
Deserializing JSON data took 25.439303ms
Generating witness took 772.027793ms
[90m21:02:54[0m DBG constraint system solver done [36mnbConstraints=[0m15972262 [36mtook=[0m5016.074598
[90m21:03:05[0m DBG prover done [36macceleration=[0mnone [36mbackend=[0mgroth16 [36mcurve=[0mbn254 [36mnbConstraints=[0m15972262 [36mtook=[0m11331.578777
Generating proof took 16.347953272s
[90m21:03:05[0m [33mWRN[0m [1mignoring uninitialized slice[0m [36mslice name=[0mVars [36mslice type=[0m[]frontend.Variable
[90m21:03:05[0m [33mWRN[0m [1mignoring uninitialized slice[0m [36mslice name=[0mVars [36mslice type=[0m[]frontend.Variable
[90m21:03:05[0m [33mWRN[0m [1mignoring uninitialized slice[0m [36mslice name=[0mVars [36mslice type=[0m[]frontend.Variable
[90m21:03:05[0m DBG verifier done [36mbackend=[0mgroth16 [36mcurve=[0mbn254 [36mtook=[0m0.842621
oracle=independent_row_3 checked=1101 circuit_derived=0
oracle_note=pose verdict 4, head saturation 0, logit sums [-4507, -22838, -15155, 250, 12242, 2000, -44742, -29788, -25728, 4809, 10222] match the audited parity vectors
oracle_note=typed context, typed root and uncropped commitment match row_oracle.py; coupling score numerator 43004840 (denominator 4) is circuit-derived
public_values_bytes=1101
public_values_sha256=2c773e3aebf2a63d6b1e9fc9b98d8a7b49217fb42d5c45c989284d716414b023
prove_elapsed_ms=914015
verify_and_tamper_elapsed_ms=364
host_peak_rss_kib=Some(332880)
proof_output=/home/c/Documents/BOSUN/scratch/joined_build_20260901/proofs_fleet_20260902/row_003_groth16.bin
proof_bytes=2794 proof_sha256=557e7ff9d8e15498fbdd2d559672b8c293c9ce6ef60010ed20958008c4172e3c
verified_proof=true
proof_generated=true
